<!--
	Copyright by ViCE
	Commercial use, Copyright removal or re-publishing is strictly prohibited.
-->
<map edf:definitions="editor_main">
    <object id="object (paperchase01) (1)" breakable="true" interior="20" collisions="true" alpha="255" model="14602" doublesided="true" scale="1" dimension="66" posX="3029.4004" posY="-1224.7002" posZ="10381" rotX="0" rotY="0" rotZ="0"></object>
    <object id="object (MED_OFFICE_UNIT_1) (1)" breakable="true" interior="20" collisions="true" alpha="255" model="2162" doublesided="false" scale="1" dimension="66" posX="3006.385" posY="-1237.97" posZ="10375.63" rotX="0" rotY="0" rotZ="90"></object>
    <object id="object (MED_OFFICE_UNIT_2) (1)" breakable="true" interior="20" collisions="true" alpha="255" model="2163" doublesided="false" scale="1" dimension="66" posX="3006.4004" posY="-1236.2002" posZ="10375.63" rotX="0" rotY="0" rotZ="90"></object>
    <object id="object (MED_OFFICE_UNIT_5) (1)" breakable="true" interior="20" collisions="true" alpha="255" model="2164" doublesided="false" scale="1" dimension="66" posX="3006.4004" posY="-1232.4004" posZ="10375.63" rotX="0" rotY="0" rotZ="90"></object>
    <object id="object (MED_OFFICE_UNIT_7) (1)" breakable="true" interior="20" collisions="true" alpha="255" model="2167" doublesided="false" scale="1" dimension="66" posX="3006.6006" posY="-1230.4004" posZ="10375.63" rotX="0" rotY="0" rotZ="90"></object>
    <object id="object (MED_OFFICE_UNIT_7) (2)" breakable="true" interior="20" collisions="true" alpha="255" model="2167" doublesided="false" scale="1" dimension="66" posX="3006.6006" posY="-1229.5" posZ="10375.63" rotX="0" rotY="0" rotZ="90"></object>
    <object id="object (MED_OFFICE_UNIT_7) (3)" breakable="true" interior="20" collisions="true" alpha="255" model="2167" doublesided="false" scale="1" dimension="66" posX="3006.6006" posY="-1228.5996" posZ="10375.63" rotX="0" rotY="0" rotZ="90"></object>
    <object id="object (MED_OFFICE2_CAB) (1)" breakable="true" interior="20" collisions="true" alpha="255" model="2191" doublesided="false" scale="1" dimension="66" posX="3006.9004" posY="-1226.2002" posZ="10375.6" rotX="0" rotY="0" rotZ="90"></object>
    <object id="object (FILLING_CABINET) (1)" breakable="true" interior="20" collisions="true" alpha="255" model="2197" doublesided="false" scale="1" dimension="66" posX="3007.8" posY="-1224.8" posZ="10375.6" rotX="0" rotY="0" rotZ="90"></object>
    <object id="object (FILLING_CABINET) (2)" breakable="true" interior="20" collisions="true" alpha="255" model="2197" doublesided="false" scale="1" dimension="66" posX="3007.8" posY="-1224.2" posZ="10375.6" rotX="0" rotY="0" rotZ="90"></object>
    <object id="object (FILLING_CABINET) (3)" breakable="true" interior="20" collisions="true" alpha="255" model="2197" doublesided="false" scale="1" dimension="66" posX="3007.8" posY="-1223.5" posZ="10375.6" rotX="0" rotY="0" rotZ="90"></object>
    <object id="object (MED_OFFICE5_UNIT_1) (1)" breakable="true" interior="20" collisions="true" alpha="255" model="2200" doublesided="false" scale="1" dimension="66" posX="3006.7" posY="-1220.6" posZ="10375.6" rotX="0" rotY="0" rotZ="90"></object>
    <object id="object (MED_OFFICE5_UNIT_1) (2)" breakable="true" interior="20" collisions="true" alpha="255" model="2200" doublesided="false" scale="1" dimension="66" posX="3006.7" posY="-1218.3" posZ="10375.6" rotX="0" rotY="0" rotZ="90"></object>
    <object id="object (MED_OFFICE6_MC_1) (1)" breakable="true" interior="20" collisions="true" alpha="255" model="2199" doublesided="false" scale="1" dimension="66" posX="3006.5" posY="-1214.8" posZ="10375.7" rotX="0" rotY="0" rotZ="90"></object>
    <object id="object (MED_OFFICE5_UNIT_1) (3)" breakable="true" interior="20" collisions="true" alpha="255" model="2200" doublesided="false" scale="1" dimension="66" posX="3006.4004" posY="-1212.9004" posZ="10375.6" rotX="0" rotY="0" rotZ="90"></object>
    <object id="object (PC_1) (1)" breakable="true" interior="20" collisions="true" alpha="255" model="2190" doublesided="false" scale="1" dimension="66" posX="3010.3999" posY="-1238.2" posZ="10376.6" rotX="0" rotY="0" rotZ="272"></object>
    <object id="object (PC_1) (2)" breakable="true" interior="20" collisions="true" alpha="255" model="2190" doublesided="false" scale="1" dimension="66" posX="3013.6001" posY="-1225.2" posZ="10376.4" rotX="0" rotY="0" rotZ="272"></object>
    <object id="object (PC_1) (3)" breakable="true" interior="20" collisions="true" alpha="255" model="2190" doublesided="false" scale="1" dimension="66" posX="3010.2998" posY="-1231.2002" posZ="10376.6" rotX="0" rotY="0" rotZ="272"></object>
    <object id="object (PC_1) (4)" breakable="true" interior="20" collisions="true" alpha="255" model="2190" doublesided="false" scale="1" dimension="66" posX="3010.3999" posY="-1212.7" posZ="10376.6" rotX="0" rotY="0" rotZ="280"></object>
    <object id="object (PC_1) (5)" breakable="true" interior="20" collisions="true" alpha="255" model="2190" doublesided="false" scale="1" dimension="66" posX="3010.5" posY="-1220" posZ="10376.6" rotX="0" rotY="0" rotZ="279.998"></object>
    <object id="object (lee_Plane09) (1)" breakable="true" interior="20" collisions="true" alpha="255" model="3964" doublesided="false" scale="1" dimension="66" posX="3016.6006" posY="-1235.7002" posZ="10375.55" rotX="0" rotY="90" rotZ="0"></object>
    <object id="object (lee_Plane09) (2)" breakable="true" interior="20" collisions="true" alpha="255" model="3964" doublesided="false" scale="1" dimension="66" posX="3006.1001" posY="-1235.7" posZ="10375.55" rotX="0" rotY="90" rotZ="0"></object>
    <object id="object (lee_Plane09) (4)" breakable="true" interior="20" collisions="true" alpha="255" model="3964" doublesided="false" scale="1" dimension="66" posX="3016.5" posY="-1226.0996" posZ="10375.553" rotX="0" rotY="90" rotZ="0"></object>
    <object id="object (lee_Plane09) (5)" breakable="true" interior="20" collisions="true" alpha="255" model="3964" doublesided="false" scale="1" dimension="66" posX="3006.1001" posY="-1226.1" posZ="10375.55" rotX="0" rotY="90" rotZ="0"></object>
    <object id="object (lee_Plane09) (6)" breakable="true" interior="20" collisions="true" alpha="255" model="3964" doublesided="false" scale="1" dimension="66" posX="3006" posY="-1216.5" posZ="10375.55" rotX="0" rotY="90" rotZ="0"></object>
    <object id="object (lee_Plane09) (7)" breakable="true" interior="20" collisions="true" alpha="255" model="3964" doublesided="false" scale="1" dimension="66" posX="3006" posY="-1206.9" posZ="10375.55" rotX="0" rotY="90" rotZ="0"></object>
    <object id="object (lee_Plane09) (8)" breakable="true" interior="20" collisions="true" alpha="255" model="3964" doublesided="false" scale="1" dimension="66" posX="3016.5" posY="-1216.5" posZ="10375.55" rotX="0" rotY="90" rotZ="0"></object>
    <object id="object (lee_Plane09) (9)" breakable="true" interior="20" collisions="true" alpha="255" model="3964" doublesided="false" scale="1" dimension="66" posX="3016.5" posY="-1206.9004" posZ="10375.55" rotX="0" rotY="90" rotZ="0"></object>
    <object id="object (lee_Plane09) (11)" breakable="true" interior="20" collisions="true" alpha="255" model="3964" doublesided="false" scale="1" dimension="66" posX="3027" posY="-1226.0996" posZ="10375.55" rotX="0" rotY="90" rotZ="0"></object>
    <object id="object (lee_Plane09) (12)" breakable="true" interior="20" collisions="true" alpha="255" model="3964" doublesided="false" scale="1" dimension="66" posX="3027" posY="-1216.5" posZ="10375.55" rotX="0" rotY="90" rotZ="0"></object>
    <object id="object (lee_Plane09) (13)" breakable="true" interior="20" collisions="true" alpha="255" model="3964" doublesided="false" scale="1" dimension="66" posX="3027.1001" posY="-1206.9" posZ="10375.55" rotX="0" rotY="90" rotZ="0"></object>
    <object id="object (lee_Plane09) (14)" breakable="true" interior="20" collisions="true" alpha="255" model="3964" doublesided="false" scale="1" dimension="66" posX="3027" posY="-1235.7" posZ="10375.552" rotX="0" rotY="90" rotZ="0"></object>
    <object id="object (lee_Plane09) (15)" breakable="true" interior="20" collisions="true" alpha="255" model="3964" doublesided="false" scale="1" dimension="66" posX="3037.5" posY="-1224.7998" posZ="10375.55" rotX="0" rotY="90" rotZ="0"></object>
    <object id="object (lee_Plane09) (17)" breakable="true" interior="20" collisions="true" alpha="255" model="3964" doublesided="false" scale="1" dimension="66" posX="3048" posY="-1224.7998" posZ="10375.55" rotX="0" rotY="90" rotZ="0"></object>
    <object id="object (wglasssmash) (1)" breakable="true" interior="20" collisions="true" alpha="255" model="1649" doublesided="true" scale="1" dimension="66" posX="3010.7" posY="-1238" posZ="10378.2" rotX="0" rotY="0" rotZ="270"></object>
    <object id="object (wglasssmash) (2)" breakable="true" interior="20" collisions="true" alpha="255" model="1649" doublesided="true" scale="1" dimension="66" posX="3010.7" posY="-1233.6" posZ="10378.2" rotX="0" rotY="0" rotZ="270"></object>
    <object id="object (wglasssmash) (3)" breakable="true" interior="20" collisions="true" alpha="255" model="1649" doublesided="true" scale="1" dimension="66" posX="3010.7" posY="-1229.2" posZ="10378.2" rotX="0" rotY="0" rotZ="270"></object>
    <object id="object (wglasssmash) (4)" breakable="true" interior="20" collisions="true" alpha="255" model="1649" doublesided="true" scale="1" dimension="66" posX="3010.7" posY="-1220.5" posZ="10378.2" rotX="0" rotY="0" rotZ="270"></object>
    <object id="object (wglasssmash) (5)" breakable="true" interior="20" collisions="true" alpha="255" model="1649" doublesided="true" scale="1" dimension="66" posX="3010.7" posY="-1216.1" posZ="10378.2" rotX="0" rotY="0" rotZ="270"></object>
    <object id="object (wglasssmash) (6)" breakable="true" interior="20" collisions="true" alpha="255" model="1649" doublesided="true" scale="1" dimension="66" posX="3010.7" posY="-1211.7" posZ="10378.2" rotX="0" rotY="0" rotZ="270"></object>
    <object id="object (wglasssmash) (7)" breakable="true" interior="20" collisions="true" alpha="255" model="1649" doublesided="true" scale="1" dimension="66" posX="3010.7" posY="-1207.3" posZ="10378.2" rotX="0" rotY="0" rotZ="270"></object>
    <object id="object (wglasssmash) (8)" breakable="true" interior="20" collisions="true" alpha="255" model="1649" doublesided="true" scale="1" dimension="66" posX="3010.7" posY="-1242.4" posZ="10378.2" rotX="0" rotY="0" rotZ="270"></object>
    <object id="object (wglasssmash) (12)" breakable="true" interior="20" collisions="true" alpha="255" model="1649" doublesided="true" scale="1" dimension="66" posX="3021.8" posY="-1216.7" posZ="10377.3" rotX="0" rotY="0" rotZ="270"></object>
    <object id="object (wglasssmash) (13)" breakable="true" interior="20" collisions="true" alpha="255" model="1649" doublesided="true" scale="1" dimension="66" posX="3021.8" posY="-1212.3" posZ="10377.3" rotX="0" rotY="0" rotZ="270"></object>
    <object id="object (wglasssmash) (14)" breakable="true" interior="20" collisions="true" alpha="255" model="1649" doublesided="true" scale="1" dimension="66" posX="3021.8" posY="-1207.9" posZ="10377.3" rotX="0" rotY="0" rotZ="270"></object>
    <object id="object (wglasssmash) (15)" breakable="true" interior="20" collisions="true" alpha="255" model="1649" doublesided="true" scale="1" dimension="66" posX="3026.6001" posY="-1219" posZ="10377.3" rotX="0" rotY="0" rotZ="0"></object>
    <object id="object (wglasssmash) (16)" breakable="true" interior="20" collisions="true" alpha="255" model="1649" doublesided="true" scale="1" dimension="66" posX="3031" posY="-1219" posZ="10377.3" rotX="0" rotY="0" rotZ="0"></object>
    <object id="object (imcmptrkdrl_LAS) (2)" breakable="true" interior="20" collisions="true" alpha="255" model="1965" doublesided="false" scale="1" dimension="66" posX="3006.3999" posY="-1226.3" posZ="10377.4" rotX="0" rotY="0" rotZ="0"></object>
    <object id="object (imcmptrkdrl_LAS) (3)" breakable="true" interior="20" collisions="true" alpha="255" model="1965" doublesided="false" scale="1" dimension="66" posX="3006.3999" posY="-1216.7" posZ="10377.4" rotX="0" rotY="0" rotZ="0"></object>
    <object id="object (imcmptrkdrl_LAS) (4)" breakable="true" interior="20" collisions="true" alpha="255" model="1965" doublesided="false" scale="1" dimension="66" posX="3006.3999" posY="-1207.1" posZ="10377.4" rotX="0" rotY="0" rotZ="0"></object>
    <object id="object (imcmptrkdrl_LAS) (5)" breakable="true" interior="20" collisions="true" alpha="255" model="1965" doublesided="false" scale="1" dimension="66" posX="3006.4004" posY="-1235.9004" posZ="10377.4" rotX="0" rotY="0" rotZ="0"></object>
    <object id="object (imcmptrkdrl_LAS) (7)" breakable="true" interior="20" collisions="true" alpha="255" model="1965" doublesided="false" scale="1" dimension="66" posX="3006.4004" posY="-1235.9004" posZ="10380.9" rotX="0" rotY="0" rotZ="0"></object>
    <object id="object (imcmptrkdrl_LAS) (8)" breakable="true" interior="20" collisions="true" alpha="255" model="1965" doublesided="false" scale="1" dimension="66" posX="3006.3999" posY="-1226.3" posZ="10380.9" rotX="0" rotY="0" rotZ="0"></object>
    <object id="object (imcmptrkdrl_LAS) (9)" breakable="true" interior="20" collisions="true" alpha="255" model="1965" doublesided="false" scale="1" dimension="66" posX="3006.3999" posY="-1216.7" posZ="10380.9" rotX="0" rotY="0" rotZ="0"></object>
    <object id="object (imcmptrkdrl_LAS) (10)" breakable="true" interior="20" collisions="true" alpha="255" model="1965" doublesided="false" scale="1" dimension="66" posX="3006.3999" posY="-1207.1" posZ="10380.9" rotX="0" rotY="0" rotZ="0"></object>
    <object id="object (lib_street14) (5)" breakable="true" interior="20" collisions="true" alpha="255" model="3895" doublesided="false" scale="1" dimension="66" posX="3032" posY="-1220.4" posZ="10377.4" rotX="0" rotY="0" rotZ="270"></object>
    <object id="object (lib_street14) (6)" breakable="true" interior="20" collisions="true" alpha="255" model="3895" doublesided="false" scale="1" dimension="66" posX="3035.2" posY="-1220.4" posZ="10377.4" rotX="0" rotY="0" rotZ="270"></object>
    <object id="object (lib_street14) (7)" breakable="true" interior="20" collisions="true" alpha="255" model="3895" doublesided="false" scale="1" dimension="66" posX="3038.4004" posY="-1220.4004" posZ="10377.4" rotX="0" rotY="0" rotZ="270"></object>
    <object id="object (lib_street14) (8)" breakable="true" interior="20" collisions="true" alpha="255" model="3895" doublesided="false" scale="1" dimension="66" posX="3041.6001" posY="-1220.4" posZ="10377.4" rotX="0" rotY="0" rotZ="270"></object>
    <object id="object (lib_street14) (9)" breakable="true" interior="20" collisions="true" alpha="255" model="3895" doublesided="false" scale="1" dimension="66" posX="3044.7998" posY="-1220.4004" posZ="10377.4" rotX="0" rotY="0" rotZ="270"></object>
    <object id="object (lib_street14) (10)" breakable="true" interior="20" collisions="true" alpha="255" model="3895" doublesided="false" scale="1" dimension="66" posX="3032" posY="-1229" posZ="10377.4" rotX="0" rotY="0" rotZ="270"></object>
    <object id="object (lib_street14) (11)" breakable="true" interior="20" collisions="true" alpha="255" model="3895" doublesided="false" scale="1" dimension="66" posX="3035.2" posY="-1229" posZ="10377.4" rotX="0" rotY="0" rotZ="270"></object>
    <object id="object (lib_street14) (12)" breakable="true" interior="20" collisions="true" alpha="255" model="3895" doublesided="false" scale="1" dimension="66" posX="3038.3999" posY="-1229" posZ="10377.4" rotX="0" rotY="0" rotZ="270"></object>
    <object id="object (lib_street14) (14)" breakable="true" interior="20" collisions="true" alpha="255" model="3895" doublesided="false" scale="1" dimension="66" posX="3041.6001" posY="-1229" posZ="10377.4" rotX="0" rotY="0" rotZ="270"></object>
    <object id="object (lib_street14) (15)" breakable="true" interior="20" collisions="true" alpha="255" model="3895" doublesided="false" scale="1" dimension="66" posX="3044.7998" posY="-1228.9004" posZ="10377.4" rotX="0" rotY="0" rotZ="270"></object>
    <object id="object (lib_street14) (16)" breakable="true" interior="20" collisions="true" alpha="255" model="3895" doublesided="false" scale="1" dimension="66" posX="3043.5" posY="-1222" posZ="10377.4" rotX="0" rotY="0" rotZ="180"></object>
    <object id="object (lib_street14) (17)" breakable="true" interior="20" collisions="true" alpha="255" model="3895" doublesided="false" scale="1" dimension="66" posX="3043.5" posY="-1225.1" posZ="10377.4" rotX="0" rotY="0" rotZ="179.995"></object>
    <object id="object (lib_street14) (18)" breakable="true" interior="20" collisions="true" alpha="255" model="3895" doublesided="false" scale="1" dimension="66" posX="3043.5" posY="-1228.2998" posZ="10377.4" rotX="0" rotY="0" rotZ="179.995"></object>
    <object id="object (vgsN_constrbeam) (2)" breakable="true" interior="20" collisions="true" alpha="255" model="3529" doublesided="false" scale="1" dimension="66" posX="3026.9004" posY="-1220.9004" posZ="10380" rotX="0" rotY="0" rotZ="0"></object>
    <object id="object (vgsN_constrbeam) (3)" breakable="true" interior="20" collisions="true" alpha="255" model="3529" doublesided="false" scale="1" dimension="66" posX="3017.3" posY="-1220.9" posZ="10375" rotX="0" rotY="0" rotZ="0"></object>
    <object id="object (vgsN_constrbeam) (4)" breakable="true" interior="20" collisions="true" alpha="255" model="3529" doublesided="false" scale="1" dimension="66" posX="3017.5" posY="-1228.3" posZ="10378" rotX="0" rotY="0" rotZ="0"></object>
    <object id="object (vgsN_constrbeam) (5)" breakable="true" interior="20" collisions="true" alpha="255" model="3529" doublesided="false" scale="1" dimension="66" posX="3017.2998" posY="-1220.9004" posZ="10380" rotX="0" rotY="0" rotZ="0"></object>
    <object id="object (vgsN_constrbeam) (6)" breakable="true" interior="20" collisions="true" alpha="255" model="3529" doublesided="false" scale="1" dimension="66" posX="3017.5" posY="-1228.2998" posZ="10383" rotX="0" rotY="0" rotZ="0"></object>
    <object id="object (vgsN_constrbeam) (7)" breakable="true" interior="20" collisions="true" alpha="255" model="3529" doublesided="false" scale="1" dimension="66" posX="3026.9004" posY="-1220.9004" posZ="10375" rotX="0" rotY="0" rotZ="0"></object>
    <object id="object (PHOTOCOPIER_2) (1)" breakable="true" interior="20" collisions="true" alpha="255" model="2202" doublesided="false" scale="1" dimension="66" posX="3031.1001" posY="-1220.9" posZ="10375.6" rotX="0" rotY="0" rotZ="0"></object>
    <object id="object (PHOTOCOPIER_2) (2)" breakable="true" interior="20" collisions="true" alpha="255" model="2202" doublesided="false" scale="1" dimension="66" posX="3007.5" posY="-1209.2" posZ="10375.6" rotX="0" rotY="0" rotZ="0"></object>
    <object id="object (CJ_WATERCOOLER2) (1)" breakable="true" interior="20" collisions="true" alpha="255" model="1808" doublesided="false" scale="1" dimension="66" posX="3017.8999" posY="-1209.1" posZ="10375.6" rotX="0" rotY="0" rotZ="0"></object>
    <object id="object (kmb_atm1) (1)" breakable="true" interior="20" collisions="true" alpha="255" model="2942" doublesided="false" scale="1" dimension="66" posX="3012.5" posY="-1209.5" posZ="10376.3" rotX="0" rotY="0" rotZ="0"></object>
    <object id="object (kmb_atm1) (2)" breakable="true" interior="20" collisions="true" alpha="255" model="2942" doublesided="false" scale="1" dimension="66" posX="3034" posY="-1221" posZ="10376.3" rotX="0" rotY="0" rotZ="0"></object>
    <object id="object (kmb_atm1) (3)" breakable="true" interior="20" collisions="true" alpha="255" model="2942" doublesided="false" scale="1" dimension="66" posX="3036.2002" posY="-1220.9004" posZ="10376.3" rotX="0" rotY="0" rotZ="0"></object>
    <object id="object (kmb_atm1) (4)" breakable="true" interior="20" collisions="true" alpha="255" model="2942" doublesided="false" scale="1" dimension="66" posX="3038.5" posY="-1220.90002" posZ="10376.2998" rotX="0" rotY="0" rotZ="0"></object>
    <object id="object (Gen_doorEXT16) (1)" breakable="true" interior="20" collisions="true" alpha="255" model="1537" doublesided="false" scale="1" dimension="66" posX="3043.3899" posY="-1224.8" posZ="10375.6" rotX="0" rotY="0" rotZ="270"></object>
    <object id="object (ab_mafsuiteDoor) (1)" breakable="true" interior="20" collisions="true" alpha="255" model="14638" doublesided="false" scale="1" dimension="66" posX="3018.7" posY="-1208.9" posZ="10375.6" rotX="0" rotY="0" rotZ="270"></object>
    <object id="object (lib_street14) (19)" breakable="true" interior="20" collisions="true" alpha="255" model="3895" doublesided="false" scale="1" dimension="66" posX="3019.8999" posY="-1208.8" posZ="10377.4" rotX="0" rotY="0" rotZ="269.995"></object>
    <object id="object (Gen_doorEXT16) (2)" breakable="true" interior="20" collisions="true" alpha="255" model="1537" doublesided="false" scale="1" dimension="66" posX="3043.3899" posY="-1226.3" posZ="10375.6" rotX="0" rotY="0" rotZ="270"></object>
    <object id="object (MED_OFFICE_CHAIR) (1)" breakable="true" interior="20" collisions="true" alpha="255" model="1806" doublesided="false" scale="1" dimension="66" posX="3008.2" posY="-1217.1" posZ="10375.6" rotX="0" rotY="0" rotZ="272"></object>
    <object id="object (MED_OFFICE_CHAIR) (2)" breakable="true" interior="20" collisions="true" alpha="255" model="1806" doublesided="false" scale="1" dimension="66" posX="3008.2002" posY="-1211.5996" posZ="10375.6" rotX="0" rotY="0" rotZ="272"></object>
    <object id="object (MED_OFFICE_CHAIR) (3)" breakable="true" interior="20" collisions="true" alpha="255" model="1806" doublesided="false" scale="1" dimension="66" posX="3008.1001" posY="-1229.9" posZ="10375.6" rotX="0" rotY="0" rotZ="272"></object>
    <object id="object (MED_OFFICE_CHAIR) (4)" breakable="true" interior="20" collisions="true" alpha="255" model="1806" doublesided="false" scale="1" dimension="66" posX="3008.3999" posY="-1237.2" posZ="10375.6" rotX="0" rotY="0" rotZ="272"></object>
    <object id="object (MED_DIN_CHAIR_5) (1)" breakable="true" interior="20" collisions="true" alpha="255" model="1811" doublesided="false" scale="1" dimension="66" posX="3030" posY="-1229.7" posZ="10376.3" rotX="0" rotY="0" rotZ="0"></object>
    <object id="object (MED_DIN_CHAIR_5) (2)" breakable="true" interior="20" collisions="true" alpha="255" model="1811" doublesided="false" scale="1" dimension="66" posX="3021.3" posY="-1235" posZ="10376.3" rotX="0" rotY="0" rotZ="0"></object>
    <object id="object (MED_DIN_CHAIR_5) (3)" breakable="true" interior="20" collisions="true" alpha="255" model="1811" doublesided="false" scale="1" dimension="66" posX="3029.9004" posY="-1231" posZ="10376.3" rotX="0" rotY="0" rotZ="0"></object>
    <object id="object (MED_DIN_CHAIR_5) (4)" breakable="true" interior="20" collisions="true" alpha="255" model="1811" doublesided="false" scale="1" dimension="66" posX="3029.9004" posY="-1231" posZ="10376.3" rotX="0" rotY="0" rotZ="0"></object>
    <object id="object (MED_DIN_CHAIR_5) (5)" breakable="true" interior="20" collisions="true" alpha="255" model="1811" doublesided="false" scale="1" dimension="66" posX="3021.3" posY="-1232.6" posZ="10376.3" rotX="0" rotY="0" rotZ="0"></object>
    <object id="object (MED_DIN_CHAIR_5) (6)" breakable="true" interior="20" collisions="true" alpha="255" model="1811" doublesided="false" scale="1" dimension="66" posX="3021.3" posY="-1233.7" posZ="10376.3" rotX="0" rotY="0" rotZ="0"></object>
    <object id="object (MED_DIN_CHAIR_5) (8)" breakable="true" interior="20" collisions="true" alpha="255" model="1811" doublesided="false" scale="1" dimension="66" posX="3021.3" posY="-1236.3" posZ="10376.3" rotX="0" rotY="0" rotZ="0"></object>
    <object id="object (MED_DIN_CHAIR_5) (9)" breakable="true" interior="20" collisions="true" alpha="255" model="1811" doublesided="false" scale="1" dimension="66" posX="3021.3" posY="-1239.2" posZ="10376.3" rotX="0" rotY="0" rotZ="0"></object>
    <object id="object (MED_DIN_CHAIR_5) (10)" breakable="true" interior="20" collisions="true" alpha="255" model="1811" doublesided="false" scale="1" dimension="66" posX="3021.3" posY="-1237.8" posZ="10376.3" rotX="0" rotY="0" rotZ="0"></object>
    <object id="object (MED_OFFICE_CHAIR) (5)" breakable="true" interior="20" collisions="true" alpha="255" model="1806" doublesided="false" scale="1" dimension="66" posX="3011.5" posY="-1224.6" posZ="10375.6" rotX="0" rotY="0" rotZ="272"></object>
    <object id="object (CJ_SPRUNK1) (1)" breakable="true" interior="20" collisions="true" alpha="255" model="1775" doublesided="false" scale="1" dimension="66" posX="3014.3" posY="-1209.2" posZ="10376.7" rotX="0" rotY="0" rotZ="0"></object>
    <object id="object (CJ_CANDYVENDOR) (1)" breakable="true" interior="20" collisions="true" alpha="255" model="1776" doublesided="false" scale="1" dimension="66" posX="3015.6001" posY="-1209.3" posZ="10376.7" rotX="0" rotY="0" rotZ="0"></object>
    <object id="object (wglasssmash) (17)" breakable="true" interior="20" collisions="true" alpha="255" model="1649" doublesided="true" scale="1" dimension="66" posX="3030.4004" posY="-1228.2998" posZ="10377.3" rotX="0" rotY="0" rotZ="270"></object>
    <object id="object (wglasssmash) (18)" breakable="true" interior="20" collisions="true" alpha="255" model="1649" doublesided="true" scale="1" dimension="66" posX="3030.4004" posY="-1221" posZ="10377.3" rotX="0" rotY="0" rotZ="270"></object>
    <object id="object (officedesk1l) (1)" breakable="true" interior="20" collisions="true" alpha="255" model="1998" doublesided="true" scale="1" dimension="66" posX="3022.5" posY="-1210.5" posZ="10375.6" rotX="0" rotY="0" rotZ="0"></object>
    <object id="object (officedesk1) (1)" breakable="true" interior="20" collisions="true" alpha="255" model="2008" doublesided="false" scale="1" dimension="66" posX="3025.3999" posY="-1215.3" posZ="10375.6" rotX="0" rotY="0" rotZ="180"></object>
    <object id="object (officedesk1) (2)" breakable="true" interior="20" collisions="true" alpha="255" model="2008" doublesided="false" scale="1" dimension="66" posX="3027.4004" posY="-1218.2998" posZ="10375.6" rotX="0" rotY="0" rotZ="179.995"></object>
    <object id="object (officedesk1) (3)" breakable="true" interior="20" collisions="true" alpha="255" model="2008" doublesided="false" scale="1" dimension="66" posX="3029" posY="-1215.9" posZ="10375.6" rotX="0" rotY="0" rotZ="179.995"></object>
    <object id="object (officedesk1l) (3)" breakable="true" interior="20" collisions="true" alpha="255" model="1998" doublesided="true" scale="1" dimension="66" posX="3028.8999" posY="-1209.4" posZ="10375.6" rotX="0" rotY="0" rotZ="270"></object>
    <object id="object (officedesk1) (4)" breakable="true" interior="20" collisions="true" alpha="255" model="2008" doublesided="false" scale="1" dimension="66" posX="3028.3999" posY="-1212.7" posZ="10375.6" rotX="0" rotY="0" rotZ="179.995"></object>
    <object id="object (MED_OFFICE_CHAIR) (6)" breakable="true" interior="20" collisions="true" alpha="255" model="1806" doublesided="false" scale="1" dimension="66" posX="3027.7" posY="-1211.9" posZ="10375.6" rotX="0" rotY="0" rotZ="202"></object>
    <object id="object (MED_OFFICE_CHAIR) (7)" breakable="true" interior="20" collisions="true" alpha="255" model="1806" doublesided="false" scale="1" dimension="66" posX="3028.3" posY="-1215.5" posZ="10375.6" rotX="0" rotY="0" rotZ="201.995"></object>
    <object id="object (MED_OFFICE_CHAIR) (8)" breakable="true" interior="20" collisions="true" alpha="255" model="1806" doublesided="false" scale="1" dimension="66" posX="3024.6001" posY="-1214.7" posZ="10375.6" rotX="0" rotY="0" rotZ="165.995"></object>
    <object id="object (MED_OFFICE_CHAIR) (9)" breakable="true" interior="20" collisions="true" alpha="255" model="1806" doublesided="false" scale="1" dimension="66" posX="3029.1001" posY="-1210.1" posZ="10375.6" rotX="0" rotY="0" rotZ="233.992"></object>
    <object id="object (MED_OFFICE_CHAIR) (10)" breakable="true" interior="20" collisions="true" alpha="255" model="1806" doublesided="false" scale="1" dimension="66" posX="3023.2" posY="-1210.4" posZ="10375.6" rotX="0" rotY="0" rotZ="323.992"></object>
    <object id="object (MED_DIN_CHAIR_5) (12)" breakable="true" interior="20" collisions="true" alpha="255" model="1811" doublesided="false" scale="1" dimension="66" posX="3024.8" posY="-1216.3" posZ="10376.3" rotX="0" rotY="0" rotZ="276"></object>
    <object id="object (MED_DIN_CHAIR_5) (13)" breakable="true" interior="20" collisions="true" alpha="255" model="1811" doublesided="false" scale="1" dimension="66" posX="3027.9004" posY="-1214" posZ="10376.3" rotX="0" rotY="0" rotZ="275.999"></object>
    <object id="object (MED_DIN_CHAIR_5) (14)" breakable="true" interior="20" collisions="true" alpha="255" model="1811" doublesided="false" scale="1" dimension="66" posX="3028.4004" posY="-1216.9004" posZ="10376.3" rotX="0" rotY="0" rotZ="275.999"></object>
    <object id="object (CJ_SEX_TV) (1)" breakable="true" interior="20" collisions="true" alpha="255" model="2596" doublesided="false" scale="1" dimension="66" posX="3006.7" posY="-1222.6" posZ="10377.6" rotX="0" rotY="0" rotZ="90"></object>
    <object id="object (CJ_SEX_TV) (2)" breakable="true" interior="20" collisions="true" alpha="255" model="2596" doublesided="false" scale="1" dimension="66" posX="3026.7998" posY="-1221.5996" posZ="10379.8" rotX="0" rotY="0" rotZ="0"></object>
    <object id="object (CJ_SEX_TV) (3)" breakable="true" interior="20" collisions="true" alpha="255" model="2596" doublesided="false" scale="1" dimension="66" posX="3012.5" posY="-1209.0996" posZ="10379.7" rotX="0" rotY="0" rotZ="0"></object>
    <object id="object (tv_stand_bike) (1)" breakable="true" interior="20" collisions="true" alpha="255" model="14604" doublesided="false" scale="1" dimension="66" posX="3007.1001" posY="-1239.7" posZ="10376.6" rotX="0" rotY="0" rotZ="0"></object>
    <object id="object (int2Vase) (1)" breakable="true" interior="20" collisions="true" alpha="255" model="14705" doublesided="false" scale="1" dimension="66" posX="3021.5" posY="-1232" posZ="10375.9" rotX="0" rotY="0" rotZ="0"></object>
    <object id="object (MED_OFFICE_UNIT_7) (4)" breakable="true" interior="20" collisions="true" alpha="255" model="2167" doublesided="false" scale="1" dimension="66" posX="3016.2" posY="-1240.3" posZ="10375.6" rotX="0" rotY="0" rotZ="179.995"></object>
    <object id="object (MED_OFFICE_UNIT_7) (6)" breakable="true" interior="20" collisions="true" alpha="255" model="2167" doublesided="false" scale="1" dimension="66" posX="3017.1001" posY="-1240.3" posZ="10375.6" rotX="0" rotY="0" rotZ="179.995"></object>
    <object id="object (MED_OFFICE_UNIT_5) (2)" breakable="true" interior="20" collisions="true" alpha="255" model="2164" doublesided="false" scale="1" dimension="66" posX="3015.3" posY="-1240.4" posZ="10375.6" rotX="0" rotY="0" rotZ="180"></object>
    <object id="object (MED_OFFICE_UNIT_5) (3)" breakable="true" interior="20" collisions="true" alpha="255" model="2164" doublesided="false" scale="1" dimension="66" posX="3013.5" posY="-1240.4" posZ="10375.6" rotX="0" rotY="0" rotZ="179.995"></object>
    <object id="object (veg_palmkb2) (4)" breakable="true" interior="20" collisions="true" alpha="255" model="626" doublesided="false" scale="1" dimension="66" posX="3025.9004" posY="-1221" posZ="10377.7" rotX="0" rotY="0" rotZ="0"></object>
    <object id="object (veg_palmkb2) (6)" breakable="true" interior="20" collisions="true" alpha="255" model="626" doublesided="false" scale="1" dimension="66" posX="3018.8999" posY="-1228.1" posZ="10377.7" rotX="0" rotY="0" rotZ="0"></object>
    <object id="object (veg_palmkb2) (7)" breakable="true" interior="20" collisions="true" alpha="255" model="626" doublesided="false" scale="1" dimension="66" posX="3018.5" posY="-1220.9" posZ="10377.7" rotX="0" rotY="0" rotZ="0"></object>
    <object id="object (veg_palmkb2) (8)" breakable="true" interior="20" collisions="true" alpha="255" model="626" doublesided="false" scale="1" dimension="66" posX="3021.2" posY="-1209.9" posZ="10377.7" rotX="0" rotY="0" rotZ="0"></object>
    <object id="object (veg_palmkb2) (9)" breakable="true" interior="20" collisions="true" alpha="255" model="626" doublesided="false" scale="1" dimension="66" posX="3030" posY="-1218.4" posZ="10377.7" rotX="0" rotY="0" rotZ="0"></object>
    <object id="object (veg_palmkb2) (11)" breakable="true" interior="20" collisions="true" alpha="255" model="626" doublesided="false" scale="1" dimension="66" posX="3011.6001" posY="-1209.4" posZ="10377.7" rotX="0" rotY="0" rotZ="0"></object>
    <object id="object (veg_palmkb2) (12)" breakable="true" interior="20" collisions="true" alpha="255" model="626" doublesided="false" scale="1" dimension="66" posX="3011.6006" posY="-1239.9004" posZ="10377.7" rotX="0" rotY="0" rotZ="0"></object>
    <object id="object (nt_securecam1_01) (1)" breakable="true" interior="20" collisions="true" alpha="255" model="1616" doublesided="false" scale="1" dimension="66" posX="3017.3" posY="-1227.6" posZ="10380.3" rotX="0" rotY="0" rotZ="0"></object>
    <object id="object (nt_securecam1_01) (2)" breakable="true" interior="20" collisions="true" alpha="255" model="1616" doublesided="false" scale="1" dimension="66" posX="3030.3" posY="-1224.9" posZ="10380.6" rotX="0" rotY="0" rotZ="0"></object>
    <object id="object (nt_securecam1_01) (3)" breakable="true" interior="20" collisions="true" alpha="255" model="1616" doublesided="false" scale="1" dimension="66" posX="3043.3999" posY="-1228.7" posZ="10378.6" rotX="0" rotY="0" rotZ="0"></object>
    <object id="object (nt_securecam1_01) (4)" breakable="true" interior="20" collisions="true" alpha="255" model="1616" doublesided="false" scale="1" dimension="66" posX="3011.2" posY="-1240.2" posZ="10380.7" rotX="0" rotY="0" rotZ="0"></object>
    <object id="object (vault_door) (1)" breakable="true" interior="20" collisions="true" alpha="255" model="14576" doublesided="true" scale="1" dimension="66" posX="3021.6006" posY="-1223.9004" posZ="10371.2" rotX="0" rotY="0" rotZ="0.247"></object>
    <object id="object (vgsN_constrbeam) (9)" breakable="true" interior="20" collisions="true" alpha="255" model="3529" doublesided="false" scale="1" dimension="66" posX="3027.1006" posY="-1228.5" posZ="10378.6" rotX="0" rotY="0" rotZ="0"></object>
    <object id="object (MED_OFFICE_UNIT_7) (8)" breakable="true" interior="20" collisions="true" alpha="255" model="2167" doublesided="false" scale="1" dimension="66" posX="3008.7002" posY="-1240.5" posZ="10375.6" rotX="0" rotY="0" rotZ="179.995"></object>
    <object id="object (CJ_MONEY_BAG) (1)" breakable="true" interior="20" collisions="true" alpha="255" model="1550" doublesided="false" scale="1" dimension="66" posX="3018.5" posY="-1200.6" posZ="10363.4" rotX="0" rotY="0" rotZ="0"></object>
    <object id="object (CJ_MONEY_BAG) (2)" breakable="true" interior="20" collisions="true" alpha="255" model="1550" doublesided="false" scale="1" dimension="66" posX="3018.8999" posY="-1200.8" posZ="10363.4" rotX="0" rotY="0" rotZ="0"></object>
    <object id="object (CJ_MONEY_BAG) (3)" breakable="true" interior="20" collisions="true" alpha="255" model="1550" doublesided="false" scale="1" dimension="66" posX="3024.3999" posY="-1215.5" posZ="10363.4" rotX="0" rotY="0" rotZ="0"></object>
    <object id="object (CJ_MONEY_BAG) (4)" breakable="true" interior="20" collisions="true" alpha="255" model="1550" doublesided="false" scale="1" dimension="66" posX="3024" posY="-1215.7" posZ="10363.4" rotX="0" rotY="0" rotZ="0"></object>
    <object id="object (CJ_MONEY_BAG) (5)" breakable="true" interior="20" collisions="true" alpha="255" model="1550" doublesided="false" scale="1" dimension="66" posX="3018.6001" posY="-1215.5" posZ="10363.4" rotX="0" rotY="0" rotZ="0"></object>
    <object id="object (CJ_MONEY_BAG) (6)" breakable="true" interior="20" collisions="true" alpha="255" model="1550" doublesided="false" scale="1" dimension="66" posX="3019" posY="-1215.7" posZ="10363.4" rotX="0" rotY="0" rotZ="0"></object>
    <object id="object (CJ_S1_legs) (1)" breakable="true" interior="20" collisions="true" alpha="255" model="2761" doublesided="false" scale="1" dimension="66" posX="3020.1001" posY="-1239.5" posZ="10377.4" rotX="0" rotY="0" rotZ="0"></object>
    <object id="object (ab_warehouseShelf) (1)" breakable="true" interior="20" collisions="true" alpha="255" model="2567" doublesided="false" scale="1" dimension="66" posX="3010.2998" posY="-1235.2002" posZ="10364.8" rotX="0" rotY="0" rotZ="0"></object>
    <object id="object (ab_warehouseShelf) (2)" breakable="true" interior="20" collisions="true" alpha="255" model="2567" doublesided="false" scale="1" dimension="66" posX="3032.6006" posY="-1235.0996" posZ="10364.8" rotX="0" rotY="0" rotZ="0"></object>
    <object id="object (CJ_S1_legs) (2)" breakable="true" interior="20" collisions="true" alpha="255" model="2761" doublesided="false" scale="1" dimension="66" posX="3020.8999" posY="-1238.7" posZ="10377.4" rotX="0" rotY="0" rotZ="269.75"></object>
    <object id="object (ab_warehouseShelf) (3)" breakable="true" interior="20" collisions="true" alpha="255" model="2567" doublesided="false" scale="1" dimension="66" posX="3032.2998" posY="-1217.5996" posZ="10364.8" rotX="0" rotY="0" rotZ="0"></object>
    <object id="object (ab_warehouseShelf) (4)" breakable="true" interior="20" collisions="true" alpha="255" model="2567" doublesided="false" scale="1" dimension="66" posX="3010.2998" posY="-1217.7002" posZ="10364.9" rotX="0" rotY="0" rotZ="0"></object>
    <object id="object (CJ_S1_legs) (3)" breakable="true" interior="20" collisions="true" alpha="255" model="2761" doublesided="false" scale="1" dimension="66" posX="3020.1006" posY="-1239.5" posZ="10380.9" rotX="0" rotY="0" rotZ="0"></object>
    <object id="object (imy_bbox) (1)" breakable="true" interior="20" collisions="true" alpha="255" model="2991" doublesided="false" scale="1" dimension="66" posX="3029.6001" posY="-1223.2" posZ="10363.8" rotX="0" rotY="0" rotZ="0"></object>
    <object id="object (imy_bbox) (2)" breakable="true" interior="20" collisions="true" alpha="255" model="2991" doublesided="false" scale="1" dimension="66" posX="3030.1001" posY="-1228.7" posZ="10363.7" rotX="0" rotY="0" rotZ="0"></object>
    <object id="object (imy_bbox) (3)" breakable="true" interior="20" collisions="true" alpha="255" model="2991" doublesided="false" scale="1" dimension="66" posX="3011.2002" posY="-1228.0996" posZ="10363.8" rotX="0" rotY="0" rotZ="0"></object>
    <object id="object (CJ_S1_legs) (4)" breakable="true" interior="20" collisions="true" alpha="255" model="2761" doublesided="false" scale="1" dimension="66" posX="3020.8999" posY="-1238.7" posZ="10380.9" rotX="0" rotY="0" rotZ="270"></object>
    <object id="object (imy_bbox) (4)" breakable="true" interior="20" collisions="true" alpha="255" model="2991" doublesided="false" scale="1" dimension="66" posX="3011" posY="-1223.2002" posZ="10363.741" rotX="0" rotY="0" rotZ="0"></object>
    <object id="object (CJ_S1_legs) (5)" breakable="true" interior="20" collisions="true" alpha="255" model="2761" doublesided="false" scale="1" dimension="66" posX="3020.8999" posY="-1240.3" posZ="10380.9" rotX="0" rotY="0" rotZ="270"></object>
    <object id="object (CJ_S1_legs) (6)" breakable="true" interior="20" collisions="true" alpha="255" model="2761" doublesided="false" scale="1" dimension="66" posX="3021.7" posY="-1239.5" posZ="10377.4" rotX="0" rotY="0" rotZ="2"></object>
    <object id="object (imy_bbox) (6)" breakable="true" interior="20" collisions="true" alpha="255" model="2991" doublesided="false" scale="1" dimension="66" posX="3011" posY="-1223.2" posZ="10365" rotX="0" rotY="0" rotZ="0"></object>
    <object id="object (imy_bbox) (7)" breakable="true" interior="20" collisions="true" alpha="255" model="2991" doublesided="false" scale="1" dimension="66" posX="3011.2002" posY="-1228.0996" posZ="10365.1" rotX="0" rotY="0" rotZ="0"></object>
    <object id="object (CJ_S1_legs) (7)" breakable="true" interior="20" collisions="true" alpha="255" model="2761" doublesided="false" scale="1" dimension="66" posX="3020.9004" posY="-1240.2998" posZ="10377.4" rotX="0" rotY="0" rotZ="269.995"></object>
    <object id="object (imy_bbox) (8)" breakable="true" interior="20" collisions="true" alpha="255" model="2991" doublesided="false" scale="1" dimension="66" posX="3030.1001" posY="-1228.7" posZ="10365" rotX="0" rotY="0" rotZ="0"></object>
    <object id="object (imy_bbox) (9)" breakable="true" interior="20" collisions="true" alpha="255" model="2991" doublesided="false" scale="1" dimension="66" posX="3029.5" posY="-1223.2" posZ="10365.1" rotX="0" rotY="0" rotZ="0"></object>
    <object id="object (CJ_S1_legs) (8)" breakable="true" interior="20" collisions="true" alpha="255" model="2761" doublesided="false" scale="1" dimension="66" posX="3021.7" posY="-1239.5" posZ="10380.9" rotX="0" rotY="0" rotZ="0.25"></object>
    <object id="object (vgsN_constrbeam) (16)" breakable="true" interior="20" collisions="true" alpha="255" model="3529" doublesided="false" scale="1" dimension="66" posX="3026.9004" posY="-1220.9004" posZ="10383.6" rotX="0" rotY="0" rotZ="0"></object>
    <object id="object (vgsN_constrbeam) (17)" breakable="true" interior="20" collisions="true" alpha="255" model="3529" doublesided="false" scale="1" dimension="66" posX="3027.1006" posY="-1228.5" posZ="10383.6" rotX="0" rotY="0" rotZ="0"></object>
    <object id="object (MED_OFFICE_UNIT_7) (9)" breakable="true" interior="20" collisions="true" alpha="255" model="2167" doublesided="false" scale="1" dimension="66" posX="3018" posY="-1240.3" posZ="10375.6" rotX="0" rotY="0" rotZ="179.995"></object>
    <object id="object (ab_casdorLok) (1)" breakable="true" interior="20" collisions="true" alpha="255" model="3089" doublesided="false" scale="1" dimension="66" posX="3018.5" posY="-1240.3" posZ="10376.9" rotX="0" rotY="0" rotZ="0"></object>
    <object id="object (lift_dr) (2)" breakable="true" interior="20" collisions="true" alpha="255" model="3051" doublesided="false" scale="1.1" dimension="66" posX="3027.3101" posY="-1239.8" posZ="10372.7" rotX="0" rotY="0" rotZ="46.2"></object>
    <object id="object (Columbiangate) (1)" breakable="true" interior="20" collisions="true" alpha="0" model="975" doublesided="false" scale="1" dimension="66" posX="3025" posY="-1236.4" posZ="10378.8" rotX="90" rotY="0" rotZ="270"></object>
    <object id="object (lift_dr) (4)" breakable="true" interior="20" collisions="true" alpha="255" model="3051" doublesided="false" scale="1.1" dimension="66" posX="3027.3201" posY="-1241.0996" posZ="10372.8" rotX="0" rotY="0" rotZ="46.198"></object>
    <object id="object (GENERATOR) (1)" breakable="true" interior="20" collisions="true" alpha="255" model="929" doublesided="false" scale="1" dimension="66" posX="3029.1006" posY="-1228.0996" posZ="10371.4" rotX="0" rotY="0" rotZ="0"></object>
    <object id="object (GENERATOR) (2)" breakable="true" interior="20" collisions="true" alpha="255" model="929" doublesided="false" scale="1" dimension="66" posX="3029.1006" posY="-1224.2998" posZ="10371.4" rotX="0" rotY="0" rotZ="0"></object>
    <object id="object (GENERATOR) (3)" breakable="true" interior="20" collisions="true" alpha="255" model="929" doublesided="false" scale="1" dimension="66" posX="3029.1006" posY="-1224.2998" posZ="10371.4" rotX="0" rotY="0" rotZ="0"></object>
    <object id="object (ab_warehouseShelf) (5)" breakable="true" interior="20" collisions="true" alpha="255" model="2567" doublesided="false" scale="1" dimension="66" posX="3020.1001" posY="-1236.3" posZ="10372.3" rotX="0" rotY="0" rotZ="0"></object>
    <object id="object (DYN_BOX_PILE) (1)" breakable="true" interior="20" collisions="true" alpha="255" model="1431" doublesided="false" scale="1" dimension="66" posX="3028.5" posY="-1236.7" posZ="10371" rotX="0" rotY="0" rotZ="21.75"></object>
    <object id="object (CJ_O2Tanks) (1)" breakable="true" interior="20" collisions="true" alpha="255" model="1348" doublesided="false" scale="1" dimension="66" posX="3028.6001" posY="-1235.4" posZ="10371.1" rotX="0" rotY="0" rotZ="0"></object>
    <object id="object (RACK3) (1)" breakable="true" interior="20" collisions="true" alpha="255" model="931" doublesided="false" scale="1" dimension="66" posX="3024.1001" posY="-1223.5" posZ="10371.5" rotX="0" rotY="0" rotZ="0"></object>
    <object id="object (ab_warehouseShelf) (6)" breakable="true" interior="20" collisions="true" alpha="255" model="2567" doublesided="false" scale="1" dimension="66" posX="3020.1001" posY="-1228.3" posZ="10372.3" rotX="0" rotY="0" rotZ="0"></object>
    <object id="object (ab_warehouseShelf) (7)" breakable="true" interior="20" collisions="true" alpha="255" model="2567" doublesided="false" scale="1" dimension="66" posX="3020.1001" posY="-1232.5" posZ="10372.3" rotX="0" rotY="0" rotZ="0"></object>
    <object id="object (tall_fence) (1)" breakable="true" interior="20" collisions="true" alpha="0" model="974" doublesided="false" scale="1" dimension="66" posX="3022.48" posY="-1201" posZ="10365.8" rotX="0" rotY="0" rotZ="0"></object>
    <object id="object (kmb_keypad) (1)" breakable="true" interior="20" alpha="255" model="2922" doublesided="false" scale="1" dimension="66" posX="3012.8999" posY="-1224.9" posZ="10376.1" rotX="0" rotY="0" rotZ="89"></object>
</map>
