<!--
	Copyright by ViCE
	Commercial use, Copyright removal or re-publishing is strictly prohibited.
-->
<map edf:definitions="editor_main">
    <object id="object (des_wjetty) (3)" breakable="true" interior="0" collisions="true" alpha="255" model="11496" doublesided="false" scale="1" dimension="0" posX="958.5" posY="-1917.6" posZ="5.409" rotX="0" rotY="0" rotZ="103.997"></object>
    <object id="object (des_wjetty) (5)" breakable="true" interior="0" collisions="true" alpha="255" model="11496" doublesided="false" scale="1" dimension="0" posX="946.2002" posY="-1911.5996" posZ="5.4" rotX="0" rotY="0" rotZ="193.997"></object>
    <object id="object (des_wjetty) (6)" breakable="true" interior="0" collisions="true" alpha="255" model="11496" doublesided="false" scale="1" dimension="0" posX="950.09961" posY="-1927.0996" posZ="5.4" rotX="0" rotY="0" rotZ="193.997"></object>
    <object id="object (des_wjetty) (7)" breakable="true" interior="0" collisions="true" alpha="255" model="11496" doublesided="false" scale="1" dimension="0" posX="954" posY="-1942.6" posZ="5.4" rotX="0" rotY="0" rotZ="193.997"></object>
    <object id="object (des_wjetty) (8)" breakable="true" interior="0" collisions="true" alpha="255" model="11496" doublesided="false" scale="1" dimension="0" posX="957.90039" posY="-1958.0996" posZ="5.4" rotX="0" rotY="0" rotZ="193.997"></object>
    <object id="object (des_wjetty) (9)" breakable="true" interior="0" collisions="true" alpha="255" model="11496" doublesided="false" scale="1" dimension="0" posX="961.7998" posY="-1973.5996" posZ="5.4" rotX="0" rotY="0" rotZ="193.997"></object>
    <object id="object (des_wjetty) (10)" breakable="true" interior="0" collisions="true" alpha="255" model="11496" doublesided="false" scale="1" dimension="0" posX="956.90002" posY="-1925.4" posZ="5.4" rotX="0" rotY="0" rotZ="193.997"></object>
    <object id="object (des_wjetty) (11)" breakable="true" interior="0" collisions="true" alpha="255" model="11496" doublesided="false" scale="1" dimension="0" posX="960.79999" posY="-1940.9" posZ="5.4" rotX="0" rotY="0" rotZ="193.997"></object>
    <object id="object (des_wjetty) (12)" breakable="true" interior="0" collisions="true" alpha="255" model="11496" doublesided="false" scale="1" dimension="0" posX="964.70001" posY="-1956.4" posZ="5.4" rotX="0" rotY="0" rotZ="193.997"></object>
    <object id="object (des_wjetty) (13)" breakable="true" interior="0" collisions="true" alpha="255" model="11496" doublesided="true" scale="1" dimension="0" posX="968.59998" posY="-1971.9" posZ="5.4" rotX="0" rotY="0" rotZ="193.997"></object>
    <object id="object (des_wjetty) (14)" breakable="true" interior="0" collisions="true" alpha="255" model="11496" doublesided="true" scale="1" dimension="0" posX="975.40002" posY="-1970.2" posZ="5.4" rotX="0" rotY="0" rotZ="193.997"></object>
    <object id="object (des_wjetty) (15)" breakable="true" interior="0" collisions="true" alpha="255" model="11496" doublesided="true" scale="1" dimension="0" posX="982.2002" posY="-1968.5" posZ="5.4" rotX="0" rotY="0" rotZ="193.997"></object>
    <object id="object (des_wjetty) (17)" breakable="true" interior="0" collisions="true" alpha="255" model="11496" doublesided="false" scale="1" dimension="0" posX="971.5" posY="-1954.7" posZ="5.4" rotX="0" rotY="0" rotZ="193.997"></object>
    <object id="object (des_wjetty) (18)" breakable="true" interior="0" collisions="true" alpha="255" model="11496" doublesided="false" scale="1" dimension="0" posX="967.59998" posY="-1939.2" posZ="5.4" rotX="0" rotY="0" rotZ="193.997"></object>
    <object id="object (des_wjetty) (19)" breakable="true" interior="0" collisions="true" alpha="255" model="11496" doublesided="false" scale="1" dimension="0" posX="963.70001" posY="-1923.7" posZ="5.4" rotX="0" rotY="0" rotZ="193.997"></object>
    <object id="object (des_wjetty) (21)" breakable="true" interior="0" collisions="true" alpha="255" model="11496" doublesided="false" scale="1" dimension="0" posX="970.5" posY="-1922" posZ="5.4" rotX="0" rotY="0" rotZ="193.997"></object>
    <object id="object (des_wjetty) (22)" breakable="true" interior="0" collisions="true" alpha="255" model="11496" doublesided="false" scale="1" dimension="0" posX="974.40002" posY="-1937.5" posZ="5.4" rotX="0" rotY="0" rotZ="193.997"></object>
    <object id="object (des_wjetty) (23)" breakable="true" interior="0" collisions="true" alpha="255" model="11496" doublesided="false" scale="1" dimension="0" posX="978.29999" posY="-1953" posZ="5.4" rotX="0" rotY="0" rotZ="193.997"></object>
    <object id="object (des_wjetty) (24)" breakable="true" interior="0" collisions="true" alpha="255" model="11496" doublesided="false" scale="1" dimension="0" posX="978.2998" posY="-1953" posZ="5.4" rotX="0" rotY="0" rotZ="193.997"></object>
    <object id="object (cxref_woodjetty) (1)" breakable="true" interior="0" collisions="true" alpha="255" model="3406" doublesided="false" scale="1" dimension="0" posX="940.09998" posY="-1908.9" posZ="-1" rotX="0" rotY="0" rotZ="104"></object>
    <object id="object (cxref_woodjetty) (2)" breakable="true" interior="0" collisions="true" alpha="255" model="3406" doublesided="false" scale="1" dimension="0" posX="938.09998" posY="-1909.4" posZ="-1" rotX="0" rotY="0" rotZ="103.997"></object>
    <object id="object (cxref_woodjetty) (4)" breakable="true" interior="0" collisions="true" alpha="255" model="3406" doublesided="false" scale="1" dimension="0" posX="936.09998" posY="-1909.9" posZ="-1" rotX="0" rotY="0" rotZ="103.997"></object>
    <object id="object (cxref_woodjetty) (5)" breakable="true" interior="0" collisions="true" alpha="255" model="3406" doublesided="false" scale="1" dimension="0" posX="938.20001" posY="-1918.4" posZ="-1" rotX="0" rotY="0" rotZ="103.997"></object>
    <object id="object (cxref_woodjetty) (6)" breakable="true" interior="0" collisions="true" alpha="255" model="3406" doublesided="false" scale="1" dimension="0" posX="940.29999" posY="-1926.9" posZ="-1" rotX="0" rotY="0" rotZ="103.997"></object>
    <object id="object (cxref_woodjetty) (7)" breakable="true" interior="0" collisions="true" alpha="255" model="3406" doublesided="false" scale="1" dimension="0" posX="942.40002" posY="-1935.4" posZ="-1" rotX="0" rotY="0" rotZ="103.997"></object>
    <object id="object (cxref_woodjetty) (8)" breakable="true" interior="0" collisions="true" alpha="255" model="3406" doublesided="false" scale="1" dimension="0" posX="944.5" posY="-1943.9" posZ="-1" rotX="0" rotY="0" rotZ="103.997"></object>
    <object id="object (cxref_woodjetty) (9)" breakable="true" interior="0" collisions="true" alpha="255" model="3406" doublesided="false" scale="1" dimension="0" posX="946.59998" posY="-1952.3" posZ="-1" rotX="0" rotY="0" rotZ="103.997"></object>
    <object id="object (cxref_woodjetty) (11)" breakable="true" interior="0" collisions="true" alpha="255" model="3406" doublesided="false" scale="1" dimension="0" posX="934" posY="-1901.4" posZ="-1" rotX="0" rotY="0" rotZ="103.997"></object>
    <object id="object (cxref_woodjetty) (12)" breakable="true" interior="0" collisions="true" alpha="255" model="3406" doublesided="false" scale="1" dimension="0" posX="931.90002" posY="-1892.9" posZ="-1" rotX="0" rotY="0" rotZ="103.997"></object>
    <object id="object (odrampbit03) (1)" breakable="true" interior="0" collisions="true" alpha="255" model="5821" doublesided="false" scale="1" dimension="0" posX="941.7998" posY="-1920" posZ="1.6" rotX="0" rotY="0" rotZ="13.997"></object>
    <object id="object (cxref_woodjetty) (13)" breakable="true" interior="0" collisions="true" alpha="255" model="3406" doublesided="false" scale="1" dimension="0" posX="940.20001" posY="-1917.9" posZ="-1" rotX="0" rotY="0" rotZ="103.997"></object>
    <object id="object (cxref_woodjetty) (14)" breakable="true" interior="0" collisions="true" alpha="255" model="3406" doublesided="false" scale="1" dimension="0" posX="942.29999" posY="-1926.4" posZ="-1" rotX="0" rotY="0" rotZ="103.997"></object>
    <object id="object (cxref_woodjetty) (15)" breakable="true" interior="0" collisions="true" alpha="255" model="3406" doublesided="false" scale="1" dimension="0" posX="944.29999" posY="-1925.9" posZ="-1" rotX="0" rotY="0" rotZ="103.997"></object>
    <object id="object (cxref_woodjetty) (16)" breakable="true" interior="0" collisions="true" alpha="255" model="3406" doublesided="false" scale="1" dimension="0" posX="942.20001" posY="-1917.4" posZ="-1" rotX="0" rotY="0" rotZ="103.997"></object>
    <object id="object (cxref_woodjetty) (17)" breakable="true" interior="0" collisions="true" alpha="255" model="3406" doublesided="false" scale="1" dimension="0" posX="933.90002" posY="-1921.1" posZ="-1" rotX="0" rotY="0" rotZ="13.997"></object>
    <object id="object (cxref_woodjetty) (18)" breakable="true" interior="0" collisions="true" alpha="255" model="3406" doublesided="false" scale="1" dimension="0" posX="936.5" posY="-1931.7" posZ="-1" rotX="0" rotY="0" rotZ="13.997"></object>
    <object id="object (cxref_woodjetty) (19)" breakable="true" interior="0" collisions="true" alpha="255" model="3406" doublesided="false" scale="1" dimension="0" posX="939.09961" posY="-1942.4004" posZ="-1" rotX="0" rotY="0" rotZ="13.997"></object>
    <object id="object (cxref_woodjetty) (21)" breakable="true" interior="0" collisions="true" alpha="255" model="3406" doublesided="false" scale="1" dimension="0" posX="933.90039" posY="-1921.0996" posZ="-1" rotX="0" rotY="0" rotZ="13.997"></object>
    <object id="object (cxref_woodjetty) (22)" breakable="true" interior="0" collisions="true" alpha="255" model="3406" doublesided="false" scale="1" dimension="0" posX="931.20001" posY="-1910.5" posZ="-1" rotX="0" rotY="0" rotZ="13.997"></object>
    <object id="object (cxref_woodjetty) (23)" breakable="true" interior="0" collisions="true" alpha="255" model="3406" doublesided="false" scale="1" dimension="0" posX="929.20001" posY="-1902" posZ="-1" rotX="0" rotY="0" rotZ="13.997"></object>
    <object id="object (cxref_woodjetty) (25)" breakable="true" interior="0" collisions="true" alpha="255" model="3406" doublesided="false" scale="1" dimension="0" posX="942.29999" posY="-1955.3" posZ="-1" rotX="0" rotY="0" rotZ="13.997"></object>
    <object id="object (cxref_woodjetty) (26)" breakable="true" interior="0" collisions="true" alpha="255" model="3406" doublesided="false" scale="1" dimension="0" posX="933.79999" posY="-1957.4" posZ="-1" rotX="0" rotY="0" rotZ="13.997"></object>
    <object id="object (cxref_woodjetty) (27)" breakable="true" interior="0" collisions="true" alpha="255" model="3406" doublesided="false" scale="1" dimension="0" posX="934.2998" posY="-1959.4004" posZ="-1" rotX="0" rotY="0" rotZ="13.997"></object>
    <object id="object (cxref_woodjetty) (28)" breakable="true" interior="0" collisions="true" alpha="255" model="3406" doublesided="false" scale="1" dimension="0" posX="925.79999" posY="-1961.5" posZ="-1" rotX="0" rotY="0" rotZ="13.997"></object>
    <object id="object (cxref_woodjetty) (29)" breakable="true" interior="0" collisions="true" alpha="255" model="3406" doublesided="false" scale="1" dimension="0" posX="925.29999" posY="-1959.5" posZ="-1" rotX="0" rotY="0" rotZ="13.997"></object>
    <object id="object (cxref_woodjetty) (30)" breakable="true" interior="0" collisions="true" alpha="255" model="3406" doublesided="false" scale="1" dimension="0" posX="920.40002" posY="-1955.7" posZ="-1" rotX="0" rotY="0" rotZ="283.997"></object>
    <object id="object (cxref_woodjetty) (31)" breakable="true" interior="0" collisions="true" alpha="255" model="3406" doublesided="false" scale="1" dimension="0" posX="918.29999" posY="-1947.2" posZ="-1" rotX="0" rotY="0" rotZ="283.991"></object>
    <object id="object (cxref_woodjetty) (32)" breakable="true" interior="0" collisions="true" alpha="255" model="3406" doublesided="false" scale="1" dimension="0" posX="916.20001" posY="-1938.7" posZ="-1" rotX="0" rotY="0" rotZ="283.991"></object>
    <object id="object (cxref_woodjetty) (33)" breakable="true" interior="0" collisions="true" alpha="255" model="3406" doublesided="false" scale="1" dimension="0" posX="914.09998" posY="-1930.2" posZ="-1" rotX="0" rotY="0" rotZ="283.991"></object>
    <object id="object (cxref_woodjetty) (34)" breakable="true" interior="0" collisions="true" alpha="255" model="3406" doublesided="true" scale="1" dimension="0" posX="912" posY="-1921.7998" posZ="-1" rotX="0" rotY="0" rotZ="283.986"></object>
    <object id="object (cxref_woodjetty) (35)" breakable="true" interior="0" collisions="true" alpha="255" model="3406" doublesided="false" scale="1" dimension="0" posX="906.40039" posY="-1919.2998" posZ="-1" rotX="0" rotY="0" rotZ="13.997"></object>
    <object id="object (cxref_woodjetty) (36)" breakable="true" interior="0" collisions="true" alpha="255" model="3406" doublesided="false" scale="1" dimension="0" posX="908.5" posY="-1927.6" posZ="-1" rotX="0" rotY="0" rotZ="13.997"></object>
    <object id="object (cxref_woodjetty) (37)" breakable="true" interior="0" collisions="true" alpha="255" model="3406" doublesided="false" scale="1" dimension="0" posX="910.59998" posY="-1936.3" posZ="-1" rotX="0" rotY="0" rotZ="13.997"></object>
    <object id="object (cxref_woodjetty) (38)" breakable="true" interior="0" collisions="true" alpha="255" model="3406" doublesided="false" scale="1" dimension="0" posX="913.20001" posY="-1946.8" posZ="-1" rotX="0" rotY="0" rotZ="13.997"></object>
    <object id="object (cxref_woodjetty) (40)" breakable="true" interior="0" collisions="true" alpha="255" model="3406" doublesided="false" scale="1" dimension="0" posX="915.29999" posY="-1955.3" posZ="-1" rotX="0" rotY="0" rotZ="13.997"></object>
    <object id="object (cstguard_SFN01) (1)" breakable="true" interior="0" collisions="true" alpha="255" model="9245" doublesided="false" scale="1" dimension="0" posX="978.90002" posY="-1985.1" posZ="17.4" rotX="0" rotY="0" rotZ="194.063"></object>
    <object id="object (des_wjetty) (4)" breakable="true" interior="0" collisions="true" alpha="255" model="11496" doublesided="true" scale="1" dimension="0" posX="979.09998" posY="-1985.59998" posZ="5.4" rotX="0" rotY="0" rotZ="193.997"></object>
    <object id="object (des_wjetty) (31)" breakable="true" interior="0" collisions="true" alpha="255" model="11496" doublesided="true" scale="1" dimension="0" posX="972.29999" posY="-1987.3" posZ="5.4" rotX="0" rotY="0" rotZ="193.997"></object>
    <object id="object (des_wjetty) (39)" breakable="true" interior="0" collisions="true" alpha="255" model="11496" doublesided="true" scale="1" dimension="0" posX="963" posY="-2006" posZ="5.4" rotX="0" rotY="0" rotZ="193.997"></object>
    <object id="object (des_wjetty) (43)" breakable="true" interior="0" collisions="true" alpha="255" model="11496" doublesided="true" scale="1" dimension="0" posX="985.90002" posY="-1983.9" posZ="5.4" rotX="0" rotY="0" rotZ="193.997"></object>
    <object id="object (des_wjetty) (44)" breakable="true" interior="0" collisions="true" alpha="255" model="11496" doublesided="true" scale="1" dimension="0" posX="992.70001" posY="-1982.2" posZ="5.4" rotX="0" rotY="0" rotZ="193.997"></object>
    <object id="object (des_wjetty) (45)" breakable="true" interior="0" collisions="true" alpha="255" model="11496" doublesided="true" scale="1" dimension="0" posX="989.79999" posY="-1999.4" posZ="5.4" rotX="0" rotY="0" rotZ="193.997"></object>
    <object id="object (des_wjetty) (46)" breakable="true" interior="0" collisions="true" alpha="255" model="11496" doublesided="true" scale="1" dimension="0" posX="996.59998" posY="-1997.7" posZ="5.4" rotX="0" rotY="0" rotZ="193.997"></object>
    <object id="object (des_wjetty) (47)" breakable="true" interior="0" collisions="true" alpha="255" model="11496" doublesided="true" scale="1" dimension="0" posX="993.59998" posY="-2014.9" posZ="5.4" rotX="0" rotY="0" rotZ="193.997"></object>
    <object id="object (CE_wtownblok1) (1)" breakable="true" interior="0" collisions="true" alpha="255" model="13364" doublesided="false" scale="1" dimension="0" posX="967.09961" posY="-1944.2002" posZ="9.9" rotX="0" rotY="0" rotZ="283.722"></object>
    <object id="object (hrbrmstr_SFN01) (1)" breakable="true" interior="0" collisions="true" alpha="255" model="9247" doublesided="false" scale="1" dimension="0" posX="964" posY="-1975" posZ="12" rotX="0" rotY="0" rotZ="284.579"></object>
    <object id="object (lee_Plane09) (1)" breakable="true" interior="0" collisions="true" alpha="255" model="3964" doublesided="false" scale="1" dimension="0" posX="990.40039" posY="-1969.7002" posZ="5.5" rotX="0" rotY="90" rotZ="13.997"></object>
    <object id="object (lee_Plane09) (2)" breakable="true" interior="0" collisions="true" alpha="255" model="3964" doublesided="false" scale="1" dimension="0" posX="988.09998" posY="-1960.4" posZ="5.5" rotX="0" rotY="90" rotZ="13.997"></object>
    <object id="object (lee_Plane09) (3)" breakable="true" interior="0" collisions="true" alpha="255" model="3964" doublesided="false" scale="1" dimension="0" posX="985.7998" posY="-1951.2998" posZ="5.51" rotX="0" rotY="90" rotZ="13.997"></object>
    <object id="object (lee_Plane09) (4)" breakable="true" interior="0" collisions="true" alpha="255" model="3964" doublesided="false" scale="1" dimension="0" posX="983.5" posY="-1942" posZ="5.5" rotX="0" rotY="90" rotZ="13.997"></object>
    <object id="object (lee_Plane09) (5)" breakable="true" interior="0" collisions="true" alpha="255" model="3964" doublesided="false" scale="1" dimension="0" posX="981.20001" posY="-1932.9" posZ="5.5" rotX="0" rotY="90" rotZ="13.997"></object>
    <object id="object (lee_Plane09) (6)" breakable="true" interior="0" collisions="true" alpha="255" model="3964" doublesided="false" scale="1" dimension="0" posX="978.7998" posY="-1923.5996" posZ="5.5" rotX="0" rotY="90" rotZ="13.997"></object>
    <object id="object (lee_Plane09) (7)" breakable="true" interior="0" collisions="true" alpha="255" model="3964" doublesided="false" scale="1" dimension="0" posX="976.5" posY="-1914.3" posZ="5.5" rotX="0" rotY="90" rotZ="13.997"></object>
    <object id="object (lee_Plane09) (8)" breakable="true" interior="0" collisions="true" alpha="255" model="3964" doublesided="false" scale="1" dimension="0" posX="973.59998" posY="-1905.1" posZ="5.5" rotX="0" rotY="90" rotZ="14"></object>
    <object id="object (lee_Plane09) (9)" breakable="true" interior="0" collisions="true" alpha="255" model="3964" doublesided="false" scale="1" dimension="0" posX="963.40002" posY="-1907.6" posZ="5.5" rotX="0" rotY="90" rotZ="13.997"></object>
    <object id="object (lee_Plane09) (10)" breakable="true" interior="0" collisions="true" alpha="255" model="3964" doublesided="false" scale="1" dimension="0" posX="953.20001" posY="-1910.1" posZ="5.5" rotX="0" rotY="90" rotZ="13.997"></object>
    <object id="object (lee_Plane09) (11)" breakable="true" interior="0" collisions="true" alpha="255" model="3964" doublesided="false" scale="1" dimension="0" posX="961.09961" posY="-1898.4004" posZ="5.5" rotX="0" rotY="90" rotZ="13.997"></object>
    <object id="object (lee_Plane09) (12)" breakable="true" interior="0" collisions="true" alpha="255" model="3964" doublesided="false" scale="1" dimension="0" posX="950.90002" posY="-1900.9" posZ="5.5" rotX="0" rotY="90" rotZ="13.997"></object>
    <object id="object (lee_Plane09) (13)" breakable="true" interior="0" collisions="true" alpha="255" model="3964" doublesided="false" scale="1" dimension="0" posX="971.29999" posY="-1895.9" posZ="5.5" rotX="0" rotY="90" rotZ="13.997"></object>
    <object id="object (des_wjetty) (48)" breakable="true" interior="0" collisions="true" alpha="255" model="11496" doublesided="false" scale="1" dimension="0" posX="942.40039" posY="-1896.2002" posZ="5.4" rotX="0" rotY="0" rotZ="193.997"></object>
    <object id="object (des_wjetty) (49)" breakable="true" interior="0" collisions="true" alpha="255" model="11496" doublesided="false" scale="1" dimension="0" posX="938.5" posY="-1880.7002" posZ="5.4" rotX="0" rotY="0" rotZ="193.997"></object>
    <object id="object (lee_Plane09) (14)" breakable="true" interior="0" collisions="true" alpha="255" model="3964" doublesided="false" scale="1" dimension="0" posX="948.59998" posY="-1891.6" posZ="5.5" rotX="0" rotY="90" rotZ="13.997"></object>
    <object id="object (lee_Plane09) (15)" breakable="true" interior="0" collisions="true" alpha="255" model="3964" doublesided="false" scale="1" dimension="0" posX="946.29999" posY="-1882.3" posZ="5.5" rotX="0" rotY="90" rotZ="13.997"></object>
    <object id="object (lee_Plane09) (17)" breakable="true" interior="0" collisions="true" alpha="255" model="3964" doublesided="false" scale="1" dimension="0" posX="944.5" posY="-1872.9" posZ="5.5" rotX="0" rotY="90" rotZ="13.997"></object>
    <object id="object (lee_Plane09) (18)" breakable="true" interior="0" collisions="true" alpha="255" model="3964" doublesided="false" scale="1" dimension="0" posX="958.7998" posY="-1889.0996" posZ="5.5" rotX="0" rotY="90" rotZ="13.997"></object>
    <object id="object (lee_Plane09) (19)" breakable="true" interior="0" collisions="true" alpha="255" model="3964" doublesided="false" scale="1" dimension="0" posX="956.5" posY="-1879.8" posZ="5.5" rotX="0" rotY="90" rotZ="13.997"></object>
    <object id="object (lee_Plane09) (20)" breakable="true" interior="0" collisions="true" alpha="255" model="3964" doublesided="false" scale="1" dimension="0" posX="969" posY="-1886.6" posZ="5.5" rotX="0" rotY="90" rotZ="13.997"></object>
    <object id="object (lee_Plane09) (21)" breakable="true" interior="0" collisions="true" alpha="255" model="3964" doublesided="false" scale="1" dimension="0" posX="979.59998" posY="-1998.6" posZ="5.5" rotX="0" rotY="90" rotZ="13.997"></object>
    <object id="object (lee_Plane09) (22)" breakable="true" interior="0" collisions="true" alpha="255" model="3964" doublesided="false" scale="1" dimension="0" posX="981.90002" posY="-2007.9" posZ="5.5" rotX="0" rotY="90" rotZ="13.997"></object>
    <object id="object (lee_Plane09) (23)" breakable="true" interior="0" collisions="true" alpha="255" model="3964" doublesided="false" scale="1" dimension="0" posX="984.20001" posY="-2017.2" posZ="5.5" rotX="0" rotY="90" rotZ="13.997"></object>
    <object id="object (lee_Plane09) (24)" breakable="true" interior="0" collisions="true" alpha="255" model="3964" doublesided="false" scale="1" dimension="0" posX="986.5" posY="-2026.5" posZ="5.5" rotX="0" rotY="90" rotZ="13.997"></object>
    <object id="object (lee_Plane09) (25)" breakable="true" interior="0" collisions="true" alpha="255" model="3964" doublesided="false" scale="1" dimension="0" posX="969.5" posY="-2001.0996" posZ="5.5" rotX="0" rotY="90" rotZ="13.997"></object>
    <object id="object (lee_Plane09) (26)" breakable="true" interior="0" collisions="true" alpha="255" model="3964" doublesided="false" scale="1" dimension="0" posX="971.79999" posY="-2010.4" posZ="5.5" rotX="0" rotY="90" rotZ="13.997"></object>
    <object id="object (lee_Plane09) (27)" breakable="true" interior="0" collisions="true" alpha="255" model="3964" doublesided="false" scale="1" dimension="0" posX="974.09998" posY="-2019.7" posZ="5.5" rotX="0" rotY="90" rotZ="13.997"></object>
    <object id="object (lee_Plane09) (28)" breakable="true" interior="0" collisions="true" alpha="255" model="3964" doublesided="false" scale="1" dimension="0" posX="976.2998" posY="-2029" posZ="5.5" rotX="0" rotY="90" rotZ="13.997"></object>
    <object id="object (des_wjetty) (51)" breakable="true" interior="0" collisions="true" alpha="255" model="11496" doublesided="true" scale="1" dimension="0" posX="966.79999" posY="-2021.3" posZ="5.4" rotX="0" rotY="0" rotZ="193.997"></object>
    <object id="object (des_wjetty) (52)" breakable="true" interior="0" collisions="true" alpha="255" model="11496" doublesided="true" scale="1" dimension="0" posX="970.59998" posY="-2036.7" posZ="5.4" rotX="0" rotY="0" rotZ="193.997"></object>
    <object id="object (des_wjetty) (54)" breakable="true" interior="0" collisions="true" alpha="255" model="11496" doublesided="true" scale="1" dimension="0" posX="963.7998" posY="-1995.0996" posZ="5.409" rotX="0" rotY="0" rotZ="103.997"></object>
    <object id="object (lee_Plane09) (29)" breakable="true" interior="0" collisions="true" alpha="255" model="3964" doublesided="false" scale="1" dimension="0" posX="978.70001" posY="-2038.3" posZ="5.5" rotX="0" rotY="90" rotZ="13.997"></object>
    <object id="object (lee_Plane09) (30)" breakable="true" interior="0" collisions="true" alpha="255" model="3964" doublesided="false" scale="1" dimension="0" posX="988.90002" posY="-2035.8" posZ="5.5" rotX="0" rotY="90" rotZ="13.997"></object>
    <object id="object (des_wjetty) (55)" breakable="true" interior="0" collisions="true" alpha="255" model="11496" doublesided="true" scale="1" dimension="0" posX="976.5" posY="-2046" posZ="5.4" rotX="0" rotY="0" rotZ="283.997"></object>
    <object id="object (des_wjetty) (56)" breakable="true" interior="0" collisions="true" alpha="255" model="11496" doublesided="true" scale="1" dimension="0" posX="992" posY="-2042.0996" posZ="5.4" rotX="0" rotY="0" rotZ="283.986"></object>
    <object id="object (TCEhilhouse03) (2)" breakable="true" interior="0" collisions="true" alpha="255" model="13681" doublesided="false" scale="1" dimension="0" posX="975.5" posY="-2012" posZ="10" rotX="0" rotY="0" rotZ="284.354"></object>
    <object id="object (boatoffice_sfn) (1)" breakable="true" interior="0" collisions="true" alpha="255" model="9361" doublesided="false" scale="1" dimension="0" posX="942" posY="-1885.7002" posZ="8.2" rotX="0" rotY="0" rotZ="238.997"></object>
    <object id="object (sanpedlithus_LAw2) (1)" breakable="true" interior="0" collisions="true" alpha="255" model="6295" doublesided="false" scale="1" dimension="0" posX="980.09998" posY="-2039.8" posZ="29.5" rotX="0" rotY="0" rotZ="308"></object>
    <object id="object (des_nwwtower) (1)" breakable="true" interior="0" collisions="true" alpha="255" model="11461" doublesided="false" scale="1" dimension="0" posX="957.90039" posY="-1951.4004" posZ="5.3" rotX="0" rotY="0" rotZ="0"></object>
    <object id="object (des_bluecafe01) (1)" breakable="true" interior="0" collisions="true" alpha="255" model="16066" doublesided="false" scale="1" dimension="0" posX="947.7998" posY="-1900.7002" posZ="7.25" rotX="0" rotY="0" rotZ="13.749"></object>
    <object id="object (sanmonbhut1_LAW2) (1)" breakable="true" interior="0" collisions="true" alpha="255" model="3615" doublesided="false" scale="1" dimension="0" posX="909.59961" posY="-1879.4004" posZ="5.3" rotX="0" rotY="0" rotZ="355.99"></object>
    <object id="object (sanmonbhut1_LAW2) (2)" breakable="true" interior="0" collisions="true" alpha="255" model="3615" doublesided="false" scale="1" dimension="0" posX="875.90039" posY="-1881.2998" posZ="4.5" rotX="0" rotY="0" rotZ="5.999"></object>
    <object id="object (vgsn_pipeworks01) (1)" breakable="true" interior="0" collisions="true" alpha="255" model="7347" doublesided="false" scale="1" dimension="0" posX="945" posY="-2000.2998" posZ="-47" rotX="0" rotY="0" rotZ="193.744"></object>
    <object id="object (cxref_woodjetty) (41)" breakable="true" interior="0" collisions="true" alpha="255" model="3406" doublesided="false" scale="1" dimension="0" posX="945.40002" posY="-1958.8" posZ="-1" rotX="0" rotY="0" rotZ="13.997"></object>
    <object id="object (cxref_woodjetty) (42)" breakable="true" interior="0" collisions="true" alpha="255" model="3406" doublesided="false" scale="1" dimension="0" posX="936.79999" posY="-1960.9" posZ="-1" rotX="0" rotY="0" rotZ="13.997"></object>
    <object id="object (cxref_woodjetty) (43)" breakable="true" interior="0" collisions="true" alpha="255" model="3406" doublesided="false" scale="1" dimension="0" posX="928.29999" posY="-1963" posZ="-1" rotX="0" rotY="0" rotZ="13.997"></object>
    <object id="object (sw_shack02) (1)" breakable="true" interior="0" collisions="true" alpha="255" model="12991" doublesided="false" scale="1" dimension="0" posX="961.29999" posY="-1891" posZ="5.6" rotX="0" rotY="0" rotZ="31.328"></object>
    <object id="object (marketstall04_SFXRF) (1)" breakable="true" interior="0" collisions="true" alpha="255" model="3860" doublesided="false" scale="1" dimension="0" posX="986.70001" posY="-1950.4" posZ="6.8" rotX="0" rotY="0" rotZ="279.99"></object>
    <object id="object (marketstall01_SFXRF) (1)" breakable="true" interior="0" collisions="true" alpha="255" model="3861" doublesided="false" scale="1" dimension="0" posX="985.90002" posY="-1946" posZ="6.8" rotX="0" rotY="0" rotZ="277.992"></object>
    <object id="object (marketstall03_SFXRF) (1)" breakable="true" interior="0" collisions="true" alpha="255" model="3863" doublesided="false" scale="1" dimension="0" posX="988.09998" posY="-1958.4" posZ="6.8" rotX="0" rotY="0" rotZ="277.991"></object>
    <object id="object (marketstall02_SFXRF) (1)" breakable="true" interior="0" collisions="true" alpha="255" model="3862" doublesided="false" scale="1" dimension="0" posX="988.70001" posY="-1962.6" posZ="6.8" rotX="0" rotY="0" rotZ="279.993"></object>
    <object id="object (marketstall01_SFXRF) (2)" breakable="true" interior="0" collisions="true" alpha="255" model="3861" doublesided="false" scale="1" dimension="0" posX="989.20001" posY="-1971.6" posZ="6.8" rotX="0" rotY="0" rotZ="245.992"></object>
    <object id="object (des_nt_buntpoles01) (1)" breakable="true" interior="0" collisions="true" alpha="255" model="16448" doublesided="false" scale="1" dimension="0" posX="956.79999" posY="-1900.9" posZ="10.4" rotX="0" rotY="0" rotZ="284"></object>
    <object id="object (des_nt_buntpoles01) (2)" breakable="true" interior="0" collisions="true" alpha="255" model="16448" doublesided="false" scale="1" dimension="0" posX="969.2002" posY="-1948.0996" posZ="10.4" rotX="0" rotY="0" rotZ="283.997"></object>
    <object id="object (des_nt_buntpoles01) (3)" breakable="true" interior="0" collisions="true" alpha="255" model="16448" doublesided="true" scale="1" dimension="0" posX="981.09998" posY="-2018.8" posZ="10.4" rotX="0" rotY="0" rotZ="283.997"></object>
    <object id="object (des_nt_buntpoles01) (4)" breakable="true" interior="0" collisions="true" alpha="255" model="16448" doublesided="true" scale="1" dimension="0" posX="981.79999" posY="-2019.7" posZ="10.4" rotX="0" rotY="0" rotZ="103.997"></object>
    <object id="object (des_nt_buntpoles01) (6)" breakable="true" interior="0" collisions="true" alpha="255" model="16448" doublesided="true" scale="1" dimension="0" posX="970" posY="-1949" posZ="10.4" rotX="0" rotY="0" rotZ="103.997"></object>
    <object id="object (des_nt_buntpoles01) (7)" breakable="true" interior="0" collisions="true" alpha="255" model="16448" doublesided="false" scale="1" dimension="0" posX="957.5" posY="-1901.7" posZ="10.4" rotX="0" rotY="0" rotZ="103.997"></object>
    <object id="object (veg_palm02) (1)" breakable="true" interior="0" collisions="true" alpha="255" model="621" doublesided="false" scale="1" dimension="0" posX="986.79999" posY="-1937.2" posZ="5.6" rotX="0" rotY="0" rotZ="0"></object>
    <object id="object (veg_palm02) (2)" breakable="true" interior="0" collisions="true" alpha="255" model="621" doublesided="false" scale="1" dimension="0" posX="957.09961" posY="-1908.9004" posZ="5.6" rotX="0" rotY="0" rotZ="0"></object>
    <object id="object (veg_palm02) (3)" breakable="true" interior="0" collisions="true" alpha="255" model="621" doublesided="false" scale="1" dimension="0" posX="966.09998" posY="-2031.8" posZ="5.6" rotX="0" rotY="0" rotZ="0"></object>
    <object id="object (veg_palm02) (4)" breakable="true" interior="0" collisions="true" alpha="255" model="621" doublesided="false" scale="1" dimension="0" posX="992" posY="-1974.7002" posZ="5.48" rotX="0" rotY="0" rotZ="0"></object>
    <object id="object (veg_palm02) (5)" breakable="true" interior="0" collisions="true" alpha="255" model="621" doublesided="false" scale="1" dimension="0" posX="989" posY="-2008.0996" posZ="5.6" rotX="0" rotY="0" rotZ="0"></object>
    <object id="object (veg_palm02) (6)" breakable="true" interior="0" collisions="true" alpha="255" model="621" doublesided="false" scale="1" dimension="0" posX="927.7998" posY="-1894" posZ="0" rotX="0" rotY="0" rotZ="0"></object>
    <object id="object (veg_palm04) (1)" breakable="true" interior="0" collisions="true" alpha="255" model="620" doublesided="false" scale="1" dimension="0" posX="990.79999" posY="-2048.1001" posZ="6.2" rotX="0" rotY="0" rotZ="90.577"></object>
    <object id="object (veg_palm04) (2)" breakable="true" interior="0" collisions="true" alpha="255" model="620" doublesided="false" scale="1" dimension="0" posX="968.40039" posY="-2052.2002" posZ="0.4" rotX="0" rotY="0" rotZ="90.577"></object>
    <object id="object (veg_palm04) (3)" breakable="true" interior="0" collisions="true" alpha="255" model="620" doublesided="false" scale="1" dimension="0" posX="986" posY="-1910" posZ="7.8" rotX="0" rotY="0" rotZ="90.577"></object>
    <object id="object (veg_palm04) (4)" breakable="true" interior="0" collisions="true" alpha="255" model="620" doublesided="false" scale="1" dimension="0" posX="929.90039" posY="-1873" posZ="5.814" rotX="0" rotY="0" rotZ="90.577"></object>
    <object id="object (veg_palm04) (5)" breakable="true" interior="0" collisions="true" alpha="255" model="620" doublesided="false" scale="1" dimension="0" posX="998.90002" posY="-1986.7" posZ="6.5" rotX="0" rotY="0" rotZ="90.577"></object>
    <object id="object (vgs_palm03) (1)" breakable="true" interior="0" collisions="true" alpha="255" model="712" doublesided="false" scale="1" dimension="0" posX="1003.7002" posY="-1954" posZ="18.6" rotX="0" rotY="0" rotZ="24.994"></object>
    <object id="object (vgs_palm03) (2)" breakable="true" interior="0" collisions="true" alpha="255" model="712" doublesided="false" scale="1" dimension="0" posX="978.90039" posY="-2057.7002" posZ="12.1" rotX="0" rotY="0" rotZ="24.994"></object>
    <object id="object (vgs_palm03) (3)" breakable="true" interior="0" collisions="true" alpha="255" model="712" doublesided="false" scale="1" dimension="0" posX="1006.5996" posY="-2009.2998" posZ="18.5" rotX="0" rotY="0" rotZ="24.994"></object>
    <object id="object (vgs_palm03) (4)" breakable="true" interior="0" collisions="true" alpha="255" model="712" doublesided="false" scale="1" dimension="0" posX="923.09961" posY="-1881.9004" posZ="13.3" rotX="0" rotY="0" rotZ="24.994"></object>
    <object id="object (vgs_palm03) (5)" breakable="true" interior="0" collisions="true" alpha="255" model="712" doublesided="false" scale="1" dimension="0" posX="1000.9004" posY="-1935.5996" posZ="18.5" rotX="0" rotY="0" rotZ="24.994"></object>
    <object id="object (vgs_palm03) (6)" breakable="true" interior="0" collisions="true" alpha="255" model="712" doublesided="false" scale="1" dimension="0" posX="938.40039" posY="-1862.7998" posZ="17.8" rotX="0" rotY="0" rotZ="24.994"></object>
    <object id="object (vgs_palm03) (7)" breakable="true" interior="0" collisions="true" alpha="255" model="712" doublesided="false" scale="1" dimension="0" posX="981.59961" posY="-1886.7002" posZ="18.3" rotX="0" rotY="0" rotZ="24.994"></object>
    <object id="object (vgs_palm03) (8)" breakable="true" interior="0" collisions="true" alpha="255" model="712" doublesided="false" scale="1" dimension="0" posX="1008.7998" posY="-1976.4004" posZ="18.9" rotX="0" rotY="0" rotZ="24.994"></object>
    <object id="object (searock06) (1)" breakable="true" interior="0" collisions="true" alpha="255" model="896" doublesided="false" scale="1" dimension="0" posX="964.59998" posY="-2045.3" posZ="5" rotX="0" rotY="0" rotZ="338"></object>
    <object id="object (searock06) (2)" breakable="true" interior="0" collisions="true" alpha="255" model="896" doublesided="false" scale="1" dimension="0" posX="971.59998" posY="-2049.1001" posZ="5" rotX="0" rotY="0" rotZ="18"></object>
    <object id="object (searock06) (3)" breakable="true" interior="0" collisions="true" alpha="255" model="896" doublesided="false" scale="1" dimension="0" posX="959.40002" posY="-1989.3" posZ="5" rotX="0" rotY="0" rotZ="260"></object>
    <object id="object (searock01) (1)" breakable="true" interior="0" collisions="true" alpha="255" model="897" doublesided="false" scale="1" dimension="0" posX="956.09998" posY="-1997.5" posZ="3.3" rotX="0" rotY="0" rotZ="0"></object>
    <object id="object (searock01) (2)" breakable="true" interior="0" collisions="true" alpha="255" model="897" doublesided="false" scale="1" dimension="0" posX="953.29999" posY="-1994.6" posZ="3.3" rotX="0" rotY="0" rotZ="316"></object>
    <object id="object (searock01) (3)" breakable="true" interior="0" collisions="true" alpha="255" model="897" doublesided="false" scale="1" dimension="0" posX="964.79999" posY="-1988.2" posZ="3.3" rotX="0" rotY="0" rotZ="68"></object>
    <object id="object (searock01) (4)" breakable="true" interior="0" collisions="true" alpha="255" model="897" doublesided="false" scale="1" dimension="0" posX="965.59998" posY="-1985.3" posZ="3.3" rotX="0" rotY="0" rotZ="160"></object>
    <object id="object (searock04) (1)" breakable="true" interior="0" collisions="true" alpha="255" model="900" doublesided="false" scale="1" dimension="0" posX="957.59961" posY="-2008.9004" posZ="1.1" rotX="0" rotY="0" rotZ="85.995"></object>
    <object id="object (searock04) (2)" breakable="true" interior="0" collisions="true" alpha="255" model="900" doublesided="false" scale="1" dimension="0" posX="961.40039" posY="-2026.7002" posZ="1.1" rotX="0" rotY="0" rotZ="85.995"></object>
    <object id="object (searock06) (5)" breakable="true" interior="0" collisions="true" alpha="255" model="896" doublesided="false" scale="1" dimension="0" posX="989.40002" posY="-2044.5" posZ="5" rotX="0" rotY="0" rotZ="242.75"></object>
    <object id="object (searock01) (5)" breakable="true" interior="0" collisions="true" alpha="255" model="897" doublesided="false" scale="1" dimension="0" posX="980.29999" posY="-2044.4" posZ="3.3" rotX="0" rotY="0" rotZ="0"></object>
    <object id="object (searock01) (6)" breakable="true" interior="0" collisions="true" alpha="255" model="897" doublesided="false" scale="1" dimension="0" posX="975.5" posY="-2042.3" posZ="3.3" rotX="0" rotY="0" rotZ="0"></object>
    <object id="object (searock01) (7)" breakable="true" interior="0" collisions="true" alpha="255" model="897" doublesided="false" scale="1" dimension="0" posX="973.09998" posY="-2038.8" posZ="3.3" rotX="0" rotY="0" rotZ="0"></object>
    <object id="object (searock01) (8)" breakable="true" interior="0" collisions="true" alpha="255" model="897" doublesided="false" scale="1" dimension="0" posX="976.29999" posY="-2034.2" posZ="3.3" rotX="0" rotY="0" rotZ="0"></object>
    <object id="object (searock01) (9)" breakable="true" interior="0" collisions="true" alpha="255" model="897" doublesided="false" scale="1" dimension="0" posX="969.59998" posY="-2041.6" posZ="3.3" rotX="0" rotY="0" rotZ="0"></object>
    <object id="object (searock01) (10)" breakable="true" interior="0" collisions="true" alpha="255" model="897" doublesided="false" scale="1" dimension="0" posX="980" posY="-2048.6001" posZ="3.3" rotX="0" rotY="0" rotZ="0"></object>
    <object id="object (searock05) (1)" breakable="true" interior="0" collisions="true" alpha="255" model="901" doublesided="false" scale="1" dimension="0" posX="922" posY="-1977.1" posZ="0" rotX="0" rotY="0" rotZ="100"></object>
    <object id="object (searock05) (2)" breakable="true" interior="0" collisions="true" alpha="255" model="901" doublesided="false" scale="1" dimension="0" posX="919.09998" posY="-1970.7" posZ="0" rotX="0" rotY="0" rotZ="91.998"></object>
    <object id="object (searock01) (11)" breakable="true" interior="0" collisions="true" alpha="255" model="897" doublesided="false" scale="1" dimension="0" posX="929.09998" posY="-1982.2" posZ="3.3" rotX="0" rotY="0" rotZ="316"></object>
    <object id="object (searock01) (12)" breakable="true" interior="0" collisions="true" alpha="255" model="897" doublesided="false" scale="1" dimension="0" posX="932.09998" posY="-1981" posZ="3.3" rotX="0" rotY="356" rotZ="325.5"></object>
    <object id="object (searock04) (3)" breakable="true" interior="0" collisions="true" alpha="255" model="900" doublesided="false" scale="1" dimension="0" posX="959.7998" posY="-1940.9004" posZ="1.1" rotX="0" rotY="0" rotZ="85.99"></object>
    <object id="object (searock04) (4)" breakable="true" interior="0" collisions="true" alpha="255" model="900" doublesided="false" scale="1" dimension="0" posX="895.90002" posY="-1886.5" posZ="1.1" rotX="0" rotY="0" rotZ="69.995"></object>
    <object id="object (searock06) (6)" breakable="true" interior="0" collisions="true" alpha="255" model="896" doublesided="false" scale="1" dimension="0" posX="963" posY="-2033.2" posZ="5" rotX="0" rotY="0" rotZ="338"></object>
    <object id="object (searock06) (7)" breakable="true" interior="0" collisions="true" alpha="255" model="896" doublesided="false" scale="1" dimension="0" posX="960.40039" posY="-2025.5996" posZ="5" rotX="0" rotY="0" rotZ="338"></object>
    <object id="object (searock06) (8)" breakable="true" interior="0" collisions="true" alpha="255" model="896" doublesided="false" scale="1" dimension="0" posX="959.70001" posY="-2032.9" posZ="5" rotX="0" rotY="0" rotZ="338"></object>
    <object id="object (searock06) (9)" breakable="true" interior="0" collisions="true" alpha="255" model="896" doublesided="false" scale="1" dimension="0" posX="959.09961" posY="-2038" posZ="5" rotX="0" rotY="0" rotZ="338"></object>
    <object id="object (searock01) (14)" breakable="true" interior="0" collisions="true" alpha="255" model="897" doublesided="false" scale="1" dimension="0" posX="935.20001" posY="-1874.6" posZ="3.3" rotX="0" rotY="355.995" rotZ="325.497"></object>
    <object id="object (searock01) (15)" breakable="true" interior="0" collisions="true" alpha="255" model="897" doublesided="false" scale="1" dimension="0" posX="940.20001" posY="-1875" posZ="3.3" rotX="0" rotY="355.995" rotZ="325.497"></object>
    <object id="object (searock01) (16)" breakable="true" interior="0" collisions="true" alpha="255" model="897" doublesided="false" scale="1" dimension="0" posX="931.29999" posY="-1882" posZ="3.3" rotX="0" rotY="355.995" rotZ="327.497"></object>
    <object id="object (searock06) (10)" breakable="true" interior="0" collisions="true" alpha="255" model="896" doublesided="false" scale="1" dimension="0" posX="996.40002" posY="-2013.1" posZ="5" rotX="0" rotY="0" rotZ="294.748"></object>
    <object id="object (searock06) (11)" breakable="true" interior="0" collisions="true" alpha="255" model="896" doublesided="false" scale="1" dimension="0" posX="998.09998" posY="-2003.2" posZ="5" rotX="0" rotY="0" rotZ="302.747"></object>
    <object id="object (searock06) (12)" breakable="true" interior="0" collisions="true" alpha="255" model="896" doublesided="false" scale="1" dimension="0" posX="997.2998" posY="-1979.0996" posZ="5" rotX="0" rotY="0" rotZ="312.742"></object>
    <object id="object (searock06) (13)" breakable="true" interior="0" collisions="true" alpha="255" model="896" doublesided="false" scale="1" dimension="0" posX="971.59998" posY="-1895.4" posZ="5" rotX="0" rotY="0" rotZ="324.742"></object>
    <object id="object (searock06) (14)" breakable="true" interior="0" collisions="true" alpha="255" model="896" doublesided="false" scale="1" dimension="0" posX="966.5" posY="-1882.1" posZ="5" rotX="0" rotY="0" rotZ="352.739"></object>
    <object id="object (searock01) (18)" breakable="true" interior="0" collisions="true" alpha="255" model="897" doublesided="false" scale="1" dimension="0" posX="967.5" posY="-1887.9" posZ="3.3" rotX="0" rotY="355.995" rotZ="327.497"></object>
    <object id="object (searock01) (19)" breakable="true" interior="0" collisions="true" alpha="255" model="897" doublesided="false" scale="1" dimension="0" posX="959.29999" posY="-1880.6" posZ="3.3" rotX="0" rotY="355.995" rotZ="327.497"></object>
    <object id="object (searock01) (20)" breakable="true" interior="0" collisions="true" alpha="255" model="897" doublesided="false" scale="1" dimension="0" posX="955.70001" posY="-1880.8" posZ="3.3" rotX="0" rotY="355.995" rotZ="327.497"></object>
    <object id="object (searock01) (21)" breakable="true" interior="0" collisions="true" alpha="255" model="897" doublesided="false" scale="1" dimension="0" posX="957.90002" posY="-1878" posZ="3.3" rotX="0" rotY="355.995" rotZ="327.497"></object>
    <object id="object (searock01) (22)" breakable="true" interior="0" collisions="true" alpha="255" model="897" doublesided="false" scale="1" dimension="0" posX="967.79999" posY="-1902.1" posZ="3.3" rotX="0" rotY="355.995" rotZ="327.497"></object>
    <object id="object (searock01) (23)" breakable="true" interior="0" collisions="true" alpha="255" model="897" doublesided="false" scale="1" dimension="0" posX="972.5" posY="-1903.7" posZ="3.3" rotX="0" rotY="355.995" rotZ="327.497"></object>
    <object id="object (searock01) (25)" breakable="true" interior="0" collisions="true" alpha="255" model="897" doublesided="false" scale="1" dimension="0" posX="900.09998" posY="-1899.3" posZ="3.3" rotX="0" rotY="355.995" rotZ="327.497"></object>
    <object id="object (searock01) (26)" breakable="true" interior="0" collisions="true" alpha="255" model="897" doublesided="false" scale="1" dimension="0" posX="897.79999" posY="-1905.1" posZ="3.3" rotX="0" rotY="355.995" rotZ="327.497"></object>
    <object id="object (searock01) (27)" breakable="true" interior="0" collisions="true" alpha="255" model="897" doublesided="false" scale="1" dimension="0" posX="897.7998" posY="-1905.0996" posZ="3.3" rotX="0" rotY="355.995" rotZ="327.497"></object>
    <object id="object (searock05) (3)" breakable="true" interior="0" collisions="true" alpha="255" model="901" doublesided="false" scale="1" dimension="0" posX="892.29999" posY="-1899.6" posZ="0" rotX="0" rotY="0" rotZ="91.994"></object>
    <object id="object (searock05) (4)" breakable="true" interior="0" collisions="true" alpha="255" model="901" doublesided="false" scale="1" dimension="0" posX="887.20001" posY="-1891.7" posZ="0" rotX="0" rotY="0" rotZ="91.994"></object>
    <object id="object (searock05) (5)" breakable="true" interior="0" collisions="true" alpha="255" model="901" doublesided="false" scale="1" dimension="0" posX="903.20001" posY="-1894.7" posZ="0" rotX="0" rotY="0" rotZ="91.994"></object>
    <object id="object (des_skelsignbush_) (1)" breakable="true" interior="0" collisions="true" alpha="255" model="11500" doublesided="false" scale="1" dimension="0" posX="936.79999" posY="-1874.2" posZ="7.9" rotX="0" rotY="0" rotZ="0"></object>
    <object id="object (new_bushsm) (1)" breakable="true" interior="0" collisions="true" alpha="255" model="647" doublesided="false" scale="1" dimension="0" posX="936.5" posY="-1873.5" posZ="9.9" rotX="0" rotY="0" rotZ="0"></object>
    <object id="object (new_bushsm) (2)" breakable="true" interior="0" collisions="true" alpha="255" model="647" doublesided="false" scale="1" dimension="0" posX="931.70001" posY="-1876.8" posZ="7.7" rotX="0" rotY="0" rotZ="0"></object>
    <object id="object (new_bushsm) (3)" breakable="true" interior="0" collisions="true" alpha="255" model="647" doublesided="false" scale="1" dimension="0" posX="929.70001" posY="-1876.3" posZ="7.1" rotX="0" rotY="0" rotZ="0"></object>
    <object id="object (new_bushsm) (4)" breakable="true" interior="0" collisions="true" alpha="255" model="647" doublesided="false" scale="1" dimension="0" posX="929.59998" posY="-1886.9" posZ="4.3" rotX="0" rotY="0" rotZ="0"></object>
    <object id="object (new_bushsm) (5)" breakable="true" interior="0" collisions="true" alpha="255" model="647" doublesided="false" scale="1" dimension="0" posX="929" posY="-1886" posZ="6.6" rotX="0" rotY="0" rotZ="0"></object>
    <object id="object (new_bushsm) (6)" breakable="true" interior="0" collisions="true" alpha="255" model="647" doublesided="false" scale="1" dimension="0" posX="950.29999" posY="-1992.5" posZ="8.1" rotX="0" rotY="0" rotZ="0"></object>
    <object id="object (new_bushsm) (7)" breakable="true" interior="0" collisions="true" alpha="255" model="647" doublesided="false" scale="1" dimension="0" posX="925.20001" posY="-1984.2" posZ="5.9" rotX="0" rotY="0" rotZ="0"></object>
    <object id="object (new_bushsm) (8)" breakable="true" interior="0" collisions="true" alpha="255" model="647" doublesided="false" scale="1" dimension="0" posX="925.20001" posY="-1978.2" posZ="5.1" rotX="0" rotY="0" rotZ="0"></object>
    <object id="object (new_bushsm) (9)" breakable="true" interior="0" collisions="true" alpha="255" model="647" doublesided="false" scale="1" dimension="0" posX="914.90002" posY="-1975" posZ="2.6" rotX="0" rotY="0" rotZ="0"></object>
    <object id="object (new_bushsm) (10)" breakable="true" interior="0" collisions="true" alpha="255" model="647" doublesided="false" scale="1" dimension="0" posX="913.90002" posY="-1973.3" posZ="3.4" rotX="0" rotY="0" rotZ="0"></object>
    <object id="object (new_bushsm) (11)" breakable="true" interior="0" collisions="true" alpha="255" model="647" doublesided="false" scale="1" dimension="0" posX="952.20001" posY="-2000.3" posZ="7.1" rotX="0" rotY="0" rotZ="0"></object>
    <object id="object (new_bushsm) (12)" breakable="true" interior="0" collisions="true" alpha="255" model="647" doublesided="false" scale="1" dimension="0" posX="954.20001" posY="-2019" posZ="5.9" rotX="0" rotY="0" rotZ="0"></object>
    <object id="object (new_bushsm) (13)" breakable="true" interior="0" collisions="true" alpha="255" model="647" doublesided="false" scale="1" dimension="0" posX="952.70001" posY="-2030.4" posZ="6.9" rotX="0" rotY="0" rotZ="0"></object>
    <object id="object (new_bushsm) (14)" breakable="true" interior="0" collisions="true" alpha="255" model="647" doublesided="false" scale="1" dimension="0" posX="962.40002" posY="-2049.3" posZ="11.6" rotX="0" rotY="0" rotZ="0"></object>
    <object id="object (new_bushsm) (15)" breakable="true" interior="0" collisions="true" alpha="255" model="647" doublesided="false" scale="1" dimension="0" posX="975.29999" posY="-2055.8999" posZ="8.4" rotX="0" rotY="0" rotZ="0"></object>
    <object id="object (new_bushsm) (16)" breakable="true" interior="0" collisions="true" alpha="255" model="647" doublesided="false" scale="1" dimension="0" posX="973.5" posY="-2055.6001" posZ="10.1" rotX="0" rotY="0" rotZ="0"></object>
    <object id="object (new_bushsm) (17)" breakable="true" interior="0" collisions="true" alpha="255" model="647" doublesided="false" scale="1" dimension="0" posX="972.90002" posY="-2055.8" posZ="8.1" rotX="0" rotY="0" rotZ="0"></object>
    <object id="object (new_bushsm) (18)" breakable="true" interior="0" collisions="true" alpha="255" model="647" doublesided="false" scale="1" dimension="0" posX="990.29999" posY="-2049.5" posZ="8" rotX="0" rotY="0" rotZ="0"></object>
    <object id="object (new_bushsm) (19)" breakable="true" interior="0" collisions="true" alpha="255" model="647" doublesided="false" scale="1" dimension="0" posX="991.90002" posY="-2048.8999" posZ="8.4" rotX="0" rotY="0" rotZ="0"></object>
    <object id="object (new_bushsm) (20)" breakable="true" interior="0" collisions="true" alpha="255" model="647" doublesided="false" scale="1" dimension="0" posX="993.09998" posY="-2037.9" posZ="8.4" rotX="0" rotY="0" rotZ="0"></object>
    <object id="object (new_bushsm) (21)" breakable="true" interior="0" collisions="true" alpha="255" model="647" doublesided="false" scale="1" dimension="0" posX="972" posY="-2034.6" posZ="8.2" rotX="0" rotY="0" rotZ="0"></object>
    <object id="object (new_bushsm) (22)" breakable="true" interior="0" collisions="true" alpha="255" model="647" doublesided="false" scale="1" dimension="0" posX="1002" posY="-2007.6" posZ="9.8" rotX="0" rotY="0" rotZ="0"></object>
    <object id="object (new_bushsm) (23)" breakable="true" interior="0" collisions="true" alpha="255" model="647" doublesided="false" scale="1" dimension="0" posX="1002.1" posY="-2005.4" posZ="9.7" rotX="0" rotY="0" rotZ="0"></object>
    <object id="object (new_bushsm) (24)" breakable="true" interior="0" collisions="true" alpha="255" model="647" doublesided="false" scale="1" dimension="0" posX="1002.2" posY="-1981.8" posZ="9.5" rotX="0" rotY="0" rotZ="0"></object>
    <object id="object (new_bushsm) (25)" breakable="true" interior="0" collisions="true" alpha="255" model="647" doublesided="false" scale="1" dimension="0" posX="1002" posY="-1984" posZ="9.3" rotX="0" rotY="0" rotZ="0"></object>
    <object id="object (new_bushsm) (26)" breakable="true" interior="0" collisions="true" alpha="255" model="647" doublesided="false" scale="1" dimension="0" posX="1001.2" posY="-1984.9" posZ="11" rotX="0" rotY="0" rotZ="0"></object>
    <object id="object (new_bushsm) (27)" breakable="true" interior="0" collisions="true" alpha="255" model="647" doublesided="false" scale="1" dimension="0" posX="1001.4" posY="-1996.6" posZ="9.3" rotX="0" rotY="0" rotZ="0"></object>
    <object id="object (new_bushsm) (28)" breakable="true" interior="0" collisions="true" alpha="255" model="647" doublesided="false" scale="1" dimension="0" posX="999" posY="-1971.9" posZ="9.3" rotX="0" rotY="0" rotZ="0"></object>
    <object id="object (new_bushsm) (29)" breakable="true" interior="0" collisions="true" alpha="255" model="647" doublesided="false" scale="1" dimension="0" posX="997.70001" posY="-1971.1" posZ="8.7" rotX="0" rotY="0" rotZ="0"></object>
    <object id="object (new_bushsm) (30)" breakable="true" interior="0" collisions="true" alpha="255" model="647" doublesided="false" scale="1" dimension="0" posX="976.29999" posY="-1902.7" posZ="9.4" rotX="0" rotY="0" rotZ="0"></object>
    <object id="object (new_bushsm) (31)" breakable="true" interior="0" collisions="true" alpha="255" model="647" doublesided="false" scale="1" dimension="0" posX="975.5" posY="-1892.7" posZ="10" rotX="0" rotY="0" rotZ="0"></object>
    <object id="object (new_bushsm) (32)" breakable="true" interior="0" collisions="true" alpha="255" model="647" doublesided="false" scale="1" dimension="0" posX="976.09998" posY="-1895.7" posZ="9.9" rotX="0" rotY="0" rotZ="0"></object>
    <object id="object (new_bushsm) (33)" breakable="true" interior="0" collisions="true" alpha="255" model="647" doublesided="false" scale="1" dimension="0" posX="972.59998" posY="-1882.9" posZ="10.1" rotX="0" rotY="0" rotZ="0"></object>
    <object id="object (new_bushsm) (34)" breakable="true" interior="0" collisions="true" alpha="255" model="647" doublesided="false" scale="1" dimension="0" posX="970.59998" posY="-1880.3" posZ="9.8" rotX="0" rotY="0" rotZ="0"></object>
    <object id="object (new_bushsm) (35)" breakable="true" interior="0" collisions="true" alpha="255" model="647" doublesided="false" scale="1" dimension="0" posX="899.79999" posY="-1893.1" posZ="6.1" rotX="0" rotY="0" rotZ="0"></object>
    <object id="object (new_bushsm) (36)" breakable="true" interior="0" collisions="true" alpha="255" model="647" doublesided="false" scale="1" dimension="0" posX="902.5" posY="-1893.7" posZ="5.7" rotX="0" rotY="0" rotZ="0"></object>
    <object id="object (new_bushsm) (37)" breakable="true" interior="0" collisions="true" alpha="255" model="647" doublesided="false" scale="1" dimension="0" posX="897.40002" posY="-1894.1" posZ="6.4" rotX="0" rotY="0" rotZ="0"></object>
    <object id="object (new_bushsm) (38)" breakable="true" interior="0" collisions="true" alpha="255" model="647" doublesided="false" scale="1" dimension="0" posX="887.79999" posY="-1888.3" posZ="5.5" rotX="0" rotY="0" rotZ="0"></object>
    <object id="object (new_bushsm) (39)" breakable="true" interior="0" collisions="true" alpha="255" model="647" doublesided="false" scale="1" dimension="0" posX="885.70001" posY="-1887.6" posZ="4.5" rotX="0" rotY="0" rotZ="0"></object>
    <object id="object (new_bushsm) (40)" breakable="true" interior="0" collisions="true" alpha="255" model="647" doublesided="false" scale="1" dimension="0" posX="884.79999" posY="-1886" posZ="4.4" rotX="0" rotY="0" rotZ="0"></object>
    <object id="object (new_bushsm) (41)" breakable="true" interior="0" collisions="true" alpha="255" model="647" doublesided="false" scale="1" dimension="0" posX="893.70001" posY="-1901" posZ="6.5" rotX="0" rotY="0" rotZ="0"></object>
    <object id="object (new_bushsm) (42)" breakable="true" interior="0" collisions="true" alpha="255" model="647" doublesided="false" scale="1" dimension="0" posX="893.29999" posY="-1902.3" posZ="6.5" rotX="0" rotY="0" rotZ="0"></object>
    <object id="object (new_bushsm) (43)" breakable="true" interior="0" collisions="true" alpha="255" model="647" doublesided="false" scale="1" dimension="0" posX="892.59998" posY="-1904" posZ="6.3" rotX="0" rotY="0" rotZ="0"></object>
    <object id="object (new_bushsm) (44)" breakable="true" interior="0" collisions="true" alpha="255" model="647" doublesided="false" scale="1" dimension="0" posX="903" posY="-1904.7" posZ="4.9" rotX="0" rotY="0" rotZ="0"></object>
    <object id="object (new_bushsm) (45)" breakable="true" interior="0" collisions="true" alpha="255" model="647" doublesided="false" scale="1" dimension="0" posX="903.79999" posY="-1904.1" posZ="3" rotX="0" rotY="0" rotZ="0"></object>
    <object id="object (new_bushsm) (46)" breakable="true" interior="0" collisions="true" alpha="255" model="647" doublesided="false" scale="1" dimension="0" posX="902.5" posY="-1904.5" posZ="6.4" rotX="0" rotY="0" rotZ="0"></object>
    <object id="object (lounger) (1)" breakable="true" interior="0" collisions="true" alpha="255" model="1255" doublesided="false" scale="1" dimension="0" posX="919.09998" posY="-1892.9" posZ="1.3999" rotX="0" rotY="11.6" rotZ="268.75"></object>
    <object id="object (lounger) (2)" breakable="true" interior="0" collisions="true" alpha="255" model="1255" doublesided="false" scale="1" dimension="0" posX="915.09961" posY="-1892.5" posZ="1.459" rotX="10" rotY="8.998" rotZ="316"></object>
    <object id="object (new_bushsm) (47)" breakable="true" interior="0" collisions="true" alpha="255" model="647" doublesided="false" scale="1" dimension="0" posX="957.90002" posY="-2027.5" posZ="12.5" rotX="0" rotY="0" rotZ="0"></object>
    <object id="object (new_bushsm) (48)" breakable="true" interior="0" collisions="true" alpha="255" model="647" doublesided="false" scale="1" dimension="0" posX="952.90002" posY="-2019.7" posZ="5" rotX="0" rotY="0" rotZ="0"></object>
    <object id="object (BinNt07_LA) (2)" breakable="true" interior="0" collisions="true" alpha="255" model="1337" doublesided="false" scale="1" dimension="0" posX="949.75745" posY="-2022.76404" posZ="-0.26518"></object>
    <object id="object (new_bushsm) (49)" breakable="true" interior="0" collisions="true" alpha="255" model="647" doublesided="false" scale="1" dimension="0" posX="952" posY="-2028.1" posZ="5.2" rotX="0" rotY="0" rotZ="0"></object>
    <object id="object (new_bushsm) (50)" breakable="true" interior="0" collisions="true" alpha="255" model="647" doublesided="false" scale="1" dimension="0" posX="950.20001" posY="-1998.7" posZ="4.5" rotX="0" rotY="0" rotZ="0"></object>
    <object id="object (new_bushsm) (51)" breakable="true" interior="0" collisions="true" alpha="255" model="647" doublesided="false" scale="1" dimension="0" posX="931.59998" posY="-1985.3" posZ="9.2" rotX="0" rotY="0" rotZ="0"></object>
    <object id="object (new_bushsm) (52)" breakable="true" interior="0" collisions="true" alpha="255" model="647" doublesided="false" scale="1" dimension="0" posX="930.90002" posY="-1983.5" posZ="10.3" rotX="0" rotY="0" rotZ="0"></object>
    <object id="object (new_bushsm) (53)" breakable="true" interior="0" collisions="true" alpha="255" model="647" doublesided="false" scale="1" dimension="0" posX="969.09998" posY="-1888.4" posZ="11.7" rotX="0" rotY="0" rotZ="0"></object>
    <object id="object (new_bushsm) (54)" breakable="true" interior="0" collisions="true" alpha="255" model="647" doublesided="false" scale="1" dimension="0" posX="971.20001" posY="-1888.5" posZ="11.9" rotX="0" rotY="0" rotZ="0"></object>
    <object id="object (lib_veg3) (1)" breakable="true" interior="0" collisions="true" alpha="255" model="3920" doublesided="false" scale="1" dimension="0" posX="946.09998" posY="-1903.6" posZ="8" rotX="0" rotY="0" rotZ="194"></object>
    <object id="object (lib_veg3) (2)" breakable="true" interior="0" collisions="true" alpha="255" model="3920" doublesided="false" scale="1" dimension="0" posX="948.59998" posY="-1903" posZ="8" rotX="0" rotY="0" rotZ="193.997"></object>
    <object id="object (lib_veg3) (3)" breakable="true" interior="0" collisions="true" alpha="255" model="3920" doublesided="false" scale="1" dimension="0" posX="951" posY="-1947.8" posZ="4.8" rotX="0" rotY="0" rotZ="104"></object>
    <object id="object (lib_veg3) (4)" breakable="true" interior="0" collisions="true" alpha="255" model="3920" doublesided="false" scale="1" dimension="0" posX="953.79999" posY="-1959.1" posZ="4.8" rotX="0" rotY="0" rotZ="103.997"></object>
    <object id="object (lib_veg3) (5)" breakable="true" interior="0" collisions="true" alpha="255" model="3920" doublesided="false" scale="1" dimension="0" posX="956.70001" posY="-1970.8" posZ="4.8" rotX="0" rotY="0" rotZ="103.997"></object>
    <object id="object (lib_veg3) (6)" breakable="true" interior="0" collisions="true" alpha="255" model="3920" doublesided="false" scale="1" dimension="0" posX="958" posY="-1976" posZ="4.8" rotX="0" rotY="0" rotZ="103.997"></object>
    <object id="object (lib_veg3) (7)" breakable="true" interior="0" collisions="true" alpha="255" model="3920" doublesided="false" scale="1" dimension="0" posX="948.09998" posY="-1936.2" posZ="4.8" rotX="0" rotY="0" rotZ="103.997"></object>
    <object id="object (lib_veg3) (8)" breakable="true" interior="0" collisions="true" alpha="255" model="3920" doublesided="false" scale="1" dimension="0" posX="946.5" posY="-1930" posZ="4.8" rotX="0" rotY="0" rotZ="103.997"></object>
    <object id="object (lib_veg3) (9)" breakable="true" interior="0" collisions="true" alpha="255" model="3920" doublesided="false" scale="1" dimension="0" posX="942.70001" posY="-1914.8" posZ="4.8" rotX="0" rotY="0" rotZ="103.997"></object>
    <object id="object (lib_veg3) (10)" breakable="true" interior="0" collisions="true" alpha="255" model="3920" doublesided="false" scale="1" dimension="0" posX="940" posY="-1903.9" posZ="4.8" rotX="0" rotY="0" rotZ="103.997"></object>
    <object id="object (lib_veg3) (11)" breakable="true" interior="0" collisions="true" alpha="255" model="3920" doublesided="false" scale="1" dimension="0" posX="937.09998" posY="-1892.1" posZ="4.8" rotX="0" rotY="0" rotZ="103.997"></object>
    <object id="object (lib_veg3) (12)" breakable="true" interior="0" collisions="true" alpha="255" model="3920" doublesided="false" scale="1" dimension="0" posX="970.20001" posY="-1997.7" posZ="9.3" rotX="0" rotY="0" rotZ="14"></object>
    <object id="object (lib_veg3) (13)" breakable="true" interior="0" collisions="true" alpha="255" model="3920" doublesided="false" scale="1" dimension="0" posX="973.90002" posY="-1996.8" posZ="9.3" rotX="0" rotY="0" rotZ="13.997"></object>
    <object id="object (searock01) (28)" breakable="true" interior="0" collisions="true" alpha="255" model="897" doublesided="false" scale="1" dimension="0" posX="955.09998" posY="-1912.7" posZ="3.3" rotX="0" rotY="355.995" rotZ="327.497"></object>
    <object id="object (searock01) (29)" breakable="true" interior="0" collisions="true" alpha="255" model="897" doublesided="false" scale="1" dimension="0" posX="952.40002" posY="-1911.7" posZ="3.3" rotX="0" rotY="355.995" rotZ="259.497"></object>
    <object id="object (new_bushtest) (1)" breakable="true" interior="0" collisions="true" alpha="255" model="762" doublesided="false" scale="1" dimension="0" posX="895.5" posY="-1896.5" posZ="8" rotX="0" rotY="0" rotZ="0"></object>
    <object id="object (genVEG_bush12) (1)" breakable="true" interior="0" collisions="true" alpha="255" model="808" doublesided="false" scale="1" dimension="0" posX="937.59998" posY="-1897.2" posZ="1.4" rotX="0" rotY="0" rotZ="0"></object>
    <object id="object (genVEG_tallgrass) (1)" breakable="true" interior="0" collisions="true" alpha="255" model="806" doublesided="false" scale="1" dimension="0" posX="937" posY="-1904.6" posZ="1.5" rotX="0" rotY="0" rotZ="0"></object>
    <object id="object (genVEG_tallgrass) (2)" breakable="true" interior="0" collisions="true" alpha="255" model="806" doublesided="false" scale="1" dimension="0" posX="938" posY="-1904.1" posZ="1.5" rotX="0" rotY="0" rotZ="0"></object>
    <object id="object (genVEG_bush07) (1)" breakable="true" interior="0" collisions="true" alpha="255" model="800" doublesided="false" scale="1" dimension="0" posX="888.70001" posY="-1898.3" posZ="7.3" rotX="0" rotY="0" rotZ="0"></object>
    <object id="object (genVEG_tallgrass) (3)" breakable="true" interior="0" collisions="true" alpha="255" model="806" doublesided="false" scale="1" dimension="0" posX="939.09998" posY="-1903.8" posZ="1.7" rotX="0" rotY="0" rotZ="0"></object>
    <object id="object (genVEG_tallgrass) (4)" breakable="true" interior="0" collisions="true" alpha="255" model="806" doublesided="false" scale="1" dimension="0" posX="936.5" posY="-1902.6" posZ="1.8" rotX="0" rotY="0" rotZ="0"></object>
    <object id="object (genVEG_tallgrass) (5)" breakable="true" interior="0" collisions="true" alpha="255" model="806" doublesided="false" scale="1" dimension="0" posX="931.5" posY="-1898.6" posZ="2.8" rotX="0" rotY="0" rotZ="0"></object>
    <object id="object (genVEG_tallgrass) (6)" breakable="true" interior="0" collisions="true" alpha="255" model="806" doublesided="false" scale="1" dimension="0" posX="930.09998" posY="-1898.8" posZ="2.7" rotX="0" rotY="0" rotZ="0"></object>
    <object id="object (genVEG_tallgrass03) (1)" breakable="true" interior="0" collisions="true" alpha="255" model="819" doublesided="false" scale="1" dimension="0" posX="926.40002" posY="-1898" posZ="1.1" rotX="0" rotY="0" rotZ="0"></object>
    <object id="object (genVEG_tallgrass04) (1)" breakable="true" interior="0" collisions="true" alpha="255" model="820" doublesided="false" scale="1" dimension="0" posX="924" posY="-1895" posZ="0.1" rotX="0" rotY="0" rotZ="0"></object>
    <object id="object (genVEG_tallgrass05) (1)" breakable="true" interior="0" collisions="true" alpha="255" model="821" doublesided="false" scale="1" dimension="0" posX="906.70001" posY="-1889" posZ="4" rotX="0" rotY="0" rotZ="0"></object>
    <object id="object (genVEG_tallgrass05) (2)" breakable="true" interior="0" collisions="true" alpha="255" model="821" doublesided="false" scale="1" dimension="0" posX="908.29999" posY="-1891.9" posZ="3.1" rotX="0" rotY="0" rotZ="0"></object>
    <object id="object (genVEG_tallgrass06) (1)" breakable="true" interior="0" collisions="true" alpha="255" model="822" doublesided="false" scale="1" dimension="0" posX="910" posY="-1894.2" posZ="2.7" rotX="0" rotY="0" rotZ="0"></object>
    <object id="object (genVEG_tallgrass07) (1)" breakable="true" interior="0" collisions="true" alpha="255" model="823" doublesided="false" scale="1" dimension="0" posX="926" posY="-1884.7" posZ="6" rotX="0" rotY="0" rotZ="0"></object>
    <object id="object (genVEG_tallgrass07) (2)" breakable="true" interior="0" collisions="true" alpha="255" model="823" doublesided="false" scale="1" dimension="0" posX="929.59998" posY="-1887.4" posZ="5.2" rotX="0" rotY="0" rotZ="0"></object>
    <object id="object (genVEG_tallgrass11) (1)" breakable="true" interior="0" collisions="true" alpha="255" model="827" doublesided="false" scale="1" dimension="0" posX="951.09998" posY="-1913.6" posZ="10" rotX="0" rotY="0" rotZ="0"></object>
    <object id="object (genVEG_tallgrass01) (1)" breakable="true" interior="0" collisions="true" alpha="255" model="855" doublesided="false" scale="1" dimension="0" posX="946.40002" posY="-1933.3" posZ="0" rotX="0" rotY="0" rotZ="0"></object>
    <object id="object (genVEG_tallgrass01) (2)" breakable="true" interior="0" collisions="true" alpha="255" model="855" doublesided="false" scale="1" dimension="0" posX="947.5" posY="-1938.2" posZ="0.8" rotX="0" rotY="0" rotZ="0"></object>
    <object id="object (genVEG_tallgrass01) (3)" breakable="true" interior="0" collisions="true" alpha="255" model="855" doublesided="false" scale="1" dimension="0" posX="948.70001" posY="-1943" posZ="0" rotX="0" rotY="0" rotZ="0"></object>
    <object id="object (genVEG_tallgrass01) (4)" breakable="true" interior="0" collisions="true" alpha="255" model="855" doublesided="false" scale="1" dimension="0" posX="949.09998" posY="-1948" posZ="0" rotX="0" rotY="0" rotZ="0"></object>
    <object id="object (genVEG_tallgrass01) (5)" breakable="true" interior="0" collisions="true" alpha="255" model="855" doublesided="false" scale="1" dimension="0" posX="950.59998" posY="-1952.7" posZ="0" rotX="0" rotY="0" rotZ="0"></object>
    <object id="object (genVEG_tallgrass12) (1)" breakable="true" interior="0" collisions="true" alpha="255" model="856" doublesided="false" scale="1" dimension="0" posX="887.70001" posY="-1905.2" posZ="0" rotX="0" rotY="0" rotZ="0"></object>
    <object id="object (genVEG_tallgrass05) (3)" breakable="true" interior="0" collisions="true" alpha="255" model="821" doublesided="false" scale="1" dimension="0" posX="923.79999" posY="-1956.4" posZ="0" rotX="0" rotY="0" rotZ="0"></object>
    <object id="object (genVEG_tallgrass04) (2)" breakable="true" interior="0" collisions="true" alpha="255" model="820" doublesided="false" scale="1" dimension="0" posX="937.29999" posY="-1929.8" posZ="0" rotX="0" rotY="0" rotZ="0"></object>
    <object id="object (genVEG_tallgrass04) (3)" breakable="true" interior="0" collisions="true" alpha="255" model="820" doublesided="false" scale="1" dimension="0" posX="917.79999" posY="-1960.3" posZ="0" rotX="0" rotY="0" rotZ="0"></object>
    <object id="object (genVEG_tallgrass03) (2)" breakable="true" interior="0" collisions="true" alpha="255" model="819" doublesided="false" scale="1" dimension="0" posX="914.40002" posY="-1960.5" posZ="0" rotX="0" rotY="0" rotZ="0"></object>
    <object id="object (genVEG_tallgrass07) (3)" breakable="true" interior="0" collisions="true" alpha="255" model="823" doublesided="false" scale="1" dimension="0" posX="924.5" posY="-1986" posZ="4.8" rotX="0" rotY="0" rotZ="0"></object>
    <object id="object (genVEG_tallgrass07) (4)" breakable="true" interior="0" collisions="true" alpha="255" model="823" doublesided="false" scale="1" dimension="0" posX="923.09998" posY="-1982.4" posZ="6.6" rotX="0" rotY="0" rotZ="0"></object>
    <object id="object (genVEG_tallgrass07) (5)" breakable="true" interior="0" collisions="true" alpha="255" model="823" doublesided="false" scale="1" dimension="0" posX="920.70001" posY="-1981.9" posZ="5.6" rotX="0" rotY="0" rotZ="0"></object>
    <object id="object (genVEG_tallgrass07) (6)" breakable="true" interior="0" collisions="true" alpha="255" model="823" doublesided="false" scale="1" dimension="0" posX="950.09961" posY="-2019.2002" posZ="3.8" rotX="0" rotY="0" rotZ="0"></object>
    <object id="object (genVEG_tallgrass07) (7)" breakable="true" interior="0" collisions="true" alpha="255" model="823" doublesided="false" scale="1" dimension="0" posX="954.59998" posY="-2017.6" posZ="7.3" rotX="0" rotY="0" rotZ="0"></object>
    <object id="object (genVEG_tallgrass05) (4)" breakable="true" interior="0" collisions="true" alpha="255" model="821" doublesided="false" scale="1" dimension="0" posX="956.5" posY="-2003.8" posZ="6.5" rotX="0" rotY="0" rotZ="0"></object>
    <object id="object (genVEG_tallgrass04) (4)" breakable="true" interior="0" collisions="true" alpha="255" model="820" doublesided="false" scale="1" dimension="0" posX="956.70001" posY="-2007.4" posZ="5.2" rotX="0" rotY="0" rotZ="0"></object>
    <object id="object (genVEG_tallgrass05) (5)" breakable="true" interior="0" collisions="true" alpha="255" model="821" doublesided="false" scale="1" dimension="0" posX="957.09998" posY="-2010.9" posZ="7.6" rotX="0" rotY="0" rotZ="0"></object>
    <object id="object (genVEG_tallgrass03) (3)" breakable="true" interior="0" collisions="true" alpha="255" model="819" doublesided="false" scale="1" dimension="0" posX="957.79999" posY="-2015" posZ="7.1" rotX="0" rotY="0" rotZ="0"></object>
    <object id="object (genVEG_tallgrass07) (8)" breakable="true" interior="0" collisions="true" alpha="255" model="823" doublesided="false" scale="1" dimension="0" posX="985.70001" posY="-2051.8" posZ="7.7" rotX="0" rotY="0" rotZ="0"></object>
    <object id="object (genVEG_tallgrass07) (9)" breakable="true" interior="0" collisions="true" alpha="255" model="823" doublesided="false" scale="1" dimension="0" posX="981.09998" posY="-2054" posZ="6.3" rotX="0" rotY="0" rotZ="0"></object>
    <object id="object (genVEG_tallgrass07) (10)" breakable="true" interior="0" collisions="true" alpha="255" model="823" doublesided="false" scale="1" dimension="0" posX="966.40002" posY="-2054.1001" posZ="2.8" rotX="0" rotY="0" rotZ="0"></object>
    <object id="object (genVEG_tallgrass07) (11)" breakable="true" interior="0" collisions="true" alpha="255" model="823" doublesided="false" scale="1" dimension="0" posX="977.09998" posY="-1898.6" posZ="10.8" rotX="0" rotY="0" rotZ="0"></object>
    <object id="object (genVEG_tallgrass05) (6)" breakable="true" interior="0" collisions="true" alpha="255" model="821" doublesided="false" scale="1" dimension="0" posX="974.79999" posY="-1888.7" posZ="10.2" rotX="0" rotY="0" rotZ="0"></object>
    <object id="object (genVEG_tallgrass04) (5)" breakable="true" interior="0" collisions="true" alpha="255" model="820" doublesided="false" scale="1" dimension="0" posX="976.40002" posY="-1892.5" posZ="8.2" rotX="0" rotY="0" rotZ="0"></object>
    <object id="object (genVEG_tallgrass02) (1)" breakable="true" interior="0" collisions="true" alpha="255" model="818" doublesided="false" scale="1" dimension="0" posX="975.09998" posY="-1885.2" posZ="12.1" rotX="0" rotY="0" rotZ="0"></object>
    <object id="object (genVEG_tallgrass06) (2)" breakable="true" interior="0" collisions="true" alpha="255" model="822" doublesided="false" scale="1" dimension="0" posX="999.90002" posY="-1987.1" posZ="9.2" rotX="0" rotY="0" rotZ="0"></object>
    <object id="object (genVEG_tallgrass01) (6)" breakable="true" interior="0" collisions="true" alpha="255" model="855" doublesided="false" scale="1" dimension="0" posX="943.70001" posY="-1951.1" posZ="0" rotX="0" rotY="0" rotZ="0"></object>
    <object id="object (genVEG_tallgrass08) (1)" breakable="true" interior="0" collisions="true" alpha="255" model="824" doublesided="false" scale="1" dimension="0" posX="929.29999" posY="-1873.8" posZ="10.2" rotX="0" rotY="0" rotZ="0"></object>
    <object id="object (genVEG_tallgrass08) (2)" breakable="true" interior="0" collisions="true" alpha="255" model="824" doublesided="false" scale="1" dimension="0" posX="927.20001" posY="-1877.6" posZ="7" rotX="0" rotY="0" rotZ="0"></object>
    <object id="object (genVEG_bushy) (1)" breakable="true" interior="0" collisions="true" alpha="255" model="825" doublesided="false" scale="1" dimension="0" posX="960.79999" posY="-1875.8" posZ="9.9" rotX="0" rotY="0" rotZ="0"></object>
    <object id="object (genVEG_tallgrass10) (1)" breakable="true" interior="0" collisions="true" alpha="255" model="826" doublesided="false" scale="1" dimension="0" posX="1002.9" posY="-2000.6" posZ="10.8" rotX="0" rotY="0" rotZ="0"></object>
    <object id="object (genVEG_tallgrass08) (3)" breakable="true" interior="0" collisions="true" alpha="255" model="824" doublesided="false" scale="1" dimension="0" posX="1002.5" posY="-1997.6" posZ="9.8" rotX="0" rotY="0" rotZ="0"></object>
    <object id="object (genVEG_tallgrass01) (7)" breakable="true" interior="0" collisions="true" alpha="255" model="855" doublesided="false" scale="1" dimension="0" posX="1003.6" posY="-1978.4" posZ="8.2" rotX="0" rotY="0" rotZ="0"></object>
    <object id="object (genVEG_tallgrass01) (8)" breakable="true" interior="0" collisions="true" alpha="255" model="855" doublesided="false" scale="1" dimension="0" posX="1002.7" posY="-1974.9" posZ="8.1" rotX="0" rotY="0" rotZ="0"></object>
    <object id="object (genVEG_tallgrass10) (2)" breakable="true" interior="0" collisions="true" alpha="255" model="826" doublesided="false" scale="1" dimension="0" posX="995.20001" posY="-2047.6" posZ="9.5" rotX="0" rotY="0" rotZ="0"></object>
    <object id="object (genVEG_tallgrass06) (3)" breakable="true" interior="0" collisions="true" alpha="255" model="822" doublesided="false" scale="1" dimension="0" posX="996.79999" posY="-2044.4" posZ="10.1" rotX="0" rotY="0" rotZ="0"></object>
    <object id="object (genVEG_tallgrass02) (2)" breakable="true" interior="0" collisions="true" alpha="255" model="818" doublesided="false" scale="1" dimension="0" posX="997.20001" posY="-2040.8" posZ="11.6" rotX="0" rotY="0" rotZ="0"></object>
    <object id="object (parktable1) (1)" breakable="true" interior="0" collisions="true" alpha="255" model="1281" doublesided="false" scale="1" dimension="0" posX="977.29999" posY="-1925.8" posZ="6.4" rotX="0" rotY="0" rotZ="0"></object>
    <object id="object (parktable1) (2)" breakable="true" interior="0" collisions="true" alpha="255" model="1281" doublesided="false" scale="1" dimension="0" posX="980.90002" posY="-1931.7" posZ="6.4" rotX="0" rotY="0" rotZ="27.746"></object>
    <object id="object (parktable1) (3)" breakable="true" interior="0" collisions="true" alpha="255" model="1281" doublesided="false" scale="1" dimension="0" posX="980.90002" posY="-1937.9" posZ="6.4" rotX="0" rotY="0" rotZ="328"></object>
    <object id="object (lounger) (3)" breakable="true" interior="0" collisions="true" alpha="255" model="1255" doublesided="false" scale="1" dimension="0" posX="916.7002" posY="-1890.2998" posZ="2.1" rotX="4" rotY="14.9" rotZ="281.997"></object>
    <object id="object (kb_canopy_test) (1)" breakable="true" interior="0" collisions="true" alpha="255" model="642" doublesided="false" scale="1" dimension="0" posX="949.40002" posY="-1884.9" posZ="7" rotX="0" rotY="0" rotZ="0"></object>
    <object id="object (kb_chr_tbl_test) (1)" breakable="true" interior="0" collisions="true" alpha="255" model="643" doublesided="false" scale="1" dimension="0" posX="959.5" posY="-1899.5996" posZ="6.09" rotX="0" rotY="0" rotZ="0"></object>
    <object id="object (kb_chr_tbl_test) (2)" breakable="true" interior="0" collisions="true" alpha="255" model="643" doublesided="false" scale="1" dimension="0" posX="955.90002" posY="-1894.2" posZ="6.1" rotX="0" rotY="0" rotZ="0"></object>
    <object id="object (kb_canopy_test) (2)" breakable="true" interior="0" collisions="true" alpha="255" model="642" doublesided="false" scale="1" dimension="0" posX="960.2998" posY="-1901.5" posZ="7" rotX="0" rotY="0" rotZ="0"></object>
    <object id="object (kb_chr_tbl_test) (3)" breakable="true" interior="0" collisions="true" alpha="255" model="643" doublesided="false" scale="1" dimension="0" posX="950.40002" posY="-1888.9" posZ="6.1" rotX="0" rotY="0" rotZ="0"></object>
    <object id="object (kb_canopy_test) (3)" breakable="true" interior="0" collisions="true" alpha="255" model="642" doublesided="false" scale="1" dimension="0" posX="954.59961" posY="-1893.2002" posZ="7" rotX="0" rotY="0" rotZ="0"></object>
    <object id="object (kb_chr_tbl_test) (4)" breakable="true" interior="0" collisions="true" alpha="255" model="643" doublesided="false" scale="1" dimension="0" posX="944.79999" posY="-1910.2" posZ="6.1" rotX="0" rotY="0" rotZ="0"></object>
    <object id="object (kb_chr_tbl_test) (5)" breakable="true" interior="0" collisions="true" alpha="255" model="643" doublesided="false" scale="1" dimension="0" posX="962.90002" posY="-1907.4" posZ="6.1" rotX="0" rotY="0" rotZ="0"></object>
    <object id="object (kb_chr_tbl_test) (6)" breakable="true" interior="0" collisions="true" alpha="255" model="643" doublesided="false" scale="1" dimension="0" posX="948.90002" posY="-1883.6" posZ="6.1" rotX="0" rotY="0" rotZ="0"></object>
    <object id="object (kb_canopy_test) (4)" breakable="true" interior="0" collisions="true" alpha="255" model="642" doublesided="false" scale="1" dimension="0" posX="943.40002" posY="-1894.4" posZ="7" rotX="0" rotY="0" rotZ="0"></object>
    <object id="object (kb_chr_tbl_test) (7)" breakable="true" interior="0" collisions="true" alpha="255" model="643" doublesided="false" scale="1" dimension="0" posX="946.5" posY="-1893.0996" posZ="6.1" rotX="0" rotY="0" rotZ="0"></object>
    <object id="object (kb_canopy_test) (5)" breakable="true" interior="0" collisions="true" alpha="255" model="642" doublesided="false" scale="1" dimension="0" posX="951.2002" posY="-1888.5" posZ="7" rotX="0" rotY="0" rotZ="0"></object>
    <object id="object (kb_chr_tbl_test) (9)" breakable="true" interior="0" collisions="true" alpha="255" model="643" doublesided="false" scale="1" dimension="0" posX="941.2002" posY="-1896" posZ="6.1" rotX="0" rotY="0" rotZ="0"></object>
    <object id="object (kb_chr_tbl_test) (10)" breakable="true" interior="0" collisions="true" alpha="255" model="643" doublesided="false" scale="1" dimension="0" posX="945.40002" posY="-1915.1" posZ="6.1" rotX="0" rotY="0" rotZ="0"></object>
    <object id="object (kb_chr_tbl_test) (12)" breakable="true" interior="0" collisions="true" alpha="255" model="643" doublesided="false" scale="1" dimension="0" posX="943.20001" posY="-1905.8" posZ="6.1" rotX="0" rotY="0" rotZ="0"></object>
    <object id="object (tikitorch01_lvs) (1)" breakable="true" interior="0" collisions="true" alpha="255" model="3461" doublesided="false" scale="1" dimension="0" posX="990.40002" posY="-1974" posZ="7.2" rotX="0" rotY="0" rotZ="0"></object>
    <object id="object (tikitorch01_lvs) (2)" breakable="true" interior="0" collisions="true" alpha="255" model="3461" doublesided="false" scale="1" dimension="0" posX="977.90002" posY="-1922.1" posZ="7.2" rotX="0" rotY="0" rotZ="0"></object>
    <object id="object (tikitorch01_lvs) (3)" breakable="true" interior="0" collisions="true" alpha="255" model="3461" doublesided="false" scale="1" dimension="0" posX="958" posY="-1907.4" posZ="7.2" rotX="0" rotY="0" rotZ="0"></object>
    <object id="object (tikitorch01_lvs) (4)" breakable="true" interior="0" collisions="true" alpha="255" model="3461" doublesided="false" scale="1" dimension="0" posX="964.09961" posY="-1898.5996" posZ="7.2" rotX="0" rotY="0" rotZ="0"></object>
    <object id="object (vegaswaterfall02) (1)" breakable="true" interior="0" collisions="true" alpha="255" model="7916" doublesided="false" scale="1" dimension="0" posX="949.59998" posY="-2015.1" posZ="2" rotX="0" rotY="0" rotZ="272.499"></object>
    <object id="object (CJ_SURF_BOARD2) (1)" breakable="true" interior="0" collisions="true" alpha="255" model="2405" doublesided="false" scale="1" dimension="0" posX="953.20001" posY="-1926" posZ="6.9" rotX="0" rotY="0" rotZ="0"></object>
    <object id="object (CJ_SURF_BOARD4) (1)" breakable="true" interior="0" collisions="true" alpha="255" model="2410" doublesided="false" scale="1" dimension="0" posX="953.20001" posY="-1926.5" posZ="5.7" rotX="0" rotY="0" rotZ="0"></object>
    <object id="object (CJ_SURF_BOARD) (1)" breakable="true" interior="0" collisions="true" alpha="255" model="2404" doublesided="false" scale="1" dimension="0" posX="954.09998" posY="-1925.8" posZ="6.9" rotX="0" rotY="0" rotZ="0"></object>
    <object id="object (chillidogcart) (1)" breakable="true" interior="0" collisions="true" alpha="255" model="1340" doublesided="false" scale="1" dimension="0" posX="976.40002" posY="-1930.2" posZ="6.7" rotX="0" rotY="0" rotZ="14"></object>
    <object id="object (Streetlamp2) (1)" breakable="true" interior="0" collisions="true" alpha="255" model="1231" doublesided="false" scale="1" dimension="0" posX="944.5" posY="-1920.3" posZ="8.3" rotX="0" rotY="0" rotZ="0"></object>
    <object id="object (Streetlamp2) (2)" breakable="true" interior="0" collisions="true" alpha="255" model="1231" doublesided="false" scale="1" dimension="0" posX="959.29999" posY="-1887.5" posZ="8.3" rotX="0" rotY="0" rotZ="0"></object>
    <object id="object (Streetlamp2) (3)" breakable="true" interior="0" collisions="true" alpha="255" model="1231" doublesided="false" scale="1" dimension="0" posX="945.5" posY="-1925" posZ="8.3" rotX="0" rotY="0" rotZ="0"></object>
    <object id="object (Streetlamp2) (4)" breakable="true" interior="0" collisions="true" alpha="255" model="1231" doublesided="false" scale="1" dimension="0" posX="936.2002" posY="-1880.0996" posZ="8.3" rotX="0" rotY="0" rotZ="0"></object>
    <object id="object (Streetlamp2) (5)" breakable="true" interior="0" collisions="true" alpha="255" model="1231" doublesided="false" scale="1" dimension="0" posX="968.90002" posY="-1907.0601" posZ="8.31" rotX="0" rotY="0" rotZ="0"></object>
    <object id="object (Streetlamp2) (6)" breakable="true" interior="0" collisions="true" alpha="255" model="1231" doublesided="false" scale="1" dimension="0" posX="985.59998" posY="-1939.8" posZ="8.3" rotX="0" rotY="0" rotZ="0"></object>
    <object id="object (vgsN_portaloo) (1)" breakable="true" interior="0" collisions="true" alpha="255" model="3504" doublesided="false" scale="1" dimension="0" posX="961.09998" posY="-1943.4" posZ="6.9" rotX="0" rotY="0" rotZ="0"></object>
    <object id="object (vgsN_portaloo) (2)" breakable="true" interior="0" collisions="true" alpha="255" model="3504" doublesided="false" scale="1" dimension="0" posX="968.70001" posY="-1955" posZ="6.9" rotX="0" rotY="0" rotZ="52"></object>
    <object id="object (vgsN_portaloo) (3)" breakable="true" interior="0" collisions="true" alpha="255" model="3504" doublesided="false" scale="1" dimension="0" posX="963.2002" posY="-1943.2998" posZ="6.9" rotX="0" rotY="0" rotZ="0"></object>
    <object id="object (ammotrn_obj) (1)" breakable="true" interior="0" collisions="true" alpha="255" model="3066" doublesided="false" scale="1" dimension="0" posX="966.2998" posY="-1948.9004" posZ="6.7" rotX="0" rotY="0" rotZ="0.5"></object>
    <object id="object (lounge_towel_up) (1)" breakable="true" interior="0" collisions="true" alpha="255" model="1646" doublesided="false" scale="1" dimension="0" posX="938" posY="-1884" posZ="5.9" rotX="0" rotY="0" rotZ="0"></object>
    <object id="object (lounge_towel_up) (2)" breakable="true" interior="0" collisions="true" alpha="255" model="1646" doublesided="false" scale="1" dimension="0" posX="936.40002" posY="-1884.9" posZ="5.9" rotX="0" rotY="0" rotZ="0"></object>
    <object id="object (lounge_towel_up) (3)" breakable="true" interior="0" collisions="true" alpha="255" model="1646" doublesided="false" scale="1" dimension="0" posX="939.59998" posY="-1890.2" posZ="5.9" rotX="0" rotY="0" rotZ="342"></object>
    <object id="object (lounge_towel_up) (4)" breakable="true" interior="0" collisions="true" alpha="255" model="1646" doublesided="false" scale="1" dimension="0" posX="940.5" posY="-1892.3" posZ="5.9" rotX="0" rotY="0" rotZ="341.999"></object>
    <object id="object (des_wjetty) (1)" breakable="true" interior="0" collisions="true" alpha="255" model="11496" doublesided="false" scale="1" dimension="0" posX="969.79999" posY="-1919.2" posZ="5.401" rotX="0" rotY="0" rotZ="193.997"></object>
    <object id="object (DYN_LIFE_P) (1)" breakable="true" interior="0" collisions="true" alpha="255" model="1461" doublesided="false" scale="1" dimension="0" posX="936.29999" posY="-1906.2" posZ="1.9" rotX="0" rotY="0" rotZ="0"></object>
    <object id="object (DYN_LIFE_P) (2)" breakable="true" interior="0" collisions="true" alpha="255" model="1461" doublesided="false" scale="1" dimension="0" posX="942.5" posY="-1940.8" posZ="1.9" rotX="0" rotY="0" rotZ="0"></object>
    <removeWorldObject id="removeWorldObject (Streetlamp2) (1)" radius="4.951889" interior="0" model="1231" lodModel="0" posX="1012.29" posY="-1911.7614" posZ="12.61055" rotX="0" rotY="0" rotZ="0"></removeWorldObject>
    <object id="object (Streetlamp2) (8)" breakable="true" interior="0" collisions="true" alpha="255" model="1231" doublesided="false" scale="1" dimension="0" posX="1011.7" posY="-1909.5" posZ="14.1" rotX="0" rotY="0" rotZ="0"></object>
    <object id="object (vgsN_constrbeam) (1)" breakable="true" interior="0" collisions="true" alpha="255" model="3529" doublesided="false" scale="1" dimension="0" posX="991.40002" posY="-1964.7" posZ="6" rotX="90" rotY="0" rotZ="8"></object>
    <object id="object (vgsN_constrbeam) (2)" breakable="true" interior="0" collisions="true" alpha="255" model="3529" doublesided="false" scale="1" dimension="0" posX="992.79999" posY="-1974.5" posZ="6" rotX="90" rotY="0" rotZ="7.998"></object>
    <object id="object (vgsN_constrbeam) (3)" breakable="true" interior="0" collisions="true" alpha="255" model="3529" doublesided="false" scale="1" dimension="0" posX="992.09961" posY="-1969.5996" posZ="6" rotX="90" rotY="0" rotZ="7.998"></object>
    <object id="object (vgsN_constrbeam) (4)" breakable="true" interior="0" collisions="true" alpha="255" model="3529" doublesided="true" scale="1" dimension="0" posX="990.70001" posY="-1959.8" posZ="6" rotX="90" rotY="0" rotZ="7.998"></object>
    <object id="object (vgsN_constrbeam) (5)" breakable="true" interior="0" collisions="true" alpha="255" model="3529" doublesided="true" scale="1" dimension="0" posX="989.90002" posY="-1954.9" posZ="6" rotX="90" rotY="0" rotZ="11.998"></object>
    <object id="object (vgsN_constrbeam) (6)" breakable="true" interior="0" collisions="true" alpha="255" model="3529" doublesided="true" scale="1" dimension="0" posX="988.90002" posY="-1950" posZ="6" rotX="90" rotY="0" rotZ="9.997"></object>
    <object id="object (vgsN_constrbeam) (7)" breakable="true" interior="0" collisions="true" alpha="255" model="3529" doublesided="true" scale="1" dimension="0" posX="988.20001" posY="-1945.4" posZ="6.01" rotX="90" rotY="0" rotZ="7.492"></object>
    <object id="object (vgsN_constrbeam) (8)" breakable="true" interior="0" collisions="true" alpha="255" model="3529" doublesided="true" scale="1" dimension="0" posX="987.59998" posY="-1940.8" posZ="6" rotX="90" rotY="0" rotZ="7.487"></object>
    <object id="object (bollardlight) (1)" breakable="true" interior="0" collisions="true" alpha="255" model="1215" doublesided="false" scale="1" dimension="0" posX="954.90002" posY="-1901" posZ="6.2" rotX="0" rotY="0" rotZ="0"></object>
    <object id="object (bollardlight) (2)" breakable="true" interior="0" collisions="true" alpha="255" model="1215" doublesided="false" scale="1" dimension="0" posX="954.5" posY="-1899.5" posZ="6.2" rotX="0" rotY="0" rotZ="0"></object>
    <object id="object (bollardlight) (3)" breakable="true" interior="0" collisions="true" alpha="255" model="1215" doublesided="false" scale="1" dimension="0" posX="992.70001" posY="-1973.1" posZ="7.2" rotX="0" rotY="0" rotZ="0"></object>
    <object id="object (bollardlight) (4)" breakable="true" interior="0" collisions="true" alpha="255" model="1215" doublesided="false" scale="1" dimension="0" posX="969.5" posY="-1907.0996" posZ="6.2" rotX="0" rotY="0" rotZ="0"></object>
    <object id="object (bollardlight) (5)" breakable="true" interior="0" collisions="true" alpha="255" model="1215" doublesided="false" scale="1" dimension="0" posX="986.59961" posY="-1935.5" posZ="6.2" rotX="0" rotY="0" rotZ="0"></object>
    <object id="object (bollardlight) (6)" breakable="true" interior="0" collisions="true" alpha="255" model="1215" doublesided="false" scale="1" dimension="0" posX="987.40002" posY="-1938.1" posZ="7.2" rotX="0" rotY="0" rotZ="0"></object>
    <object id="object (bollardlight) (7)" breakable="true" interior="0" collisions="true" alpha="255" model="1215" doublesided="false" scale="1" dimension="0" posX="974.5" posY="-1980" posZ="6.2" rotX="0" rotY="0" rotZ="0"></object>
    <object id="object (bollardlight) (9)" breakable="true" interior="0" collisions="true" alpha="255" model="1215" doublesided="false" scale="1" dimension="0" posX="986.90002" posY="-1976.9" posZ="6.2" rotX="0" rotY="0" rotZ="0"></object>
    <object id="object (parkbench1) (1)" breakable="true" interior="0" collisions="true" alpha="255" model="1280" doublesided="false" scale="1" dimension="0" posX="982.79999" posY="-1977.9" posZ="6" rotX="0" rotY="0" rotZ="285.25"></object>
    <object id="object (parkbench1) (2)" breakable="true" interior="0" collisions="true" alpha="255" model="1280" doublesided="false" scale="1" dimension="0" posX="985.40039" posY="-1977.2002" posZ="6" rotX="0" rotY="0" rotZ="285.249"></object>
    <object id="object (parkbench1) (3)" breakable="true" interior="0" collisions="true" alpha="255" model="1280" doublesided="false" scale="1" dimension="0" posX="977.90002" posY="-1979.1" posZ="6" rotX="0" rotY="0" rotZ="285.249"></object>
    <object id="object (bollardlight) (8)" breakable="true" interior="0" collisions="true" alpha="255" model="1215" doublesided="false" scale="1" dimension="0" posX="978.5" posY="-1923" posZ="6.2" rotX="0" rotY="0" rotZ="0"></object>
    <object id="object (bollardlight) (10)" breakable="true" interior="0" collisions="true" alpha="255" model="1215" doublesided="false" scale="1" dimension="0" posX="970.40002" posY="-1910.9" posZ="6.2" rotX="0" rotY="0" rotZ="0"></object>
    <object id="object (bollardlight) (11)" breakable="true" interior="0" collisions="true" alpha="255" model="1215" doublesided="false" scale="1" dimension="0" posX="959.29999" posY="-1888.3" posZ="6.2" rotX="0" rotY="0" rotZ="0"></object>
    <object id="object (bollardlight) (12)" breakable="true" interior="0" collisions="true" alpha="255" model="1215" doublesided="false" scale="1" dimension="0" posX="983.20001" posY="-1993.5" posZ="6.2" rotX="0" rotY="0" rotZ="0"></object>
    <object id="object (bollardlight) (13)" breakable="true" interior="0" collisions="true" alpha="255" model="1215" doublesided="false" scale="1" dimension="0" posX="951.40039" posY="-1892.2998" posZ="8.7" rotX="0" rotY="0" rotZ="0"></object>
    <object id="object (Streetlamp2) (9)" breakable="true" interior="0" collisions="true" alpha="255" model="1231" doublesided="false" scale="1" dimension="0" posX="969.79999" posY="-2033.8" posZ="8.3" rotX="0" rotY="0" rotZ="0"></object>
    <object id="object (Streetlamp2) (10)" breakable="true" interior="0" collisions="true" alpha="255" model="1231" doublesided="false" scale="1" dimension="0" posX="986.7998" posY="-2024.7998" posZ="8.3" rotX="0" rotY="0" rotZ="0"></object>
    <object id="object (Streetlamp2) (11)" breakable="true" interior="0" collisions="true" alpha="255" model="1231" doublesided="false" scale="1" dimension="0" posX="982.2998" posY="-2034.4004" posZ="8.3" rotX="0" rotY="0" rotZ="0"></object>
    <object id="object (newstandnew3) (1)" breakable="true" interior="0" collisions="true" alpha="255" model="1287" doublesided="false" scale="1" dimension="0" posX="981.79999" posY="-2033.6" posZ="6.2" rotX="0" rotY="0" rotZ="0"></object>
    <object id="object (DYN_DUMPSTER_1) (1)" breakable="true" interior="0" collisions="true" alpha="255" model="1439" doublesided="false" scale="1" dimension="0" posX="974.59998" posY="-1968.9" posZ="5.6" rotX="0" rotY="0" rotZ="12.753"></object>
    <object id="object (DYN_DUMPSTER_1) (2)" breakable="true" interior="0" collisions="true" alpha="255" model="1439" doublesided="false" scale="1" dimension="0" posX="976.40002" posY="-1968.5" posZ="5.6" rotX="0" rotY="0" rotZ="12.75"></object>
    <object id="object (gen_roofbit1) (1)" breakable="true" interior="0" collisions="true" alpha="255" model="1687" doublesided="false" scale="1" dimension="0" posX="980.59998" posY="-2021.5" posZ="15.5" rotX="0" rotY="0" rotZ="270"></object>
    <object id="object (gen_roofbit1) (2)" breakable="true" interior="0" collisions="true" alpha="255" model="1687" doublesided="false" scale="1" dimension="0" posX="965.59998" posY="-2001.1" posZ="10.8" rotX="0" rotY="0" rotZ="284"></object>
    <object id="object (parktable1) (4)" breakable="true" interior="0" collisions="true" alpha="255" model="1281" doublesided="false" scale="1" dimension="0" posX="982.79999" posY="-1971.9" posZ="6.4" rotX="0" rotY="0" rotZ="57.746"></object>
    <object id="object (parktable1) (5)" breakable="true" interior="0" collisions="true" alpha="255" model="1281" doublesided="false" scale="1" dimension="0" posX="975" posY="-1974.3" posZ="6.4" rotX="0" rotY="0" rotZ="27.746"></object>
    <object id="object (cxref_woodjetty) (3)" breakable="true" interior="0" collisions="true" alpha="255" model="3406" doublesided="false" scale="1" dimension="0" posX="942.79999" posY="-1957.3" posZ="-1" rotX="0" rotY="0" rotZ="13.997"></object>
    <object id="object (ammotrn_obj) (2)" breakable="true" interior="0" collisions="true" alpha="255" model="3066" doublesided="false" scale="1" dimension="0" posX="959.40002" posY="-1961.5" posZ="6.7" rotX="0" rotY="0" rotZ="2.5"></object>
    <object id="object (ammotrn_obj) (3)" breakable="true" interior="0" collisions="true" alpha="255" model="3066" doublesided="false" scale="1" dimension="0" posX="951.7002" posY="-1935.5996" posZ="6.7" rotX="0" rotY="0" rotZ="2.499"></object>
    <object id="object (POLCE_DESK1) (1)" breakable="true" interior="0" alpha="255" model="2605" doublesided="false" scale="1" dimension="0" posX="942.09998" posY="-1883.4" posZ="6" rotX="0" rotY="0" rotZ="195.75"></object>
    <object id="object (LEE_stripCHAIR1) (1)" breakable="true" interior="0" alpha="255" model="2777" doublesided="false" scale="1" dimension="0" posX="941.90002" posY="-1882.4" posZ="6.3" rotX="0" rotY="0" rotZ="0"></object>
    <object id="object (POLCE_DESK2) (1)" breakable="true" interior="0" alpha="255" model="2607" doublesided="false" scale="1" dimension="0" posX="943.90002" posY="-1887.4" posZ="6.2" rotX="0" rotY="0" rotZ="194"></object>
    <object id="object (LEE_stripCHAIR1) (2)" breakable="true" interior="0" alpha="255" model="2777" doublesided="false" scale="1" dimension="0" posX="941.90039" posY="-1882.4004" posZ="6.3" rotX="0" rotY="0" rotZ="0"></object>
</map>
