<!--
	Copyright by ViCE
	Commercial use, Copyright removal or re-publishing is strictly prohibited.
-->
<map edf:definitions="editor_main">
	<object id="object (a51_jetdoor) (5)" breakable="true" interior="80" collisions="true" alpha="0" model="3095" doublesided="false" scale="1" dimension="111" posX="379.90039" posY="-1851.2002" posZ="65.2" rotX="90" rotY="0" rotZ="270"></object>
	<object id="object (a51_jetdoor) (10)" breakable="true" interior="80" collisions="true" alpha="0" model="3095" doublesided="false" scale="1" dimension="111" posX="383.7002" posY="-1855" posZ="70.4" rotX="90" rotY="0" rotZ="0"></object>
	<object id="object (Hotel_SINGLE_3) (1)" breakable="true" interior="80" collisions="true" alpha="255" model="2617" doublesided="false" scale="1" dimension="111" posX="382.70001" posY="-1831" posZ="57.5" rotX="0" rotY="0" rotZ="90"></object>
	<object id="object (shlf5_till) (3)" breakable="true" interior="80" collisions="true" alpha="255" model="1984" doublesided="false" scale="1" dimension="111" posX="388.5" posY="-1826.9" posZ="56.9" rotX="0" rotY="0" rotZ="179.995"></object>
	<object id="object (veg_palmkb14) (1)" breakable="true" interior="80" collisions="true" alpha="255" model="646" doublesided="true" scale="1" dimension="111" posX="385.7002" posY="-1826.9004" posZ="58.3" rotX="0" rotY="0" rotZ="0"></object>
	<object id="object (veg_palmkb14) (2)" breakable="true" interior="80" collisions="true" alpha="255" model="646" doublesided="true" scale="1" dimension="111" posX="394.70001" posY="-1845.6" posZ="58.3" rotX="0" rotY="0" rotZ="0"></object>
	<object id="object (SWANK_COUCH_2) (1)" breakable="true" interior="80" collisions="true" alpha="255" model="1761" doublesided="false" scale="1" dimension="111" posX="384.5" posY="-1854" posZ="56.9" rotX="0" rotY="0" rotZ="179.995"></object>
	<object id="object (CJ_TV_TABLE2) (1)" breakable="true" interior="80" collisions="true" alpha="255" model="2311" doublesided="false" scale="1" dimension="111" posX="382.29999" posY="-1850.19995" posZ="56.9" rotX="0" rotY="0" rotZ="10"></object>
	<object id="object (SWANK_TV_4) (1)" breakable="true" interior="80" collisions="true" alpha="255" model="1786" doublesided="false" scale="1" dimension="111" posX="383" posY="-1850" posZ="57.4" rotX="0" rotY="0" rotZ="10"></object>
	<object id="object (Plant_Pot_20) (1)" breakable="true" interior="80" collisions="true" alpha="255" model="2251" doublesided="false" scale="1" dimension="111" posX="383.90039" posY="-1849.9004" posZ="58.2" rotX="0" rotY="0" rotZ="0"></object>
	<object id="object (SWANK_CABINET_4) (1)" breakable="true" interior="80" collisions="true" alpha="255" model="2094" doublesided="false" scale="1" dimension="111" posX="382.39999" posY="-1852.59998" posZ="56.9" rotX="0" rotY="0" rotZ="90"></object>
	<object id="object (gb_ornament02) (2)" breakable="true" interior="80" collisions="true" alpha="255" model="2828" doublesided="false" scale="1" dimension="111" posX="398.70001" posY="-1835.30005" posZ="57.7" rotX="0" rotY="0" rotZ="70"></object>
	<object id="object (CJ_HIFI_TABLE) (2)" breakable="true" interior="80" collisions="true" alpha="255" model="2346" doublesided="false" scale="1" dimension="111" posX="381.39999" posY="-1846.59998" posZ="56.9" rotX="0" rotY="0" rotZ="90"></object>
	<object id="object (k_hifi_1) (3)" breakable="true" interior="80" collisions="true" alpha="255" model="1839" doublesided="false" scale="1" dimension="111" posX="381.39999" posY="-1846.09998" posZ="57.4" rotX="0" rotY="0" rotZ="180"></object>
	<object id="object (SWANK_SPEAKER_3) (1)" breakable="true" interior="80" collisions="true" alpha="255" model="2231" doublesided="false" scale="1" dimension="111" posX="381.29999" posY="-1844.80005" posZ="56.9" rotX="0" rotY="0" rotZ="90"></object>
	<object id="object (SWANK_SPEAKER_3) (2)" breakable="true" interior="80" collisions="true" alpha="255" model="2231" doublesided="false" scale="1" dimension="111" posX="381.10001" posY="-1846.90002" posZ="56.9" rotX="0" rotY="0" rotZ="90"></object>
	<object id="object (Plant_Pot_8) (1)" breakable="true" interior="80" collisions="true" alpha="255" model="2240" doublesided="false" scale="1" dimension="111" posX="382.10001" posY="-1848.19995" posZ="57.5" rotX="0" rotY="0" rotZ="0"></object>
	<object id="object (Plant_Pot_8) (2)" breakable="true" interior="80" collisions="true" alpha="255" model="2240" doublesided="false" scale="1" dimension="111" posX="381.89999" posY="-1843.69995" posZ="57.5" rotX="0" rotY="0" rotZ="0"></object>
	<object id="object (LOW_BED_3) (1)" breakable="true" interior="80" collisions="true" alpha="255" model="1794" doublesided="false" scale="1" dimension="111" posX="383.5" posY="-1834.40002" posZ="56.9" rotX="0" rotY="0" rotZ="180"></object>
	<object id="object (CJ_Sphere_TV) (1)" breakable="true" interior="80" collisions="true" alpha="255" model="2224" doublesided="false" scale="1" dimension="111" posX="383.79999" posY="-1833" posZ="56.9" rotX="0" rotY="0" rotZ="320"></object>
	<object id="object (LOW_CABINET_1_S) (2)" breakable="true" interior="80" collisions="true" alpha="255" model="2328" doublesided="false" scale="1" dimension="111" posX="381.5" posY="-1836.40002" posZ="56.9" rotX="0" rotY="0" rotZ="180"></object>
	<object id="object (LOW_CABINET_1_S) (3)" breakable="true" interior="80" collisions="true" alpha="255" model="2328" doublesided="false" scale="1" dimension="111" posX="384.5" posY="-1836.5" posZ="56.9" rotX="0" rotY="0" rotZ="179.995"></object>
	<object id="object (WORK_LAMP1) (1)" breakable="true" interior="80" collisions="true" alpha="255" model="2196" doublesided="false" scale="1" dimension="111" posX="384" posY="-1837.59998" posZ="57.7" rotX="0" rotY="0" rotZ="140"></object>
	<object id="object (kmb_rhymesbook) (1)" breakable="true" interior="80" collisions="true" alpha="255" model="2894" doublesided="false" scale="1" dimension="111" posX="381.70001" posY="-1837.40002" posZ="57.7" rotX="0" rotY="0" rotZ="180"></object>
	<object id="object (Frame_1) (1)" breakable="true" interior="6" collisions="true" alpha="255" model="2285" doublesided="false" scale="1" dimension="111" posX="2310.6001" posY="-1213.19995" posZ="1100.59998" rotX="0" rotY="0" rotZ="0"></object>
	<object id="object (gb_livingrug04) (1)" breakable="true" interior="80" collisions="true" alpha="255" model="2835" doublesided="false" scale="1" dimension="111" posX="382.79999" posY="-1852.90002" posZ="57" rotX="0" rotY="0" rotZ="0"></object>
	<object id="object (man_sdr_rug) (1)" breakable="true" interior="80" collisions="true" alpha="255" model="1828" doublesided="false" scale="1" dimension="111" posX="383.29999" posY="-1846.09998" posZ="56.9" rotX="0" rotY="0" rotZ="180"></object>
	<object id="object (LOW_DINNING_6) (1)" breakable="true" interior="80" collisions="true" alpha="255" model="2116" doublesided="false" scale="1" dimension="111" posX="382.29999" posY="-1840.59998" posZ="56.9" rotX="0" rotY="0" rotZ="0"></object>
	<object id="object (rest_chair) (1)" breakable="true" interior="80" collisions="true" alpha="255" model="1720" doublesided="false" scale="1" dimension="111" posX="382.5" posY="-1840" posZ="56.9" rotX="0" rotY="0" rotZ="0"></object>
	<object id="object (rest_chair) (2)" breakable="true" interior="80" collisions="true" alpha="255" model="1720" doublesided="false" scale="1" dimension="111" posX="383.20001" posY="-1840" posZ="56.9" rotX="0" rotY="0" rotZ="0"></object>
	<object id="object (rest_chair) (3)" breakable="true" interior="80" collisions="true" alpha="255" model="1720" doublesided="false" scale="1" dimension="111" posX="382.60001" posY="-1841" posZ="56.9" rotX="0" rotY="0" rotZ="182"></object>
	<object id="object (rest_chair) (4)" breakable="true" interior="80" collisions="true" alpha="255" model="1720" doublesided="false" scale="1" dimension="111" posX="383.29999" posY="-1841" posZ="56.9" rotX="0" rotY="0" rotZ="182"></object>
	<object id="object (GB_platedirty01) (1)" breakable="true" interior="80" collisions="true" alpha="255" model="2812" doublesided="false" scale="1" dimension="111" posX="382.89999" posY="-1840.80005" posZ="57.7" rotX="0" rotY="0" rotZ="0"></object>
	<object id="object (Plant_Pot_21) (1)" breakable="true" interior="80" collisions="true" alpha="255" model="2252" doublesided="false" scale="1" dimension="111" posX="380.60001" posY="-1845.69995" posZ="57.2" rotX="0" rotY="0" rotZ="0"></object>
	<object id="object (Plant_Pot_21) (2)" breakable="true" interior="80" collisions="true" alpha="255" model="2252" doublesided="false" scale="1" dimension="111" posX="382.20001" posY="-1840.59998" posZ="58" rotX="0" rotY="0" rotZ="0"></object>
	<object id="object (gb_bedrug03) (1)" breakable="true" interior="80" collisions="true" alpha="255" model="2841" doublesided="false" scale="1" dimension="111" posX="382.70001" posY="-1833.80005" posZ="57" rotX="0" rotY="0" rotZ="270"></object>
	<object id="object (LOW_COUCH_3) (1)" breakable="true" interior="80" collisions="true" alpha="255" model="1768" doublesided="false" scale="1" dimension="111" posX="388.10001" posY="-1853" posZ="56.9" rotX="0" rotY="0" rotZ="210"></object>
	<object id="object (SWK_SINGLE_1) (1)" breakable="true" interior="80" collisions="true" alpha="255" model="2291" doublesided="false" scale="1" dimension="111" posX="384.10001" posY="-1848.09998" posZ="56.9" rotX="0" rotY="0" rotZ="170"></object>
	<object id="object (SWK_SINGLE_1) (2)" breakable="true" interior="80" collisions="true" alpha="255" model="2291" doublesided="false" scale="1" dimension="111" posX="385.20001" posY="-1848.09998" posZ="56.9" rotX="0" rotY="0" rotZ="179.997"></object>
	<object id="object (SWK_SINGLE_1) (3)" breakable="true" interior="80" collisions="true" alpha="255" model="2291" doublesided="false" scale="1" dimension="111" posX="386.29999" posY="-1847.90002" posZ="56.9" rotX="0" rotY="0" rotZ="189.995"></object>
	<object id="object (SWANK_DINNING_5) (1)" breakable="true" interior="80" collisions="true" alpha="255" model="2117" doublesided="false" scale="1" dimension="111" posX="385.70001" posY="-1840.59998" posZ="56.9" rotX="0" rotY="0" rotZ="0"></object>
	<object id="object (veg_palmkb14) (5)" breakable="true" interior="80" collisions="true" alpha="255" model="646" doublesided="true" scale="1" dimension="111" posX="389.09961" posY="-1826.7998" posZ="58.3" rotX="0" rotY="0" rotZ="0"></object>
	<object id="object (SWANK_DIN_CHAIR_2) (1)" breakable="true" interior="80" collisions="true" alpha="255" model="2079" doublesided="false" scale="1" dimension="111" posX="385.79999" posY="-1840" posZ="57.6" rotX="0" rotY="0" rotZ="90"></object>
	<object id="object (veg_palmkb14) (8)" breakable="true" interior="80" collisions="true" alpha="255" model="646" doublesided="true" scale="1" dimension="111" posX="395.59961" posY="-1832" posZ="58.3" rotX="0" rotY="0" rotZ="0"></object>
	<object id="object (SWANK_DIN_CHAIR_2) (2)" breakable="true" interior="80" collisions="true" alpha="255" model="2079" doublesided="false" scale="1" dimension="111" posX="386.60001" posY="-1840" posZ="57.6" rotX="0" rotY="0" rotZ="90"></object>
	<object id="object (SWANK_DIN_CHAIR_2) (3)" breakable="true" interior="80" collisions="true" alpha="255" model="2079" doublesided="false" scale="1" dimension="111" posX="386.70001" posY="-1841.19995" posZ="57.6" rotX="0" rotY="0" rotZ="270"></object>
	<object id="object (MED_DINNING_1) (1)" breakable="true" interior="80" collisions="true" alpha="255" model="2030" doublesided="false" scale="1" dimension="111" posX="401.60001" posY="-1844.1" posZ="57.3" rotX="0" rotY="0" rotZ="0"></object>
	<object id="object (SWANK_DIN_CHAIR_2) (4)" breakable="true" interior="80" collisions="true" alpha="255" model="2079" doublesided="false" scale="1" dimension="111" posX="385.89999" posY="-1841.19995" posZ="57.6" rotX="0" rotY="0" rotZ="270"></object>
	<object id="object (LOW_DIN_CHAIR_2) (1)" breakable="true" interior="80" collisions="true" alpha="255" model="2121" doublesided="false" scale="1" dimension="111" posX="401.70001" posY="-1843.1" posZ="57.4" rotX="0" rotY="0" rotZ="0"></object>
	<object id="object (LOW_DIN_CHAIR_2) (2)" breakable="true" interior="80" collisions="true" alpha="255" model="2121" doublesided="false" scale="1" dimension="111" posX="400.70001" posY="-1843.6" posZ="57.4" rotX="0" rotY="0" rotZ="59.996"></object>
	<object id="object (LOW_DIN_CHAIR_2) (3)" breakable="true" interior="80" collisions="true" alpha="255" model="2121" doublesided="false" scale="1" dimension="111" posX="400.79999" posY="-1845" posZ="57.4" rotX="0" rotY="0" rotZ="139.993"></object>
	<object id="object (LOW_DIN_CHAIR_2) (4)" breakable="true" interior="80" collisions="true" alpha="255" model="2121" doublesided="false" scale="1" dimension="111" posX="402.70001" posY="-1844.3" posZ="57.4" rotX="0" rotY="0" rotZ="269.989"></object>
	<object id="object (CJ_BEANBAG) (1)" breakable="true" interior="80" collisions="true" alpha="255" model="2295" doublesided="false" scale="1" dimension="111" posX="382.60001" posY="-1842.7" posZ="56.9" rotX="0" rotY="0" rotZ="0"></object>
	<object id="object (LOW_DIN_CHAIR_2) (5)" breakable="true" interior="80" collisions="true" alpha="255" model="2121" doublesided="false" scale="1" dimension="111" posX="402.29999" posY="-1845.5" posZ="57.4" rotX="0" rotY="0" rotZ="209.993"></object>
	<object id="object (Plant_Pot_11) (1)" breakable="true" interior="80" collisions="true" alpha="255" model="2245" doublesided="false" scale="1" dimension="111" posX="386.20001" posY="-1840.59998" posZ="58" rotX="0" rotY="0" rotZ="0"></object>
	<object id="object (CJ_K1_FRIDGE_UNIT) (1)" breakable="true" interior="80" collisions="true" alpha="255" model="2127" doublesided="false" scale="1" dimension="111" posX="402.39999" posY="-1834.40002" posZ="56.9" rotX="0" rotY="0" rotZ="270"></object>
	<object id="object (CJ_K1_SINK) (2)" breakable="true" interior="80" collisions="true" alpha="255" model="2130" doublesided="true" scale="1" dimension="111" posX="398.40039" posY="-1832.4004" posZ="56.9" rotX="0" rotY="0" rotZ="0"></object>
	<object id="object (CJ_KITCH2_SINK) (2)" breakable="true" interior="80" collisions="true" alpha="255" model="2132" doublesided="true" scale="1" dimension="111" posX="400.39999" posY="-1838.4" posZ="56.9" rotX="0" rotY="0" rotZ="179.995"></object>
	<object id="object (CJ_KITCH2_FRIDGE) (1)" breakable="true" interior="80" collisions="true" alpha="255" model="2131" doublesided="false" scale="1" dimension="111" posX="402.40039" posY="-1836.4004" posZ="56.9" rotX="0" rotY="0" rotZ="270"></object>
	<object id="object (CJ_KITCH2_CORNER) (1)" breakable="true" interior="80" collisions="true" alpha="255" model="2341" doublesided="true" scale="1" dimension="111" posX="402.40039" posY="-1838.40039" posZ="56.9" rotX="0" rotY="0" rotZ="270"></object>
	<object id="object (CJ_KITCH2_M) (1)" breakable="true" interior="80" collisions="true" alpha="255" model="2134" doublesided="true" scale="1" dimension="111" posX="401.39999" posY="-1838.40002" posZ="56.9" rotX="0" rotY="0" rotZ="180"></object>
	<object id="object (CJ_K1_LOW_UNIT) (1)" breakable="true" interior="80" collisions="true" alpha="255" model="2129" doublesided="true" scale="1" dimension="111" posX="401.39999" posY="-1832.40002" posZ="56.9" rotX="0" rotY="0" rotZ="0"></object>
	<object id="object (CJ_K1_LOW_UNIT) (2)" breakable="true" interior="80" collisions="true" alpha="255" model="2129" doublesided="true" scale="1" dimension="111" posX="400.39999" posY="-1832.40002" posZ="56.9" rotX="0" rotY="0" rotZ="0"></object>
	<object id="object (CJ_K1_LOW_UNIT) (3)" breakable="true" interior="80" collisions="true" alpha="255" model="2129" doublesided="true" scale="1" dimension="111" posX="397.40039" posY="-1832.4004" posZ="56.9" rotX="0" rotY="0" rotZ="0"></object>
	<object id="object (CJ_K1_LOW_CORNER) (1)" breakable="true" interior="80" collisions="true" alpha="255" model="2304" doublesided="false" scale="1" dimension="111" posX="402.40039" posY="-1832.4004" posZ="56.9" rotX="0" rotY="0" rotZ="0"></object>
	<object id="object (CJ_K1_LOW_UNIT) (4)" breakable="true" interior="80" collisions="true" alpha="255" model="2129" doublesided="true" scale="1" dimension="111" posX="402.39999" posY="-1833.40002" posZ="56.9" rotX="0" rotY="0" rotZ="270"></object>
	<object id="object (SWANK_BED_1) (1)" breakable="true" interior="80" collisions="true" alpha="255" model="1798" doublesided="false" scale="1" dimension="111" posX="386.5" posY="-1834.5" posZ="56.9" rotX="0" rotY="0" rotZ="179.995"></object>
	<object id="object (CJ_KITCH2_M) (8)" breakable="true" interior="80" collisions="true" alpha="255" model="2134" doublesided="true" scale="1" dimension="111" posX="397.39999" posY="-1838.40002" posZ="56.9" rotX="0" rotY="0" rotZ="179.989"></object>
	<object id="object (CJ_KITCH2_M) (10)" breakable="true" interior="80" collisions="true" alpha="255" model="2134" doublesided="true" scale="1" dimension="111" posX="398.39999" posY="-1838.40002" posZ="56.9" rotX="0" rotY="0" rotZ="179.984"></object>
	<object id="object (Plant_Pot_20) (3)" breakable="true" interior="80" collisions="true" alpha="255" model="2251" doublesided="false" scale="1" dimension="111" posX="399.29999" posY="-1835.1" posZ="58.6" rotX="0" rotY="0" rotZ="0"></object>
	<object id="object (veg_palmkb14) (9)" breakable="true" interior="80" collisions="true" alpha="255" model="646" doublesided="true" scale="1" dimension="111" posX="396.39999" posY="-1838.3" posZ="58.3" rotX="0" rotY="0" rotZ="0"></object>
	<object id="object (CJ_K3_WASH_MAC) (1)" breakable="true" interior="80" collisions="true" alpha="255" model="2303" doublesided="false" scale="1" dimension="111" posX="398.40039" posY="-1838.2998" posZ="56.8" rotX="0" rotY="0" rotZ="179.995"></object>
	<object id="object (gb_livingrug02) (1)" breakable="true" interior="80" collisions="true" alpha="255" model="2833" doublesided="false" scale="1" dimension="111" posX="386" posY="-1833.5" posZ="57" rotX="0" rotY="0" rotZ="270"></object>
	<object id="object (DYN_BEER_1) (1)" breakable="true" interior="80" collisions="true" alpha="255" model="1486" doublesided="false" scale="1" dimension="111" posX="397.70001" posY="-1838.80005" posZ="58.1" rotX="0" rotY="0" rotZ="0"></object>
	<object id="object (DYN_BEER_1) (2)" breakable="true" interior="80" collisions="true" alpha="255" model="1486" doublesided="false" scale="1" dimension="111" posX="397.5" posY="-1838.6" posZ="58.1" rotX="0" rotY="0" rotZ="0"></object>
	<object id="object (propashtray1) (1)" breakable="true" interior="80" collisions="true" alpha="255" model="1665" doublesided="false" scale="1" dimension="111" posX="397.89999" posY="-1838.80005" posZ="58" rotX="0" rotY="0" rotZ="0"></object>
	<object id="object (SWANK_DINNING_5) (2)" breakable="true" interior="80" collisions="true" alpha="255" model="2117" doublesided="false" scale="1" dimension="111" posX="398.20001" posY="-1835.30005" posZ="56.9" rotX="0" rotY="0" rotZ="0"></object>
	<object id="object (SWANK_DIN_CHAIR_1) (2)" breakable="true" interior="80" collisions="true" alpha="255" model="2124" doublesided="false" scale="1" dimension="111" posX="400.09961" posY="-1835.2998" posZ="57.7" rotX="0" rotY="0" rotZ="0"></object>
	<object id="object (SWANK_DIN_CHAIR_1) (3)" breakable="true" interior="80" collisions="true" alpha="255" model="2124" doublesided="false" scale="1" dimension="111" posX="397.39999" posY="-1835.30005" posZ="57.7" rotX="0" rotY="0" rotZ="180"></object>
	<object id="object (SWANK_DIN_CHAIR_1) (4)" breakable="true" interior="80" collisions="true" alpha="255" model="2124" doublesided="false" scale="1" dimension="111" posX="398.2002" posY="-1836.2002" posZ="57.7" rotX="0" rotY="0" rotZ="269.995"></object>
	<object id="object (SWANK_DIN_CHAIR_1) (5)" breakable="true" interior="80" collisions="true" alpha="255" model="2124" doublesided="false" scale="1" dimension="111" posX="399.20001" posY="-1836.19995" posZ="57.7" rotX="0" rotY="0" rotZ="269.989"></object>
	<object id="object (SWANK_DIN_CHAIR_1) (6)" breakable="true" interior="80" collisions="true" alpha="255" model="2124" doublesided="false" scale="1" dimension="111" posX="399.10001" posY="-1834.40002" posZ="57.7" rotX="0" rotY="0" rotZ="89.989"></object>
	<object id="object (SWANK_DIN_CHAIR_1) (7)" breakable="true" interior="80" collisions="true" alpha="255" model="2124" doublesided="false" scale="1" dimension="111" posX="398.29999" posY="-1834.40002" posZ="57.7" rotX="0" rotY="0" rotZ="89.989"></object>
	<object id="object (gb_ornament02) (3)" breakable="true" interior="80" collisions="true" alpha="255" model="2828" doublesided="false" scale="1" dimension="111" posX="381.2998" posY="-1852" posZ="57.9" rotX="0" rotY="0" rotZ="270"></object>
	<object id="object (GB_kitchplatecln01) (1)" breakable="true" interior="80" collisions="true" alpha="255" model="2822" doublesided="false" scale="1" dimension="111" posX="397.39999" posY="-1832.2" posZ="57.9" rotX="0" rotY="0" rotZ="279.998"></object>
	<object id="object (MED_HI_FI_1) (1)" breakable="true" interior="80" collisions="true" alpha="255" model="2099" doublesided="false" scale="1" dimension="111" posX="381" posY="-1834.59998" posZ="56.9" rotX="0" rotY="0" rotZ="90"></object>
	<object id="object (GB_kitchdirt01) (1)" breakable="true" interior="80" collisions="true" alpha="255" model="2820" doublesided="false" scale="1" dimension="111" posX="402.10001" posY="-1838.5" posZ="58" rotX="0" rotY="0" rotZ="249.999"></object>
	<object id="object (GB_platedirty01) (2)" breakable="true" interior="80" collisions="true" alpha="255" model="2812" doublesided="false" scale="1" dimension="111" posX="398.39999" posY="-1838.5" posZ="58" rotX="0" rotY="0" rotZ="39.996"></object>
	<object id="object (Plant_Pot_20) (4)" breakable="true" interior="80" collisions="true" alpha="255" model="2251" doublesided="false" scale="1" dimension="111" posX="397.10001" posY="-1838.6" posZ="58.8" rotX="0" rotY="0" rotZ="0"></object>
	<object id="object (Plant_Pot_8) (3)" breakable="true" interior="80" collisions="true" alpha="255" model="2240" doublesided="false" scale="1" dimension="111" posX="396.29999" posY="-1831.5" posZ="57.5" rotX="0" rotY="0" rotZ="0"></object>
	<object id="object (Plant_Pot_8) (4)" breakable="true" interior="80" collisions="true" alpha="255" model="2240" doublesided="false" scale="1" dimension="111" posX="396.2998" posY="-1832.5" posZ="57.5" rotX="0" rotY="0" rotZ="0"></object>
	<object id="object (Plant_Pot_8) (5)" breakable="true" interior="80" collisions="true" alpha="255" model="2240" doublesided="false" scale="1" dimension="111" posX="403" posY="-1841" posZ="57.5" rotX="0" rotY="0" rotZ="0"></object>
	<object id="object (Plant_Pot_8) (6)" breakable="true" interior="80" collisions="true" alpha="255" model="2240" doublesided="false" scale="1" dimension="111" posX="403.20001" posY="-1845.5" posZ="57.5" rotX="0" rotY="0" rotZ="0"></object>
	<object id="object (newramp) (1)" breakable="true" interior="80" collisions="true" alpha="255" model="1245" doublesided="false" scale="1" dimension="111" posX="1955.09998" posY="-1738.09998" posZ="66.1" rotX="0" rotY="356" rotZ="358"></object>
	<object id="object (gb_bedrug04) (3)" breakable="true" interior="80" collisions="true" alpha="255" model="2842" doublesided="false" scale="5" dimension="111" posX="394.39999" posY="-1853" posZ="56.8" rotX="0" rotY="0" rotZ="90"></object>
	<object id="object (gb_bedrug04) (4)" breakable="true" interior="80" collisions="true" alpha="255" model="2842" doublesided="false" scale="5" dimension="111" posX="394.39999" posY="-1843.90002" posZ="56.8" rotX="0" rotY="0" rotZ="90"></object>
	<object id="object (lee_Plane09) (1)" breakable="true" interior="80" collisions="true" alpha="255" model="3964" doublesided="false" scale="1" dimension="111" posX="384.40039" posY="-1829" posZ="56.8" rotX="0" rotY="90" rotZ="0"></object>
	<object id="object (lee_Plane09) (2)" breakable="true" interior="80" collisions="true" alpha="255" model="3964" doublesided="false" scale="1" dimension="111" posX="394.90039" posY="-1829" posZ="56.8" rotX="0" rotY="90" rotZ="0"></object>
	<object id="object (lee_Plane09) (3)" breakable="true" interior="80" collisions="true" alpha="255" model="3964" doublesided="false" scale="1" dimension="111" posX="405.40039" posY="-1829" posZ="56.8" rotX="0" rotY="90" rotZ="0"></object>
	<object id="object (lee_Plane09) (4)" breakable="true" interior="80" collisions="true" alpha="255" model="3964" doublesided="false" scale="1" dimension="111" posX="405.39999" posY="-1838.59998" posZ="56.8" rotX="0" rotY="90" rotZ="0"></object>
	<object id="object (lee_Plane09) (5)" breakable="true" interior="80" collisions="true" alpha="255" model="3964" doublesided="false" scale="1" dimension="111" posX="405.39999" posY="-1848.2" posZ="56.8" rotX="0" rotY="90" rotZ="0"></object>
	<object id="object (lee_Plane09) (6)" breakable="true" interior="80" collisions="true" alpha="255" model="3964" doublesided="false" scale="1" dimension="111" posX="405.39999" posY="-1857.8" posZ="56.8" rotX="0" rotY="90" rotZ="0"></object>
	<object id="object (lee_Plane09) (7)" breakable="true" interior="80" collisions="true" alpha="255" model="3964" doublesided="false" scale="1" dimension="111" posX="384.40039" posY="-1838.5996" posZ="56.8" rotX="0" rotY="90" rotZ="0"></object>
	<object id="object (lee_Plane09) (8)" breakable="true" interior="80" collisions="true" alpha="255" model="3964" doublesided="false" scale="1" dimension="111" posX="384.40039" posY="-1848.2002" posZ="56.8" rotX="0" rotY="90" rotZ="0"></object>
	<object id="object (lee_Plane09) (9)" breakable="true" interior="80" collisions="true" alpha="255" model="3964" doublesided="false" scale="1" dimension="111" posX="384.39999" posY="-1857.8" posZ="56.8" rotX="0" rotY="90" rotZ="0"></object>
	<object id="object (lee_Plane09) (10)" breakable="true" interior="80" collisions="true" alpha="255" model="3964" doublesided="false" scale="1" dimension="111" posX="394.90039" posY="-1857.7998" posZ="56.8" rotX="0" rotY="90" rotZ="0"></object>
	<object id="object (lee_Plane09) (11)" breakable="true" interior="80" collisions="true" alpha="255" model="3964" doublesided="false" scale="1" dimension="111" posX="394.89999" posY="-1848.19995" posZ="56.8" rotX="0" rotY="90" rotZ="0"></object>
	<object id="object (lee_Plane09) (12)" breakable="true" interior="80" collisions="true" alpha="255" model="3964" doublesided="false" scale="1" dimension="111" posX="394.90039" posY="-1838.5996" posZ="56.8" rotX="0" rotY="90" rotZ="0"></object>
	<object id="object (lee_Object11) (1)" breakable="true" interior="80" collisions="true" alpha="255" model="3965" doublesided="false" scale="1" dimension="111" posX="380.7998" posY="-1828.7998" posZ="62.1" rotX="0" rotY="0" rotZ="0"></object>
	<object id="object (lee_Object11) (2)" breakable="true" interior="80" collisions="true" alpha="255" model="3965" doublesided="false" scale="1" dimension="111" posX="380.7998" posY="-1838.4004" posZ="62.1" rotX="0" rotY="0" rotZ="0"></object>
	<object id="object (lee_Object11) (3)" breakable="true" interior="80" collisions="true" alpha="255" model="3965" doublesided="false" scale="1" dimension="111" posX="380.7998" posY="-1848" posZ="62.1" rotX="0" rotY="0" rotZ="0"></object>
	<object id="object (lee_Object11) (4)" breakable="true" interior="80" collisions="true" alpha="255" model="3965" doublesided="false" scale="1" dimension="111" posX="380.79999" posY="-1857.6" posZ="62.1" rotX="0" rotY="0" rotZ="0"></object>
	<object id="object (lee_Object11) (6)" breakable="true" interior="80" collisions="true" alpha="255" model="3965" doublesided="false" scale="1" dimension="111" posX="403.7998" posY="-1828.7998" posZ="62.1" rotX="0" rotY="0" rotZ="0"></object>
	<object id="object (lee_Object11) (7)" breakable="true" interior="80" collisions="true" alpha="255" model="3965" doublesided="false" scale="1" dimension="111" posX="403.79999" posY="-1838.4" posZ="62.1" rotX="0" rotY="0" rotZ="0"></object>
	<object id="object (lee_Object11) (8)" breakable="true" interior="80" collisions="true" alpha="255" model="3965" doublesided="false" scale="1" dimension="111" posX="403.7998" posY="-1848" posZ="62.1" rotX="0" rotY="0" rotZ="0"></object>
	<object id="object (lee_Object11) (9)" breakable="true" interior="80" collisions="true" alpha="255" model="3965" doublesided="false" scale="1" dimension="111" posX="403.79999" posY="-1857.6" posZ="62.1" rotX="0" rotY="0" rotZ="0"></object>
	<object id="object (lee_Object11) (10)" breakable="true" interior="80" collisions="true" alpha="255" model="3965" doublesided="false" scale="1" dimension="111" posX="399.2998" posY="-1855.0996" posZ="62.1" rotX="0" rotY="0" rotZ="270"></object>
	<object id="object (lee_Object11) (11)" breakable="true" interior="80" collisions="true" alpha="255" model="3965" doublesided="false" scale="1" dimension="111" posX="389.7002" posY="-1855.0996" posZ="62.1" rotX="0" rotY="0" rotZ="270"></object>
	<object id="object (lee_Object11) (12)" breakable="true" interior="80" collisions="true" alpha="255" model="3965" doublesided="false" scale="1" dimension="111" posX="380.10001" posY="-1855.1" posZ="62.1" rotX="0" rotY="0" rotZ="270"></object>
	<object id="object (lee_Object11) (13)" breakable="true" interior="80" collisions="true" alpha="255" model="3965" doublesided="false" scale="1" dimension="111" posX="381.70001" posY="-1824.1" posZ="62.1" rotX="0" rotY="0" rotZ="270"></object>
	<object id="object (lee_Object11) (17)" breakable="true" interior="80" collisions="true" alpha="255" model="3965" doublesided="false" scale="1" dimension="111" posX="391.2998" posY="-1824.0996" posZ="62.1" rotX="0" rotY="0" rotZ="270"></object>
	<object id="object (lee_Object11) (18)" breakable="true" interior="80" collisions="true" alpha="255" model="3965" doublesided="false" scale="1" dimension="111" posX="400.90039" posY="-1824.0996" posZ="62.1" rotX="0" rotY="0" rotZ="270"></object>
	<object id="object (lib_street14) (1)" breakable="true" interior="80" collisions="true" alpha="255" model="3895" doublesided="false" scale="1" dimension="111" posX="380.89999" posY="-1835.1" posZ="58.6" rotX="0" rotY="0" rotZ="0"></object>
	<object id="object (lib_street14) (2)" breakable="true" interior="80" collisions="true" alpha="255" model="3895" doublesided="false" scale="1" dimension="111" posX="380.89999" posY="-1838.3" posZ="58.6" rotX="0" rotY="0" rotZ="0"></object>
	<object id="object (lib_street14) (3)" breakable="true" interior="80" collisions="true" alpha="255" model="3895" doublesided="false" scale="1" dimension="111" posX="380.89999" posY="-1840.2" posZ="58.6" rotX="0" rotY="0" rotZ="0"></object>
	<object id="object (lib_street14) (5)" breakable="true" interior="80" collisions="true" alpha="255" model="3895" doublesided="false" scale="1" dimension="111" posX="382.20001" posY="-1841.8" posZ="58.6" rotX="0" rotY="0" rotZ="90"></object>
	<object id="object (lib_street14) (7)" breakable="true" interior="80" collisions="true" alpha="255" model="3895" doublesided="false" scale="1" dimension="111" posX="385.39999" posY="-1841.8" posZ="58.6" rotX="0" rotY="0" rotZ="89.995"></object>
	<object id="object (lib_street14) (9)" breakable="true" interior="80" collisions="true" alpha="255" model="3895" doublesided="false" scale="1" dimension="111" posX="385.5" posY="-1838.1" posZ="58.6" rotX="0" rotY="0" rotZ="89.995"></object>
	<object id="object (lib_street14) (12)" breakable="true" interior="80" collisions="true" alpha="255" model="3895" doublesided="false" scale="1" dimension="111" posX="382.39999" posY="-1831.7" posZ="58.6" rotX="0" rotY="0" rotZ="89.995"></object>
	<object id="object (lib_street14) (13)" breakable="true" interior="80" collisions="true" alpha="255" model="3895" doublesided="false" scale="1" dimension="111" posX="380.89999" posY="-1833.2" posZ="58.6" rotX="0" rotY="0" rotZ="0"></object>
	<object id="object (lib_street14) (14)" breakable="true" interior="80" collisions="true" alpha="255" model="3895" doublesided="false" scale="1" dimension="111" posX="385.5" posY="-1831.7002" posZ="58.6" rotX="0" rotY="0" rotZ="89.995"></object>
	<object id="object (lib_street04) (1)" breakable="true" interior="80" collisions="true" alpha="255" model="3899" doublesided="false" scale="1" dimension="111" posX="381" posY="-1843.5" posZ="58.6" rotX="0" rotY="0" rotZ="0"></object>
	<object id="object (lib_street04) (2)" breakable="true" interior="80" collisions="true" alpha="255" model="3899" doublesided="false" scale="1" dimension="111" posX="381" posY="-1846.7" posZ="58.6" rotX="0" rotY="0" rotZ="0"></object>
	<object id="object (lib_street04) (3)" breakable="true" interior="80" collisions="true" alpha="255" model="3899" doublesided="false" scale="1" dimension="111" posX="381" posY="-1849.9" posZ="58.6" rotX="0" rotY="0" rotZ="0"></object>
	<object id="object (lib_street04) (4)" breakable="true" interior="80" collisions="true" alpha="255" model="3899" doublesided="false" scale="1" dimension="111" posX="381" posY="-1853.1" posZ="58.6" rotX="0" rotY="0" rotZ="0"></object>
	<object id="object (lib_street04) (5)" breakable="true" interior="80" collisions="true" alpha="255" model="3899" doublesided="false" scale="1" dimension="111" posX="385.70001" posY="-1849" posZ="58.6" rotX="0" rotY="0" rotZ="270"></object>
	<object id="object (lib_street04) (8)" breakable="true" interior="80" collisions="true" alpha="255" model="3899" doublesided="false" scale="1" dimension="111" posX="382.5" posY="-1849" posZ="58.6" rotX="0" rotY="0" rotZ="270"></object>
	<object id="object (lib_street04) (9)" breakable="true" interior="80" collisions="true" alpha="255" model="3899" doublesided="false" scale="1" dimension="111" posX="382.60001" posY="-1854.8" posZ="58.6" rotX="0" rotY="0" rotZ="270"></object>
	<object id="object (lib_street04) (10)" breakable="true" interior="80" collisions="true" alpha="255" model="3899" doublesided="false" scale="1" dimension="111" posX="385.79999" posY="-1854.8" posZ="58.6" rotX="0" rotY="0" rotZ="270"></object>
	<object id="object (lib_street04) (11)" breakable="true" interior="80" collisions="true" alpha="255" model="3899" doublesided="false" scale="1" dimension="111" posX="387.40039" posY="-1854.7998" posZ="58.6" rotX="0" rotY="0" rotZ="270"></object>
	<object id="object (CJ_K3_LOW_UNIT3) (1)" breakable="true" interior="80" collisions="true" alpha="255" model="2137" doublesided="false" scale="1" dimension="111" posX="402.60001" posY="-1828.4" posZ="56.9" rotX="0" rotY="0" rotZ="0"></object>
	<object id="object (CJ_K3_LOW_UNIT1) (1)" breakable="true" interior="80" collisions="true" alpha="255" model="2138" doublesided="false" scale="1" dimension="111" posX="401.60001" posY="-1828.4" posZ="56.9" rotX="0" rotY="0" rotZ="0"></object>
	<object id="object (CJ_K3_LOW_UNIT2) (1)" breakable="true" interior="80" collisions="true" alpha="255" model="2139" doublesided="false" scale="1" dimension="111" posX="400.60001" posY="-1828.4" posZ="56.9" rotX="0" rotY="0" rotZ="0"></object>
	<object id="object (CJ_K3_TALL_UNIT1) (1)" breakable="true" interior="80" collisions="true" alpha="255" model="2140" doublesided="false" scale="1" dimension="111" posX="399.60001" posY="-1828.4" posZ="56.9" rotX="0" rotY="0" rotZ="0"></object>
	<object id="object (CJ_K3_COOKER) (1)" breakable="true" interior="80" collisions="true" alpha="255" model="2135" doublesided="false" scale="1" dimension="111" posX="398.60001" posY="-1828.4" posZ="56.9" rotX="0" rotY="0" rotZ="0"></object>
	<object id="object (CJ_K3_SINK) (1)" breakable="true" interior="80" collisions="true" alpha="255" model="2136" doublesided="false" scale="1" dimension="111" posX="396.60001" posY="-1828.4" posZ="56.9" rotX="0" rotY="0" rotZ="0"></object>
	<object id="object (CJ_K5_LOW_UNIT2) (1)" breakable="true" interior="80" collisions="true" alpha="255" model="2151" doublesided="false" scale="1" dimension="111" posX="400.5" posY="-1824.5" posZ="56.9" rotX="0" rotY="0" rotZ="0"></object>
	<object id="object (CJ_K5_LOW_UNIT3) (1)" breakable="true" interior="80" collisions="true" alpha="255" model="2152" doublesided="false" scale="1" dimension="111" posX="401.89999" posY="-1824.5" posZ="56.9" rotX="0" rotY="0" rotZ="0"></object>
	<object id="object (CJ_K5_UNIT1) (1)" breakable="true" interior="80" collisions="true" alpha="255" model="2153" doublesided="false" scale="1" dimension="111" posX="403.29999" posY="-1824.5" posZ="56.9" rotX="0" rotY="0" rotZ="0"></object>
	<object id="object (CJ_K5_LOW_UNIT1) (1)" breakable="true" interior="80" collisions="true" alpha="255" model="2154" doublesided="false" scale="1" dimension="111" posX="399.20001" posY="-1824.5" posZ="56.9" rotX="0" rotY="0" rotZ="0"></object>
	<object id="object (CJ_K5_LOW_UNIT4) (1)" breakable="true" interior="80" collisions="true" alpha="255" model="2155" doublesided="false" scale="1" dimension="111" posX="398.39999" posY="-1824.5" posZ="56.9" rotX="0" rotY="0" rotZ="0"></object>
	<object id="object (CJ_K6_LOW_UNIT1) (1)" breakable="true" interior="80" collisions="true" alpha="255" model="2156" doublesided="false" scale="1" dimension="111" posX="394.20001" posY="-1824.5" posZ="56.9" rotX="0" rotY="0" rotZ="0"></object>
	<object id="object (CJ_K6_LOW_UNIT2) (1)" breakable="true" interior="80" collisions="true" alpha="255" model="2157" doublesided="false" scale="1" dimension="111" posX="392.79999" posY="-1824.5" posZ="56.9" rotX="0" rotY="0" rotZ="0"></object>
	<object id="object (CJ_K6_LOW_UNIT4) (1)" breakable="true" interior="80" collisions="true" alpha="255" model="2159" doublesided="false" scale="1" dimension="111" posX="391.79999" posY="-1825.7" posZ="56.9" rotX="0" rotY="0" rotZ="90.25"></object>
	<object id="object (CJ_K6_LOW_UNIT3) (1)" breakable="true" interior="80" collisions="true" alpha="255" model="2160" doublesided="false" scale="1" dimension="111" posX="391.79999" posY="-1827.1" posZ="56.9" rotX="0" rotY="0" rotZ="90"></object>
	<object id="object (CJ_KITCH1_L) (1)" breakable="true" interior="80" collisions="true" alpha="255" model="2158" doublesided="false" scale="1" dimension="111" posX="392.10001" posY="-1828.09998" posZ="56.9" rotX="0" rotY="0" rotZ="90"></object>
	<object id="object (lib_street12) (1)" breakable="true" interior="80" collisions="true" alpha="255" model="3900" doublesided="false" scale="1" dimension="111" posX="391.59961" posY="-1825.7998" posZ="58.6" rotX="0" rotY="0" rotZ="0"></object>
	<object id="object (lib_street12) (2)" breakable="true" interior="80" collisions="true" alpha="255" model="3900" doublesided="false" scale="1" dimension="111" posX="391.59961" posY="-1829" posZ="58.6" rotX="0" rotY="0" rotZ="0"></object>
	<object id="object (lib_street12) (3)" breakable="true" interior="80" collisions="true" alpha="255" model="3900" doublesided="false" scale="1" dimension="111" posX="393.2002" posY="-1824.2002" posZ="58.6" rotX="0" rotY="0" rotZ="90"></object>
	<object id="object (lib_street12) (5)" breakable="true" interior="80" collisions="true" alpha="255" model="3900" doublesided="false" scale="1" dimension="111" posX="396.40039" posY="-1824.2002" posZ="58.6" rotX="0" rotY="0" rotZ="90"></object>
	<object id="object (lib_street12) (6)" breakable="true" interior="80" collisions="true" alpha="255" model="3900" doublesided="false" scale="1" dimension="111" posX="399.59961" posY="-1824.2002" posZ="58.6" rotX="0" rotY="0" rotZ="90"></object>
	<object id="object (lib_street12) (7)" breakable="true" interior="80" collisions="true" alpha="255" model="3900" doublesided="false" scale="1" dimension="111" posX="402.7998" posY="-1824.2002" posZ="58.6" rotX="0" rotY="0" rotZ="90"></object>
	<object id="object (lib_street12) (9)" breakable="true" interior="80" collisions="true" alpha="255" model="3900" doublesided="false" scale="1" dimension="111" posX="402.2002" posY="-1827.9004" posZ="58.6" rotX="0" rotY="0" rotZ="90"></object>
	<object id="object (lib_street12) (10)" breakable="true" interior="80" collisions="true" alpha="255" model="3900" doublesided="false" scale="1" dimension="111" posX="399.09961" posY="-1827.9004" posZ="58.6" rotX="0" rotY="0" rotZ="90"></object>
	<object id="object (lib_street12) (11)" breakable="true" interior="80" collisions="true" alpha="255" model="3900" doublesided="false" scale="1" dimension="111" posX="395.90039" posY="-1827.9004" posZ="58.6" rotX="0" rotY="0" rotZ="90"></object>
	<object id="object (lib_street12) (12)" breakable="true" interior="80" collisions="true" alpha="255" model="3900" doublesided="false" scale="1" dimension="111" posX="403.7002" posY="-1825.7002" posZ="58.6" rotX="0" rotY="0" rotZ="180.247"></object>
	<object id="object (lib_street12) (13)" breakable="true" interior="80" collisions="true" alpha="255" model="3900" doublesided="false" scale="1" dimension="111" posX="403.7002" posY="-1828.9004" posZ="58.6" rotX="0" rotY="0" rotZ="180.242"></object>
	<object id="object (lib_street12) (16)" breakable="true" interior="80" collisions="true" alpha="255" model="3900" doublesided="false" scale="1" dimension="111" posX="398.2998" posY="-1831.7998" posZ="58.6" rotX="0" rotY="0" rotZ="90"></object>
	<object id="object (lib_street12) (17)" breakable="true" interior="80" collisions="true" alpha="255" model="3900" doublesided="false" scale="1" dimension="111" posX="401.5" posY="-1831.7998" posZ="58.6" rotX="0" rotY="0" rotZ="90"></object>
	<object id="object (lib_street12) (18)" breakable="true" interior="80" collisions="true" alpha="255" model="3900" doublesided="false" scale="1" dimension="111" posX="404.70001" posY="-1831.8" posZ="58.7" rotX="0" rotY="0" rotZ="90"></object>
	<object id="object (lib_street12) (19)" breakable="true" interior="80" collisions="true" alpha="255" model="3900" doublesided="false" scale="1" dimension="111" posX="403" posY="-1833.4004" posZ="58.6" rotX="0" rotY="0" rotZ="179.995"></object>
	<object id="object (lib_street12) (20)" breakable="true" interior="80" collisions="true" alpha="255" model="3900" doublesided="false" scale="1" dimension="111" posX="403" posY="-1836.4004" posZ="58.6" rotX="0" rotY="0" rotZ="179.995"></object>
	<object id="object (lib_street12) (21)" breakable="true" interior="80" collisions="true" alpha="255" model="3900" doublesided="false" scale="1" dimension="111" posX="403" posY="-1838.0996" posZ="58.6" rotX="0" rotY="0" rotZ="179.995"></object>
	<object id="object (lib_street12) (22)" breakable="true" interior="80" collisions="true" alpha="255" model="3900" doublesided="false" scale="1" dimension="111" posX="404.5" posY="-1839.7002" posZ="58.6" rotX="0" rotY="0" rotZ="269.995"></object>
	<object id="object (lib_street12) (23)" breakable="true" interior="80" collisions="true" alpha="255" model="3900" doublesided="false" scale="1" dimension="111" posX="403.7002" posY="-1832.0996" posZ="58.6" rotX="0" rotY="0" rotZ="180.242"></object>
	<object id="object (vgsN_WHse_post03) (1)" breakable="true" interior="80" collisions="true" alpha="255" model="3901" doublesided="false" scale="1" dimension="111" posX="396" posY="-1846.2" posZ="58.6" rotX="0" rotY="0" rotZ="270"></object>
	<object id="object (vgsN_WHse_post03) (2)" breakable="true" interior="80" collisions="true" alpha="255" model="3901" doublesided="false" scale="1" dimension="111" posX="403.7002" posY="-1841.4004" posZ="58.6" rotX="0" rotY="0" rotZ="0"></object>
	<object id="object (vgsN_WHse_post03) (3)" breakable="true" interior="80" collisions="true" alpha="255" model="3901" doublesided="false" scale="1" dimension="111" posX="403.7002" posY="-1844.5996" posZ="58.6" rotX="0" rotY="0" rotZ="0"></object>
	<object id="object (vgsN_WHse_post03) (4)" breakable="true" interior="80" collisions="true" alpha="255" model="3901" doublesided="false" scale="1" dimension="111" posX="402.09961" posY="-1846.2002" posZ="58.6" rotX="0" rotY="0" rotZ="270"></object>
	<object id="object (vgsN_WHse_post03) (5)" breakable="true" interior="80" collisions="true" alpha="255" model="3901" doublesided="false" scale="1" dimension="111" posX="398.90039" posY="-1846.2002" posZ="58.6" rotX="0" rotY="0" rotZ="270"></object>
	<object id="object (LOW_DINNING_5) (1)" breakable="true" interior="80" collisions="true" alpha="255" model="2111" doublesided="false" scale="1" dimension="111" posX="402" posY="-1830.6" posZ="57.3" rotX="0" rotY="0" rotZ="0"></object>
	<object id="object (SWANK_DIN_CHAIR_4) (1)" breakable="true" interior="80" collisions="true" alpha="255" model="2123" doublesided="false" scale="1" dimension="111" posX="401" posY="-1831.2" posZ="57.5" rotX="0" rotY="0" rotZ="238"></object>
	<object id="object (vgsN_WHse_post03) (6)" breakable="true" interior="80" collisions="true" alpha="255" model="3901" doublesided="false" scale="1" dimension="111" posX="402" posY="-1855" posZ="58.6" rotX="0" rotY="0" rotZ="270"></object>
	<object id="object (vgsN_WHse_post03) (7)" breakable="true" interior="80" collisions="true" alpha="255" model="3901" doublesided="false" scale="1" dimension="111" posX="403.7002" posY="-1847.9004" posZ="58.6" rotX="0" rotY="0" rotZ="0"></object>
	<object id="object (vgsN_WHse_post03) (8)" breakable="true" interior="80" collisions="true" alpha="255" model="3901" doublesided="false" scale="1" dimension="111" posX="403.7002" posY="-1851.0996" posZ="58.6" rotX="0" rotY="0" rotZ="0"></object>
	<object id="object (kb_couch05) (1)" breakable="true" interior="80" collisions="true" alpha="255" model="1712" doublesided="false" scale="1" dimension="111" posX="397.5" posY="-1845.6" posZ="56.9" rotX="0" rotY="0" rotZ="179.995"></object>
	<object id="object (kb_couch03) (1)" breakable="true" interior="80" collisions="true" alpha="255" model="1706" doublesided="false" scale="1" dimension="111" posX="401.29999" posY="-1839.5" posZ="56.9" rotX="0" rotY="0" rotZ="0"></object>
	<object id="object (CJ_BEDROOM1_W) (1)" breakable="true" interior="80" collisions="true" alpha="255" model="2330" doublesided="false" scale="1" dimension="111" posX="402.20001" posY="-1847.8" posZ="56.9" rotX="0" rotY="0" rotZ="0"></object>
	<object id="object (LOW_CABINET_1_L) (1)" breakable="true" interior="80" collisions="true" alpha="255" model="2329" doublesided="false" scale="1" dimension="111" posX="400.20001" posY="-1847.8" posZ="56.9" rotX="0" rotY="0" rotZ="0"></object>
	<object id="object (LOW_CABINET_1_S) (1)" breakable="true" interior="80" collisions="true" alpha="255" model="2328" doublesided="false" scale="1" dimension="111" posX="399.20001" posY="-1847.9" posZ="56.9" rotX="0" rotY="0" rotZ="0"></object>
	<object id="object (SWANK_BED_5) (1)" breakable="true" interior="80" collisions="true" alpha="255" model="2090" doublesided="false" scale="1" dimension="111" posX="399.60001" posY="-1848.4" posZ="56.9" rotX="0" rotY="0" rotZ="270"></object>
	<object id="object (vgsN_WHse_post03) (9)" breakable="true" interior="80" collisions="true" alpha="255" model="3901" doublesided="false" scale="1" dimension="111" posX="398.60001" posY="-1847.9" posZ="58.6" rotX="0" rotY="0" rotZ="0"></object>
	<object id="object (SWANK_BED_4) (1)" breakable="true" interior="80" collisions="true" alpha="255" model="1801" doublesided="false" scale="1" dimension="111" posX="395" posY="-1850" posZ="56.9" rotX="0" rotY="0" rotZ="0"></object>
	<object id="object (MED_BED_2) (1)" breakable="true" interior="80" collisions="true" alpha="255" model="1802" doublesided="false" scale="1" dimension="111" posX="396.89999" posY="-1849.9" posZ="56.9" rotX="0" rotY="0" rotZ="0"></object>
	<object id="object (vgsN_WHse_post03) (12)" breakable="true" interior="80" collisions="true" alpha="255" model="3901" doublesided="false" scale="1" dimension="111" posX="403.7002" posY="-1854.2998" posZ="58.6" rotX="0" rotY="0" rotZ="0"></object>
	<object id="object (vgsN_WHse_post03) (13)" breakable="true" interior="80" collisions="true" alpha="255" model="3901" doublesided="false" scale="1" dimension="111" posX="400.5" posY="-1855" posZ="58.6" rotX="0" rotY="0" rotZ="270"></object>
	<object id="object (gb_bedrug04) (1)" breakable="true" interior="80" collisions="true" alpha="255" model="2842" doublesided="false" scale="1" dimension="111" posX="401.5" posY="-1851.1" posZ="56.9" rotX="0" rotY="0" rotZ="0"></object>
	<object id="object (Smokes_bed) (1)" breakable="true" interior="80" collisions="true" alpha="255" model="14446" doublesided="false" scale="1" dimension="111" posX="401.79999" posY="-1853.1" posZ="57.5" rotX="0" rotY="0" rotZ="270"></object>
	<object id="object (Gen_doorEXT12) (1)" breakable="true" interior="80" collisions="true" alpha="255" model="1533" doublesided="false" scale="1" dimension="111" posX="383.39999" posY="-1824.3" posZ="56.9" rotX="0" rotY="0" rotZ="0"></object>
	<object id="object (Gen_doorEXT12) (2)" breakable="true" interior="80" collisions="true" alpha="255" model="1533" doublesided="false" scale="1" dimension="111" posX="382" posY="-1824.3" posZ="56.9" rotX="0" rotY="0" rotZ="0"></object>
	<object id="object (vgsN_WHse_post03) (11)" breakable="true" interior="80" collisions="true" alpha="255" model="3901" doublesided="false" scale="1" dimension="111" posX="398.79999" posY="-1853.4" posZ="58.6" rotX="0" rotY="0" rotZ="180"></object>
	<object id="object (lib_street04) (6)" breakable="true" interior="80" collisions="true" alpha="255" model="3899" doublesided="false" scale="1" dimension="111" posX="397.12" posY="-1855.03" posZ="58.6" rotX="0" rotY="0" rotZ="270"></object>
	<object id="object (lib_street04) (7)" breakable="true" interior="80" collisions="true" alpha="255" model="3899" doublesided="false" scale="1" dimension="111" posX="395.89999" posY="-1855" posZ="58.6" rotX="0" rotY="0" rotZ="270"></object>
	<object id="object (LOW_COUCH_2) (1)" breakable="true" interior="80" collisions="true" alpha="255" model="1764" doublesided="false" scale="1" dimension="111" posX="396" posY="-1854.59998" posZ="56.9" rotX="0" rotY="0" rotZ="110"></object>
	<object id="object (TV_UNIT_2) (1)" breakable="true" interior="80" collisions="true" alpha="255" model="2297" doublesided="false" scale="1" dimension="111" posX="397.60001" posY="-1852.5" posZ="56.9" rotX="0" rotY="0" rotZ="246"></object>
	<object id="object (lee_Plane09) (13)" breakable="true" interior="80" collisions="true" alpha="255" model="3964" doublesided="false" scale="1" dimension="111" posX="389" posY="-1856.3" posZ="62" rotX="0" rotY="90" rotZ="0"></object>
	<object id="object (lee_Plane09) (14)" breakable="true" interior="80" collisions="true" alpha="255" model="3964" doublesided="false" scale="1" dimension="111" posX="399.5" posY="-1856.3" posZ="62" rotX="0" rotY="90" rotZ="0"></object>
	<object id="object (lee_Plane09) (15)" breakable="true" interior="80" collisions="true" alpha="255" model="3964" doublesided="false" scale="1" dimension="111" posX="398.60001" posY="-1846.7" posZ="62" rotX="0" rotY="90" rotZ="0"></object>
	<object id="object (lee_Plane09) (16)" breakable="true" interior="80" collisions="true" alpha="255" model="3964" doublesided="false" scale="1" dimension="111" posX="388.10001" posY="-1846.7" posZ="62" rotX="0" rotY="90" rotZ="0"></object>
	<object id="object (lee_Plane09) (17)" breakable="true" interior="80" collisions="true" alpha="255" model="3964" doublesided="false" scale="1" dimension="111" posX="377.60001" posY="-1846.7" posZ="62" rotX="0" rotY="90" rotZ="0"></object>
	<object id="object (lee_Plane09) (18)" breakable="true" interior="80" collisions="true" alpha="255" model="3964" doublesided="false" scale="1" dimension="111" posX="398.60001" posY="-1837.09998" posZ="62" rotX="0" rotY="90" rotZ="0"></object>
	<object id="object (lee_Plane09) (19)" breakable="true" interior="80" collisions="true" alpha="255" model="3964" doublesided="false" scale="1" dimension="111" posX="388.09961" posY="-1837.0996" posZ="62" rotX="0" rotY="90" rotZ="0"></object>
	<object id="object (lee_Plane09) (20)" breakable="true" interior="80" collisions="true" alpha="255" model="3964" doublesided="false" scale="1" dimension="111" posX="377.60001" posY="-1837.1" posZ="62" rotX="0" rotY="90" rotZ="0"></object>
	<object id="object (lee_Plane09) (21)" breakable="true" interior="80" collisions="true" alpha="255" model="3964" doublesided="false" scale="1" dimension="111" posX="398.5" posY="-1827.5" posZ="62" rotX="0" rotY="90" rotZ="0"></object>
	<object id="object (lee_Plane09) (22)" breakable="true" interior="80" collisions="true" alpha="255" model="3964" doublesided="false" scale="1" dimension="111" posX="388" posY="-1827.5" posZ="62" rotX="0" rotY="90" rotZ="0"></object>
	<object id="object (lee_Plane09) (23)" breakable="true" interior="80" collisions="true" alpha="255" model="3964" doublesided="false" scale="1" dimension="111" posX="377.5" posY="-1827.5" posZ="62" rotX="0" rotY="90" rotZ="0"></object>
	<object id="object (lee_Plane09) (24)" breakable="true" interior="80" collisions="true" alpha="255" model="3964" doublesided="false" scale="1" dimension="111" posX="378.5" posY="-1856.3" posZ="62" rotX="0" rotY="90" rotZ="0"></object>
	<object id="object (LOW_COUCH_5) (1)" breakable="true" interior="80" collisions="true" alpha="255" model="1757" doublesided="false" scale="1" dimension="111" posX="384.29999" posY="-1844.1" posZ="56.9" rotX="0" rotY="0" rotZ="350"></object>
	<object id="object (shoplight1) (1)" breakable="true" interior="80" collisions="true" alpha="255" model="1893" doublesided="false" scale="1" dimension="111" posX="380.89999" posY="-1825.3" posZ="62.6" rotX="0" rotY="0" rotZ="0"></object>
	<object id="object (lib_street14) (17)" breakable="true" interior="80" collisions="true" alpha="255" model="3895" doublesided="false" scale="1" dimension="111" posX="382.40039" posY="-1838.0996" posZ="58.6" rotX="0" rotY="0" rotZ="89.995"></object>
	<object id="object (lib_street12) (4)" breakable="true" interior="80" collisions="true" alpha="255" model="3900" doublesided="false" scale="1" dimension="111" posX="398.2002" posY="-1838.9004" posZ="58.6" rotX="0" rotY="0" rotZ="269.995"></object>
	<object id="object (lib_street12) (14)" breakable="true" interior="80" collisions="true" alpha="255" model="3900" doublesided="false" scale="1" dimension="111" posX="401.39999" posY="-1838.9" posZ="58.6" rotX="0" rotY="0" rotZ="269.995"></object>
	<object id="object (SWANK_DINNING_1) (1)" breakable="true" interior="80" collisions="true" alpha="255" model="2029" doublesided="false" scale="1" dimension="111" posX="398.79999" posY="-1839.5" posZ="56.9" rotX="0" rotY="0" rotZ="0"></object>
	<object id="object (CJ_MLIGHT4) (1)" breakable="true" interior="80" collisions="true" alpha="255" model="2072" doublesided="false" scale="1" dimension="111" posX="396.7998" posY="-1839.2998" posZ="58.4" rotX="0" rotY="0" rotZ="0"></object>
	<object id="object (CJ_MLIGHT7) (1)" breakable="true" interior="80" collisions="true" alpha="255" model="2069" doublesided="false" scale="1" dimension="111" posX="386.60001" posY="-1848.5" posZ="56.9" rotX="0" rotY="0" rotZ="0"></object>
	<object id="object (mrk_stnd_lmp) (1)" breakable="true" interior="80" collisions="true" alpha="255" model="2023" doublesided="false" scale="1" dimension="111" posX="392" posY="-1830.3" posZ="56.9" rotX="0" rotY="0" rotZ="0"></object>
	<object id="object (CJ_MLIGHT2) (1)" breakable="true" interior="80" collisions="true" alpha="255" model="1734" doublesided="false" scale="1" dimension="111" posX="401.69629" posY="-1835.03516" posZ="58.25873" rotX="0" rotY="0" rotZ="0"></object>
	<object id="object (CJ_MLIGHT3) (1)" breakable="true" interior="80" collisions="true" alpha="255" model="1731" doublesided="false" scale="1" dimension="111" posX="403.60001" posY="-1842.8" posZ="59.1" rotX="0" rotY="0" rotZ="0"></object>
	<object id="object (Med_BOOKSHELF) (1)" breakable="true" interior="80" collisions="true" alpha="255" model="1742" doublesided="false" scale="1" dimension="111" posX="386.10001" posY="-1831.7" posZ="57" rotX="0" rotY="0" rotZ="0"></object>
	<object id="object (MED_CABINET_3) (1)" breakable="true" interior="80" collisions="true" alpha="255" model="1743" doublesided="false" scale="1" dimension="111" posX="381.79999" posY="-1833.3" posZ="56.9" rotX="0" rotY="0" rotZ="0"></object>
	<object id="object (MED_SHELF) (1)" breakable="true" interior="80" collisions="true" alpha="255" model="1744" doublesided="false" scale="1" dimension="111" posX="383.29999" posY="-1831.8" posZ="58.6" rotX="0" rotY="0" rotZ="0"></object>
	<object id="object (LOW_SINGLE_4) (1)" breakable="true" interior="80" collisions="true" alpha="255" model="1758" doublesided="false" scale="1" dimension="111" posX="385.79999" posY="-1849.8" posZ="56.9" rotX="0" rotY="0" rotZ="0"></object>
	<object id="object (COFFEE_MED_1) (1)" breakable="true" interior="80" collisions="true" alpha="255" model="1814" doublesided="false" scale="1" dimension="111" posX="383" posY="-1852.9" posZ="56.9" rotX="0" rotY="0" rotZ="0"></object>
	<object id="object (COFFEE_LOW_2) (1)" breakable="true" interior="80" collisions="true" alpha="255" model="1815" doublesided="false" scale="1" dimension="111" posX="385.89999" posY="-1852.3" posZ="56.9" rotX="0" rotY="0" rotZ="0"></object>
	<object id="object (COFFEE_LOW_3) (1)" breakable="true" interior="80" collisions="true" alpha="255" model="1816" doublesided="false" scale="1" dimension="111" posX="394.5" posY="-1852.3" posZ="56.9" rotX="0" rotY="0" rotZ="0"></object>
	<object id="object (COFFEE_SWANK_4) (1)" breakable="true" interior="80" collisions="true" alpha="255" model="1819" doublesided="false" scale="1" dimension="111" posX="396.79999" posY="-1844.9" posZ="56.9" rotX="0" rotY="0" rotZ="0"></object>
	<object id="object (gb_bedrug01) (1)" breakable="true" interior="80" collisions="true" alpha="255" model="2817" doublesided="false" scale="1" dimension="111" posX="396.70001" posY="-1844.4" posZ="56.9" rotX="0" rotY="0" rotZ="0"></object>
	<object id="object (gb_bedrug03) (2)" breakable="true" interior="80" collisions="true" alpha="255" model="2841" doublesided="false" scale="1" dimension="111" posX="400.5" posY="-1842" posZ="56.9" rotX="0" rotY="0" rotZ="0"></object>
	<object id="object (CJ_MLIGHT14) (1)" breakable="true" interior="80" collisions="true" alpha="255" model="2105" doublesided="false" scale="1" dimension="111" posX="399.20001" posY="-1847" posZ="58.2" rotX="0" rotY="0" rotZ="0"></object>
	<object id="object (CJ_MLIGHT13) (1)" breakable="true" interior="80" collisions="true" alpha="255" model="2108" doublesided="false" scale="1" dimension="111" posX="397.79999" posY="-1854.5" posZ="56.9" rotX="0" rotY="0" rotZ="0"></object>
	<object id="object (CJ_MLIGHT7) (2)" breakable="true" interior="80" collisions="true" alpha="255" model="2069" doublesided="false" scale="1" dimension="111" posX="394.59961" posY="-1846.9004" posZ="56.9" rotX="0" rotY="0" rotZ="0"></object>
	<object id="object (vgsN_constrbeam) (1)" breakable="true" interior="80" collisions="true" alpha="255" model="3529" doublesided="false" scale="1" dimension="111" posX="391.79999" posY="-1849.3" posZ="60.1" rotX="0" rotY="0" rotZ="0"></object>
	<object id="object (vgsN_constrbeam) (6)" breakable="true" interior="80" collisions="true" alpha="255" model="3529" doublesided="false" scale="1" dimension="111" posX="391.70001" posY="-1838.8" posZ="60.1" rotX="0" rotY="0" rotZ="0"></object>
	<object id="object (vgsN_constrbeam) (8)" breakable="true" interior="80" collisions="true" alpha="255" model="3529" doublesided="false" scale="1" dimension="111" posX="381.39999" posY="-1823.9" posZ="60.1" rotX="0" rotY="0" rotZ="0"></object>
	<object id="object (vgsN_constrbeam) (9)" breakable="true" interior="80" collisions="true" alpha="255" model="3529" doublesided="false" scale="1" dimension="111" posX="385.5" posY="-1823.8" posZ="60.1" rotX="0" rotY="0" rotZ="0"></object>
	<object id="object (vgsN_constrbeam) (10)" breakable="true" interior="80" collisions="true" alpha="255" model="3529" doublesided="false" scale="1" dimension="111" posX="391" posY="-1824" posZ="60.1" rotX="0" rotY="0" rotZ="0"></object>
	<object id="object (vgsN_constrbeam) (16)" breakable="true" interior="80" collisions="true" alpha="255" model="3529" doublesided="false" scale="1" dimension="111" posX="394.60001" posY="-1855.4" posZ="60.1" rotX="0" rotY="0" rotZ="0"></object>
	<object id="object (vgsN_constrbeam) (17)" breakable="true" interior="80" collisions="true" alpha="255" model="3529" doublesided="false" scale="1" dimension="111" posX="389.29999" posY="-1855.3" posZ="60.1" rotX="0" rotY="0" rotZ="0"></object>
	<object id="object (Plant_Pot_4) (1)" breakable="true" interior="80" collisions="true" alpha="255" model="949" doublesided="false" scale="1" dimension="111" posX="386.79999" posY="-1831.4" posZ="57.5" rotX="0" rotY="0" rotZ="0"></object>
	<object id="object (CJ_MEDIUMPOTS1) (1)" breakable="true" interior="80" collisions="true" alpha="255" model="1807" doublesided="false" scale="1" dimension="111" posX="391.20001" posY="-1825.2" posZ="57.4" rotX="0" rotY="0" rotZ="0"></object>
	<object id="object (nu_plant_ofc) (1)" breakable="true" interior="80" collisions="true" alpha="255" model="2001" doublesided="false" scale="1" dimension="111" posX="391.29999" posY="-1830.5" posZ="56.9" rotX="0" rotY="0" rotZ="0"></object>
	<object id="object (nu_plant2_ofc) (1)" breakable="true" interior="80" collisions="true" alpha="255" model="2011" doublesided="false" scale="1" dimension="111" posX="395.70001" posY="-1828.4" posZ="56.8" rotX="0" rotY="0" rotZ="0"></object>
	<object id="object (Plant_Pot_2) (1)" breakable="true" interior="80" collisions="true" alpha="255" model="2194" doublesided="false" scale="1" dimension="111" posX="388.70001" posY="-1827.3" posZ="58.2" rotX="0" rotY="0" rotZ="0"></object>
	<object id="object (Plant_Pot_3) (1)" breakable="true" interior="80" collisions="true" alpha="255" model="2195" doublesided="false" scale="1" dimension="111" posX="386.70001" posY="-1838.6" posZ="57.5" rotX="0" rotY="0" rotZ="0"></object>
	<object id="object (Plant_Pot_5) (1)" breakable="true" interior="80" collisions="true" alpha="255" model="2241" doublesided="false" scale="1" dimension="111" posX="397.10001" posY="-1844.3" posZ="57.9" rotX="0" rotY="0" rotZ="0"></object>
	<object id="object (Plant_Pot_11) (2)" breakable="true" interior="80" collisions="true" alpha="255" model="2245" doublesided="false" scale="1" dimension="111" posX="398.60001" posY="-1839.7" posZ="58" rotX="0" rotY="0" rotZ="0"></object>
	<object id="object (Plant_Pot_22) (1)" breakable="true" interior="80" collisions="true" alpha="255" model="2253" doublesided="false" scale="1" dimension="111" posX="386.60001" posY="-1851.8" posZ="57.7" rotX="0" rotY="0" rotZ="0"></object>
	<object id="object (GB_romanpot01) (1)" breakable="true" interior="80" collisions="true" alpha="255" model="2811" doublesided="false" scale="1" dimension="111" posX="383.79999" posY="-1852.4" posZ="57.4" rotX="0" rotY="0" rotZ="0"></object>
	<object id="object (Plant_Pot_20) (2)" breakable="true" interior="80" collisions="true" alpha="255" model="2251" doublesided="false" scale="1" dimension="111" posX="382" posY="-1829.8" posZ="58.34" rotX="0" rotY="0" rotZ="0"></object>
	<object id="object (sfx_winplant07) (1)" breakable="true" interior="80" collisions="true" alpha="255" model="3806" doublesided="false" scale="1" dimension="111" posX="384.20001" posY="-1831.4" posZ="57.7" rotX="0" rotY="0" rotZ="89.5"></object>
	<object id="object (sfx_plant04) (1)" breakable="true" interior="80" collisions="true" alpha="255" model="3810" doublesided="false" scale="1" dimension="111" posX="381.20001" posY="-1826" posZ="59.7" rotX="0" rotY="0" rotZ="0"></object>
	<object id="object (kmb_atm1) (1)" breakable="true" interior="80" collisions="true" alpha="255" model="2942" doublesided="true" scale="1" dimension="111" posX="381.39999" posY="-1824.9" posZ="57.5" rotX="0" rotY="0" rotZ="0"></object>
	<object id="object (wglasssmash) (1)" breakable="true" interior="80" collisions="true" alpha="255" model="1649" doublesided="false" scale="1" dimension="111" posX="388.20001" posY="-1824.2" posZ="60.3" rotX="0" rotY="0" rotZ="0"></object>
	<object id="object (wglasssmash) (2)" breakable="true" interior="80" collisions="true" alpha="255" model="1649" doublesided="false" scale="1" dimension="111" posX="388.2002" posY="-1824.2002" posZ="60.3" rotX="0" rotY="0" rotZ="0"></object>
	<object id="object (wglasssmash) (3)" breakable="true" interior="80" collisions="true" alpha="255" model="1649" doublesided="false" scale="1" dimension="111" posX="388.2002" posY="-1824.2002" posZ="60.3" rotX="0" rotY="0" rotZ="0"></object>
	<object id="object (wglasssmash) (4)" breakable="true" interior="80" collisions="true" alpha="255" model="1649" doublesided="false" scale="1" dimension="111" posX="388.2002" posY="-1824.2002" posZ="60.3" rotX="0" rotY="0" rotZ="0"></object>
	<object id="object (wglasssmash) (5)" breakable="true" interior="80" collisions="true" alpha="255" model="1649" doublesided="false" scale="1" dimension="111" posX="388.2002" posY="-1824.2002" posZ="60.3" rotX="0" rotY="0" rotZ="0"></object>
	<object id="object (wglasssmash) (6)" breakable="true" interior="80" collisions="true" alpha="255" model="1649" doublesided="false" scale="1" dimension="111" posX="388.2002" posY="-1824.2002" posZ="60.3" rotX="0" rotY="0" rotZ="0"></object>
	<object id="object (wglasssmash) (7)" breakable="true" interior="80" collisions="true" alpha="255" model="1649" doublesided="false" scale="1" dimension="111" posX="388.2002" posY="-1824.2002" posZ="60.3" rotX="0" rotY="0" rotZ="0"></object>
	<object id="object (wglasssmash) (8)" breakable="true" interior="80" collisions="true" alpha="255" model="1649" doublesided="false" scale="1" dimension="111" posX="388.2002" posY="-1824.2002" posZ="60.3" rotX="0" rotY="0" rotZ="0"></object>
	<object id="object (wglasssmash) (9)" breakable="false" interior="80" collisions="true" alpha="255" model="1649" doublesided="false" scale="1" dimension="111" posX="388.2002" posY="-1824.2002" posZ="60.3" rotX="0" rotY="0" rotZ="0"></object>
	<object id="object (des_warewin) (1)" breakable="true" interior="80" collisions="true" alpha="255" model="3278" doublesided="false" scale="1" dimension="111" posX="383.39999" posY="-1824.2" posZ="60.4" rotX="0" rotY="0" rotZ="0"></object>
	<object id="object (wglasssmash) (10)" breakable="true" interior="80" collisions="true" alpha="255" model="1649" doublesided="false" scale="1" dimension="111" posX="383.5" posY="-1824.2" posZ="60.3" rotX="0" rotY="0" rotZ="0"></object>
	<object id="object (wglasssmash) (11)" breakable="true" interior="80" collisions="true" alpha="255" model="1649" doublesided="false" scale="1" dimension="111" posX="383.5" posY="-1824.2002" posZ="60.3" rotX="0" rotY="0" rotZ="0"></object>
	<object id="object (wglasssmash) (12)" breakable="true" interior="80" collisions="true" alpha="255" model="1649" doublesided="false" scale="1" dimension="111" posX="383.5" posY="-1824.2002" posZ="60.3" rotX="0" rotY="0" rotZ="0"></object>
	<object id="object (wglasssmash) (13)" breakable="true" interior="80" collisions="true" alpha="255" model="1649" doublesided="false" scale="1" dimension="111" posX="383.5" posY="-1824.2002" posZ="60.3" rotX="0" rotY="0" rotZ="0"></object>
	<object id="object (wglasssmash) (14)" breakable="true" interior="80" collisions="true" alpha="255" model="1649" doublesided="false" scale="1" dimension="111" posX="383.5" posY="-1824.2002" posZ="60.3" rotX="0" rotY="0" rotZ="0"></object>
	<object id="object (wglasssmash) (15)" breakable="true" interior="80" collisions="true" alpha="255" model="1649" doublesided="false" scale="1" dimension="111" posX="383.5" posY="-1824.2002" posZ="60.3" rotX="0" rotY="0" rotZ="0"></object>
	<object id="object (wglasssmash) (16)" breakable="true" interior="80" collisions="true" alpha="255" model="1649" doublesided="false" scale="1" dimension="111" posX="383.5" posY="-1824.2002" posZ="60.3" rotX="0" rotY="0" rotZ="0"></object>
	<object id="object (wglasssmash) (17)" breakable="true" interior="80" collisions="true" alpha="255" model="1649" doublesided="false" scale="1" dimension="111" posX="383.5" posY="-1824.2002" posZ="60.3" rotX="0" rotY="0" rotZ="0"></object>
	<object id="object (wglasssmash) (18)" breakable="true" interior="80" collisions="true" alpha="255" model="1649" doublesided="false" scale="1" dimension="111" posX="383.5" posY="-1824.2002" posZ="60.3" rotX="0" rotY="0" rotZ="0"></object>
	<object id="object (wglasssmash) (19)" breakable="true" interior="80" collisions="true" alpha="255" model="1649" doublesided="false" scale="1" dimension="111" posX="383.5" posY="-1824.2002" posZ="60.3" rotX="0" rotY="0" rotZ="0"></object>
	<object id="object (wglasssmash) (20)" breakable="true" interior="80" collisions="true" alpha="255" model="1649" doublesided="false" scale="1" dimension="111" posX="383.5" posY="-1824.2002" posZ="60.3" rotX="0" rotY="0" rotZ="0"></object>
	<object id="object (wglasssmash) (21)" breakable="true" interior="80" collisions="true" alpha="255" model="1649" doublesided="false" scale="1" dimension="111" posX="383.5" posY="-1824.2002" posZ="60.3" rotX="0" rotY="0" rotZ="0"></object>
	<object id="object (wglasssmash) (22)" breakable="true" interior="80" collisions="true" alpha="255" model="1649" doublesided="false" scale="1" dimension="111" posX="383.5" posY="-1824.2002" posZ="60.3" rotX="0" rotY="0" rotZ="0"></object>
	<object id="object (wglasssmash) (23)" breakable="true" interior="80" collisions="true" alpha="255" model="1649" doublesided="false" scale="1" dimension="111" posX="383.5" posY="-1824.2002" posZ="60.3" rotX="0" rotY="0" rotZ="0"></object>
	<object id="object (wglasssmash) (24)" breakable="false" interior="80" collisions="true" alpha="255" model="1649" doublesided="false" scale="1" dimension="111" posX="383.5" posY="-1824.2002" posZ="60.3" rotX="0" rotY="0" rotZ="0"></object>
	<object id="object (wglasssmash) (25)" breakable="true" interior="80" collisions="true" alpha="255" model="1649" doublesided="false" scale="1" dimension="111" posX="397.20001" posY="-1824.2" posZ="60.3" rotX="0" rotY="0" rotZ="0"></object>
	<object id="object (wglasssmash) (26)" breakable="true" interior="80" collisions="true" alpha="255" model="1649" doublesided="false" scale="1" dimension="111" posX="397.2002" posY="-1824.2002" posZ="60.3" rotX="0" rotY="0" rotZ="0"></object>
	<object id="object (wglasssmash) (27)" breakable="true" interior="80" collisions="true" alpha="255" model="1649" doublesided="false" scale="1" dimension="111" posX="397.2002" posY="-1824.2002" posZ="60.3" rotX="0" rotY="0" rotZ="0"></object>
	<object id="object (wglasssmash) (28)" breakable="true" interior="80" collisions="true" alpha="255" model="1649" doublesided="false" scale="1" dimension="111" posX="397.2002" posY="-1824.2002" posZ="60.3" rotX="0" rotY="0" rotZ="0"></object>
	<object id="object (wglasssmash) (29)" breakable="true" interior="80" collisions="true" alpha="255" model="1649" doublesided="false" scale="1" dimension="111" posX="397.2002" posY="-1824.2002" posZ="60.3" rotX="0" rotY="0" rotZ="0"></object>
	<object id="object (wglasssmash) (30)" breakable="false" interior="80" collisions="true" alpha="255" model="1649" doublesided="false" scale="1" dimension="111" posX="397.2002" posY="-1824.2002" posZ="60.3" rotX="0" rotY="0" rotZ="0"></object>
	<object id="object (CJ_OPEN_SIGN_2) (1)" breakable="true" interior="80" collisions="true" alpha="255" model="2714" doublesided="false" scale="1" dimension="111" posX="389.7002" posY="-1824.2998" posZ="59" rotX="0" rotY="0" rotZ="0"></object>
	<object id="object (vegstreetsign2) (1)" breakable="true" interior="80" collisions="true" alpha="255" model="3468" doublesided="false" scale="1" dimension="111" posX="386.79999" posY="-1824.4" posZ="57.6" rotX="0" rotY="0" rotZ="0"></object>
	<object id="object (nu_plant_ofc) (2)" breakable="true" interior="80" collisions="true" alpha="255" model="2001" doublesided="false" scale="1" dimension="111" posX="391.39999" posY="-1827.1" posZ="56.9" rotX="0" rotY="0" rotZ="0"></object>
	<object id="object (veg_palmkb14) (3)" breakable="true" interior="80" collisions="true" alpha="255" model="646" doublesided="true" scale="1" dimension="111" posX="397.59961" posY="-1839.2998" posZ="58.3" rotX="0" rotY="0" rotZ="0"></object>
	<object id="object (CJ_TV_TABLE2) (2)" breakable="true" interior="80" collisions="true" alpha="255" model="2311" doublesided="false" scale="1" dimension="111" posX="399" posY="-1841.8" posZ="56.9" rotX="0" rotY="0" rotZ="0"></object>
	<object id="object (Plant_Pot_8) (7)" breakable="true" interior="80" collisions="true" alpha="255" model="2240" doublesided="false" scale="1" dimension="111" posX="391.10001" posY="-1829.8" posZ="57.5" rotX="0" rotY="0" rotZ="0"></object>
	<object id="object (CJ_MLIGHT7) (3)" breakable="true" interior="80" collisions="true" alpha="255" model="2069" doublesided="false" scale="1" dimension="111" posX="390.70001" posY="-1825.5" posZ="56.9" rotX="0" rotY="0" rotZ="0"></object>
	<object id="object (CJ_MLIGHT4) (2)" breakable="true" interior="80" collisions="true" alpha="255" model="2072" doublesided="false" scale="1" dimension="111" posX="391.20001" posY="-1829.1" posZ="58.4" rotX="0" rotY="0" rotZ="0"></object>
</map>