<!--
	Copyright by ViCE
	Commercial use, Copyright removal or re-publishing is strictly prohibited.
-->
<map edf:definitions="editor_main">
    <object id="object (lounger) (1)" breakable="true" interior="0" collisions="true" alpha="255" model="1255" doublesided="false" scale="1" dimension="0" posX="1919.53894" posY="-1402.82666" posZ="13.14421" rotX="0" rotY="0" rotZ="180.541"></object>
    <object id="object (lounger) (2)" breakable="true" interior="0" collisions="true" alpha="255" model="1255" doublesided="false" scale="1" dimension="0" posX="1919.50317" posY="-1404.39185" posZ="13.14421" rotX="0" rotY="0" rotZ="180.541"></object>
    <object id="object (lounger) (3)" breakable="true" interior="0" collisions="true" alpha="255" model="1255" doublesided="false" scale="1" dimension="0" posX="1920.3" posY="-1405.9" posZ="13.1" rotX="0" rotY="0" rotZ="180.538"></object>
    <object id="object (lounger) (4)" breakable="true" interior="0" collisions="true" alpha="255" model="1255" doublesided="false" scale="1" dimension="0" posX="1919.44067" posY="-1407.32031" posZ="13.14421" rotX="0" rotY="0" rotZ="180.541"></object>
    <object id="object (torino_mic) (1)" breakable="true" interior="0" collisions="true" alpha="255" model="3350" doublesided="false" scale="1" dimension="0" posX="1927.31396" posY="-1418.32703" posZ="15.01509" rotX="0" rotY="0" rotZ="4.518"></object>
    <object id="object (lounger) (5)" breakable="true" interior="0" collisions="true" alpha="255" model="1255" doublesided="false" scale="1" dimension="0" posX="1907.8" posY="-1410.8" posZ="13.1" rotX="0" rotY="0" rotZ="140.658"></object>
    <object id="object (lounger) (6)" breakable="true" interior="0" collisions="true" alpha="255" model="1255" doublesided="false" scale="1" dimension="0" posX="1907.7" posY="-1408.8" posZ="13.1" rotX="0" rotY="0" rotZ="140.658"></object>
    <object id="object (lounger) (7)" breakable="true" interior="0" collisions="true" alpha="255" model="1255" doublesided="false" scale="1" dimension="0" posX="1906.3" posY="-1412.1" posZ="13.1" rotX="0" rotY="0" rotZ="140.367"></object>
    <object id="object (lounger) (8)" breakable="true" interior="0" collisions="true" alpha="255" model="1255" doublesided="false" scale="1" dimension="0" posX="1912.71045" posY="-1403.55078" posZ="13.14421" rotX="0" rotY="0" rotZ="210.451"></object>
    <object id="object (lounger) (9)" breakable="true" interior="0" collisions="true" alpha="255" model="1255" doublesided="false" scale="1" dimension="0" posX="1911.85034" posY="-1401.97705" posZ="13.14421" rotX="0" rotY="0" rotZ="210.451"></object>
    <object id="object (lounger) (10)" breakable="true" interior="0" collisions="true" alpha="255" model="1255" doublesided="false" scale="1" dimension="0" posX="1911.02954" posY="-1400.62378" posZ="13.14421" rotX="0" rotY="0" rotZ="210.451"></object>
    <object id="object (lounger) (11)" breakable="true" interior="0" collisions="true" alpha="255" model="1255" doublesided="false" scale="1" dimension="0" posX="1918.96924" posY="-1411.85547" posZ="13.14421" rotX="0" rotY="0" rotZ="130.691"></object>
    <object id="object (lounger) (12)" breakable="true" interior="0" collisions="true" alpha="255" model="1255" doublesided="false" scale="1" dimension="0" posX="1917.13745" posY="-1412.10925" posZ="13.14421" rotX="0" rotY="0" rotZ="130.691"></object>
    <object id="object (lounger) (13)" breakable="true" interior="0" collisions="true" alpha="255" model="1255" doublesided="false" scale="1" dimension="0" posX="1915.20959" posY="-1412.2926" posZ="13.14421" rotX="0" rotY="0" rotZ="130.691"></object>
    <object id="object (lounger) (14)" breakable="true" interior="0" collisions="true" alpha="255" model="1255" doublesided="false" scale="1" dimension="0" posX="1889.1" posY="-1398.2" posZ="13.1" rotX="0" rotY="0" rotZ="321.191"></object>
    <object id="object (lounger) (30)" breakable="true" interior="0" collisions="true" alpha="255" model="1255" doublesided="false" scale="1" dimension="0" posX="1890.3" posY="-1397.3" posZ="13.1" rotX="0" rotY="0" rotZ="321.191"></object>
    <object id="object (lounger) (31)" breakable="true" interior="0" collisions="true" alpha="255" model="1255" doublesided="false" scale="1" dimension="0" posX="1891.6" posY="-1396" posZ="13.1" rotX="0" rotY="0" rotZ="321.191"></object>
    <object id="object (lounger) (32)" breakable="true" interior="0" collisions="true" alpha="255" model="1255" doublesided="false" scale="1" dimension="0" posX="1892.6" posY="-1394.6" posZ="13.1" rotX="0" rotY="0" rotZ="321.191"></object>
    <object id="object (lounger) (36)" breakable="true" interior="0" collisions="true" alpha="255" model="1255" doublesided="false" scale="1" dimension="0" posX="1873.8" posY="-1411.2" posZ="13.1" rotX="0" rotY="0" rotZ="276.229"></object>
    <object id="object (lounger) (37)" breakable="true" interior="0" collisions="true" alpha="255" model="1255" doublesided="false" scale="1" dimension="0" posX="1871.7" posY="-1412.8" posZ="13.1" rotX="0" rotY="0" rotZ="276.229"></object>
    <object id="object (lounger) (38)" breakable="true" interior="0" collisions="true" alpha="255" model="1255" doublesided="false" scale="1" dimension="0" posX="1869.7" posY="-1414.4" posZ="13.1" rotX="0" rotY="0" rotZ="276.229"></object>
    <object id="object (lounger) (15)" breakable="true" interior="0" collisions="true" alpha="255" model="1255" doublesided="false" scale="1" dimension="0" posX="1888.94141" posY="-1446.0365" posZ="13.10267" rotX="0" rotY="0" rotZ="140.661"></object>
    <object id="object (lounger) (16)" breakable="true" interior="0" collisions="true" alpha="255" model="1255" doublesided="false" scale="1" dimension="0" posX="1891.22437" posY="-1445.09167" posZ="13.10932" rotX="0" rotY="0" rotZ="140.661"></object>
    <object id="object (lounger) (17)" breakable="true" interior="0" collisions="true" alpha="255" model="1255" doublesided="false" scale="1" dimension="0" posX="1893.5686" posY="-1444.1803" posZ="13.11005" rotX="0" rotY="0" rotZ="140.661"></object>
    <object id="object (lounger) (18)" breakable="true" interior="0" collisions="true" alpha="255" model="1255" doublesided="false" scale="1" dimension="0" posX="1895.71094" posY="-1440.84839" posZ="13.13109" rotX="0" rotY="0" rotZ="140.661"></object>
    <object id="object (lounger) (19)" breakable="true" interior="0" collisions="true" alpha="255" model="1255" doublesided="false" scale="1" dimension="0" posX="1897.224" posY="-1439.2749" posZ="13.13833" rotX="0" rotY="0" rotZ="140.661"></object>
    <object id="object (lounger) (20)" breakable="true" interior="0" collisions="true" alpha="255" model="1255" doublesided="false" scale="1" dimension="0" posX="1899.2373" posY="-1438.53162" posZ="13.13478" rotX="0" rotY="0" rotZ="140.661"></object>
    <object id="object (lounger) (21)" breakable="true" interior="0" collisions="true" alpha="255" model="1255" doublesided="false" scale="1" dimension="0" posX="1898.17761" posY="-1446.04602" posZ="13.06884" rotX="0" rotY="0" rotZ="140.661"></object>
    <object id="object (lounger) (22)" breakable="true" interior="0" collisions="true" alpha="255" model="1255" doublesided="false" scale="1" dimension="0" posX="1899.50696" posY="-1444.77258" posZ="13.07108" rotX="0" rotY="0" rotZ="140.661"></object>
    <object id="object (lounger) (23)" breakable="true" interior="0" collisions="true" alpha="255" model="1255" doublesided="false" scale="1" dimension="0" posX="1900.76111" posY="-1443.43542" posZ="13.08186" rotX="0" rotY="0" rotZ="140.661"></object>
    <object id="object (lounger) (24)" breakable="true" interior="0" collisions="true" alpha="255" model="1255" doublesided="false" scale="1" dimension="0" posX="1896.9353" posY="-1447.36792" posZ="13.06083" rotX="0" rotY="0" rotZ="140.661"></object>
    <object id="object (lounger) (25)" breakable="true" interior="0" collisions="true" alpha="255" model="1255" doublesided="false" scale="1" dimension="0" posX="1907.95959" posY="-1439.22107" posZ="13.11582" rotX="0" rotY="0" rotZ="230.391"></object>
    <object id="object (lounger) (26)" breakable="true" interior="0" collisions="true" alpha="255" model="1255" doublesided="false" scale="1" dimension="0" posX="1910.20337" posY="-1439.01221" posZ="13.11751" rotX="0" rotY="0" rotZ="230.391"></object>
    <object id="object (lounger) (27)" breakable="true" interior="0" collisions="true" alpha="255" model="1255" doublesided="false" scale="1" dimension="0" posX="1912.77246" posY="-1438.65051" posZ="13.12182" rotX="0" rotY="0" rotZ="230.391"></object>
    <object id="object (lounger) (28)" breakable="true" interior="0" collisions="true" alpha="255" model="1255" doublesided="false" scale="1" dimension="0" posX="1915.42493" posY="-1438.46716" posZ="13.12326" rotX="0" rotY="0" rotZ="230.391"></object>
    <object id="object (lounger) (29)" breakable="true" interior="0" collisions="true" alpha="255" model="1255" doublesided="false" scale="1" dimension="0" posX="1918.09302" posY="-1438.41467" posZ="13.12367" rotX="0" rotY="0" rotZ="230.391"></object>
    <object id="object (lounger) (39)" breakable="true" interior="0" collisions="true" alpha="255" model="1255" doublesided="false" scale="1" dimension="0" posX="1920.67212" posY="-1438.23865" posZ="13.12504" rotX="0" rotY="0" rotZ="230.391"></object>
    <object id="object (kb_canopy_test) (3)" breakable="true" interior="0" collisions="true" alpha="255" model="642" doublesided="false" scale="1" dimension="0" posX="1902.36035" posY="-1442.64709" posZ="13.93754" rotX="0" rotY="0" rotZ="0"></object>
    <object id="object (kb_canopy_test) (4)" breakable="true" interior="0" collisions="true" alpha="255" model="642" doublesided="false" scale="1" dimension="0" posX="1895.2578" posY="-1442.793" posZ="13.96386" rotX="0" rotY="0" rotZ="0"></object>
    <object id="object (vgs_palm04) (3)" breakable="true" interior="0" collisions="true" alpha="255" model="718" doublesided="false" scale="1" dimension="0" posX="1874.05811" posY="-1448.52173" posZ="12.49425" rotX="0" rotY="0" rotZ="0"></object>
    <object id="object (vgs_palm04) (4)" breakable="true" interior="0" collisions="true" alpha="255" model="718" doublesided="false" scale="1" dimension="0" posX="1864.58606" posY="-1434.91174" posZ="12.51367" rotX="0" rotY="0" rotZ="0"></object>
    <object id="object (vgs_palm04) (5)" breakable="true" interior="0" collisions="true" alpha="255" model="718" doublesided="false" scale="1" dimension="0" posX="1864.98877" posY="-1417.86377" posZ="12.53135" rotX="0" rotY="0" rotZ="0"></object>
    <object id="object (vgs_palm04) (7)" breakable="true" interior="0" collisions="true" alpha="255" model="718" doublesided="false" scale="1" dimension="0" posX="1957.5576" posY="-1402.8662" posZ="12.57031" rotX="0" rotY="0" rotZ="0"></object>
    <object id="object (lounger) (40)" breakable="true" interior="0" collisions="true" alpha="255" model="1255" doublesided="false" scale="1" dimension="0" posX="1894.19983" posY="-1388.16406" posZ="13.14421" rotX="0" rotY="0" rotZ="320.086"></object>
    <object id="object (lounger) (41)" breakable="true" interior="0" collisions="true" alpha="255" model="1255" doublesided="false" scale="1" dimension="0" posX="1894.50037" posY="-1383.69446" posZ="13.14421" rotX="0" rotY="0" rotZ="319.771"></object>
    <object id="object (lounger) (42)" breakable="true" interior="0" collisions="true" alpha="255" model="1255" doublesided="false" scale="1" dimension="0" posX="1894.39526" posY="-1385.9657" posZ="13.14421" rotX="0" rotY="0" rotZ="319.771"></object>
    <object id="object (ufo_bar) (1)" breakable="true" interior="0" collisions="true" alpha="255" model="16151" doublesided="true" scale="1" dimension="0" posX="1864.9004" posY="-1361.0996" posZ="12.8" rotX="0" rotY="0" rotZ="178.83"></object>
    <object id="object (lounger) (44)" breakable="true" interior="0" collisions="true" alpha="255" model="1255" doublesided="false" scale="1" dimension="0" posX="1933.01416" posY="-1437.77991" posZ="13.13581" rotX="0" rotY="0" rotZ="50.327"></object>
    <object id="object (lounger) (47)" breakable="true" interior="0" collisions="true" alpha="255" model="1255" doublesided="false" scale="1" dimension="0" posX="1935.3396" posY="-1438.16785" posZ="13.13674" rotX="0" rotY="0" rotZ="50.043"></object>
    <object id="object (lounger) (48)" breakable="true" interior="0" collisions="true" alpha="255" model="1255" doublesided="false" scale="1" dimension="0" posX="1937.57422" posY="-1438.45068" posZ="13.1423" rotX="0" rotY="0" rotZ="50.043"></object>
    <object id="object (lounger) (49)" breakable="true" interior="0" collisions="true" alpha="255" model="1255" doublesided="false" scale="1" dimension="0" posX="1939.62292" posY="-1438.83228" posZ="13.14626" rotX="0" rotY="0" rotZ="50.043"></object>
    <object id="object (lounger) (50)" breakable="true" interior="0" collisions="true" alpha="255" model="1255" doublesided="false" scale="1" dimension="0" posX="1936.83801" posY="-1441.20325" posZ="13.11406" rotX="0" rotY="0" rotZ="50.043"></object>
    <object id="object (lounger) (51)" breakable="true" interior="0" collisions="true" alpha="255" model="1255" doublesided="false" scale="1" dimension="0" posX="1934.36707" posY="-1440.89319" posZ="13.11042" rotX="0" rotY="0" rotZ="50.043"></object>
    <object id="object (lounger) (52)" breakable="true" interior="0" collisions="true" alpha="255" model="1255" doublesided="false" scale="1" dimension="0" posX="1931.88354" posY="-1440.37097" posZ="13.11138" rotX="0" rotY="0" rotZ="50.043"></object>
    <removeWorldObject id="removeWorldObject (laeskatetube1) (1)" radius="56.506008" interior="0" model="5400" lodModel="0" posX="1913.1328" posY="-1370.5" posZ="17.77344" rotX="0" rotY="0" rotZ="0"></removeWorldObject>
    <object id="object (chillidogcart) (1)" breakable="true" interior="0" collisions="true" alpha="255" model="1340" doublesided="false" scale="1" dimension="0" posX="1865.6" posY="-1401.3" posZ="13.6" rotX="0" rotY="0" rotZ="356"></object>
    <object id="object (icescart_prop) (1)" breakable="true" interior="0" collisions="true" alpha="255" model="1341" doublesided="false" scale="1" dimension="0" posX="1864.6" posY="-1397.5" posZ="13.5" rotX="0" rotY="0" rotZ="335.995"></object>
    <object id="object (des_nwt_carport) (1)" breakable="true" interior="0" collisions="true" alpha="255" model="11480" doublesided="false" scale="1" dimension="0" posX="1867.3" posY="-1360.2" posZ="14.71" rotX="0" rotY="0" rotZ="0"></object>
    <object id="object (des_nwt_carport) (3)" breakable="true" interior="0" collisions="true" alpha="255" model="11480" doublesided="false" scale="1" dimension="0" posX="1867.2998" posY="-1363.5996" posZ="14.7" rotX="0" rotY="0" rotZ="0"></object>
    <object id="object (vgs_palm04) (1)" breakable="true" interior="0" collisions="true" alpha="255" model="718" doublesided="false" scale="1" dimension="0" posX="1935.8" posY="-1399.7" posZ="12.6" rotX="0" rotY="0" rotZ="0"></object>
    <object id="object (vgs_palm04) (2)" breakable="true" interior="0" collisions="true" alpha="255" model="718" doublesided="false" scale="1" dimension="0" posX="1947.2" posY="-1401.3" posZ="12.6" rotX="0" rotY="0" rotZ="0"></object>
    <object id="object (vgs_palm04) (6)" breakable="true" interior="0" collisions="true" alpha="255" model="718" doublesided="false" scale="1" dimension="0" posX="1947.2002" posY="-1401.2998" posZ="12.6" rotX="0" rotY="0" rotZ="0"></object>
    <object id="object (DYN_F_R_WOOD_1b) (1)" breakable="true" interior="0" collisions="true" alpha="255" model="1410" doublesided="false" scale="1" dimension="0" posX="1878.1" posY="-1352.6" posZ="13.4" rotX="0" rotY="0" rotZ="180"></object>
    <object id="object (DYN_F_R_WOOD_1b) (2)" breakable="true" interior="0" collisions="true" alpha="255" model="1410" doublesided="false" scale="1" dimension="0" posX="1880.3" posY="-1367.5" posZ="13.4" rotX="0" rotY="0" rotZ="90"></object>
    <object id="object (DYN_F_R_WOOD_1b) (3)" breakable="true" interior="0" collisions="true" alpha="255" model="1410" doublesided="false" scale="1" dimension="0" posX="1880.2998" posY="-1362.9004" posZ="13.4" rotX="0" rotY="0" rotZ="90"></object>
    <object id="object (DYN_F_R_WOOD_1b) (4)" breakable="true" interior="0" collisions="true" alpha="255" model="1410" doublesided="false" scale="1" dimension="0" posX="1880.2998" posY="-1358.2998" posZ="13.4" rotX="0" rotY="0" rotZ="90"></object>
    <object id="object (vgs_palm04) (12)" breakable="true" interior="0" collisions="true" alpha="255" model="718" doublesided="false" scale="1" dimension="0" posX="1863.5" posY="-1352.7002" posZ="12.6" rotX="0" rotY="0" rotZ="0"></object>
    <object id="object (DYN_F_R_WOOD_1b) (5)" breakable="true" interior="0" collisions="true" alpha="255" model="1410" doublesided="false" scale="1" dimension="0" posX="1877.9004" posY="-1369.7998" posZ="13.4" rotX="0" rotY="0" rotZ="0"></object>
    <object id="object (vgs_palm04) (13)" breakable="true" interior="0" collisions="true" alpha="255" model="718" doublesided="false" scale="1" dimension="0" posX="1973.4" posY="-1447.8" posZ="12.6" rotX="0" rotY="0" rotZ="0"></object>
    <object id="object (vgs_palm04) (14)" breakable="true" interior="0" collisions="true" alpha="255" model="718" doublesided="false" scale="1" dimension="0" posX="1964.7" posY="-1447.8" posZ="12.6" rotX="0" rotY="0" rotZ="0"></object>
    <object id="object (vgs_palm04) (15)" breakable="true" interior="0" collisions="true" alpha="255" model="718" doublesided="false" scale="1" dimension="0" posX="1952.1" posY="-1447.8" posZ="12.6" rotX="0" rotY="0" rotZ="0"></object>
    <object id="object (vgs_palm04) (16)" breakable="true" interior="0" collisions="true" alpha="255" model="718" doublesided="false" scale="1" dimension="0" posX="1939.3" posY="-1447.7" posZ="12.6" rotX="0" rotY="0" rotZ="0"></object>
    <object id="object (vgs_palm04) (17)" breakable="true" interior="0" collisions="true" alpha="255" model="718" doublesided="false" scale="1" dimension="0" posX="1924.2002" posY="-1447.7002" posZ="12.6" rotX="0" rotY="0" rotZ="0"></object>
    <object id="object (vgs_palm04) (18)" breakable="true" interior="0" collisions="true" alpha="255" model="718" doublesided="false" scale="1" dimension="0" posX="1910.5" posY="-1447.5996" posZ="12.6" rotX="0" rotY="0" rotZ="0"></object>
    <object id="object (bollardlight) (1)" breakable="true" interior="0" collisions="true" alpha="255" model="1215" doublesided="false" scale="1" dimension="0" posX="1862.1" posY="-1370.7" posZ="13.7" rotX="0" rotY="0" rotZ="0"></object>
    <object id="object (bollardlight) (2)" breakable="true" interior="0" collisions="true" alpha="255" model="1215" doublesided="false" scale="1" dimension="0" posX="1862.0996" posY="-1391.0996" posZ="13.7" rotX="0" rotY="0" rotZ="0"></object>
    <object id="object (bollardlight) (3)" breakable="true" interior="0" collisions="true" alpha="255" model="1215" doublesided="false" scale="1" dimension="0" posX="1908.8" posY="-1419.4" posZ="15.9" rotX="0" rotY="0" rotZ="0"></object>
    <object id="object (bollardlight) (4)" breakable="true" interior="0" collisions="true" alpha="255" model="1215" doublesided="false" scale="1" dimension="0" posX="1904" posY="-1434" posZ="15.9" rotX="0" rotY="0" rotZ="0"></object>
    <object id="object (sm_veg_tree4_big) (1)" breakable="true" interior="0" collisions="true" alpha="255" model="691" doublesided="false" scale="1" dimension="0" posX="1950.4" posY="-1355" posZ="17.6" rotX="0" rotY="0" rotZ="0"></object>
    <object id="object (sm_veg_tree4_big) (2)" breakable="true" interior="0" collisions="true" alpha="255" model="691" doublesided="false" scale="1" dimension="0" posX="1971.9" posY="-1379.5" posZ="18.3" rotX="0" rotY="0" rotZ="0"></object>
    <object id="object (sm_veg_tree4_big) (3)" breakable="true" interior="0" collisions="true" alpha="255" model="691" doublesided="false" scale="1" dimension="0" posX="1929.5" posY="-1361.2998" posZ="12.7" rotX="0" rotY="0" rotZ="358"></object>
    <object id="object (sm_vegvbbig) (1)" breakable="true" interior="0" collisions="true" alpha="255" model="706" doublesided="true" scale="1" dimension="0" posX="1878.9" posY="-1399.7" posZ="12.2" rotX="0" rotY="0" rotZ="0"></object>
    <object id="object (sm_vegvbbig) (2)" breakable="true" interior="0" collisions="true" alpha="255" model="706" doublesided="true" scale="1" dimension="0" posX="1908.8" posY="-1367.7" posZ="11" rotX="0" rotY="0" rotZ="0"></object>
    <object id="object (lee_object01) (3)" breakable="true" interior="0" collisions="true" alpha="255" model="3966" doublesided="false" scale="0.89999998" dimension="0" posX="1910.1" posY="-1367.8" posZ="12.6" rotX="0" rotY="90" rotZ="0"></object>
    <object id="object (lee_object01) (4)" breakable="true" interior="0" collisions="true" alpha="255" model="3966" doublesided="false" scale="0.89999998" dimension="0" posX="1879" posY="-1401.0996" posZ="12.5" rotX="0" rotY="90" rotZ="0"></object>
    <object id="object (lee_object01) (5)" breakable="true" interior="0" collisions="true" alpha="255" model="3966" doublesided="false" scale="0.89999998" dimension="0" posX="1875.5996" posY="-1365.5" posZ="12.5" rotX="0" rotY="90" rotZ="0"></object>
    <object id="object (lee_object01) (6)" breakable="true" interior="0" collisions="true" alpha="255" model="3966" doublesided="false" scale="0.89999998" dimension="0" posX="1875.5996" posY="-1356.9004" posZ="12.5" rotX="0" rotY="90" rotZ="0"></object>
    <object id="object (DYN_F_R_WOOD_1b) (7)" breakable="true" interior="0" collisions="true" alpha="255" model="1410" doublesided="false" scale="1" dimension="0" posX="1873.2002" posY="-1369.7998" posZ="13.4" rotX="0" rotY="0" rotZ="0"></object>
    <object id="object (lee_Plane07) (1)" breakable="true" interior="0" collisions="true" alpha="255" model="3962" doublesided="false" scale="1" dimension="0" posX="1878.7002" posY="-1350.7998" posZ="12" rotX="90" rotY="0" rotZ="90"></object>
    <object id="object (genVEG_tallgrass11) (1)" breakable="true" interior="0" collisions="true" alpha="255" model="827" doublesided="false" scale="1" dimension="0" posX="1875.7998" posY="-1366.2002" posZ="16.2" rotX="0" rotY="0" rotZ="0"></object>
    <object id="object (genVEG_tallgrass08) (1)" breakable="true" interior="0" collisions="true" alpha="255" model="824" doublesided="false" scale="1" dimension="0" posX="1876.4" posY="-1363.6" posZ="14.1" rotX="0" rotY="0" rotZ="0"></object>
    <object id="object (genVEG_tallgrass01) (1)" breakable="true" interior="0" collisions="true" alpha="255" model="855" doublesided="false" scale="1" dimension="0" posX="1873.8" posY="-1355.4" posZ="12.6" rotX="0" rotY="0" rotZ="0"></object>
    <object id="object (genVEG_tallgrass12) (1)" breakable="true" interior="0" collisions="true" alpha="255" model="856" doublesided="false" scale="1" dimension="0" posX="1874.9" posY="-1358.3" posZ="11" rotX="0" rotY="0" rotZ="0"></object>
    <object id="object (veg_Pflowerswee) (1)" breakable="true" interior="0" collisions="true" alpha="255" model="869" doublesided="false" scale="1" dimension="0" posX="1873.5" posY="-1367.5" posZ="13" rotX="0" rotY="0" rotZ="0"></object>
    <object id="object (veg_Pflowers2wee) (1)" breakable="true" interior="0" collisions="true" alpha="255" model="870" doublesided="false" scale="1" dimension="0" posX="1878.1" posY="-1367.5" posZ="12.8" rotX="0" rotY="0" rotZ="0"></object>
    <object id="object (veg_Pflowers2wee) (2)" breakable="true" interior="0" collisions="true" alpha="255" model="870" doublesided="false" scale="1" dimension="0" posX="1879.1" posY="-1368.2" posZ="12.8" rotX="0" rotY="0" rotZ="0"></object>
    <object id="object (veg_Pflowers2wee) (3)" breakable="true" interior="0" collisions="true" alpha="255" model="870" doublesided="false" scale="1" dimension="0" posX="1875.6" posY="-1354.2" posZ="12.8" rotX="0" rotY="0" rotZ="0"></object>
    <object id="object (veg_Pflowers2wee) (4)" breakable="true" interior="0" collisions="true" alpha="255" model="870" doublesided="false" scale="1" dimension="0" posX="1882.3" posY="-1398.7" posZ="12.8" rotX="0" rotY="0" rotZ="0"></object>
    <object id="object (veg_Pflowers2wee) (5)" breakable="true" interior="0" collisions="true" alpha="255" model="870" doublesided="false" scale="1" dimension="0" posX="1878" posY="-1354.2" posZ="12.8" rotX="0" rotY="0" rotZ="0"></object>
    <object id="object (CJ_BUSH_PROP2) (1)" breakable="true" interior="0" collisions="true" alpha="255" model="1361" doublesided="false" scale="1" dimension="0" posX="1863" posY="-1367.2" posZ="13.2" rotX="0" rotY="0" rotZ="0"></object>
    <object id="object (CJ_BUSH_PROP3) (1)" breakable="true" interior="0" collisions="true" alpha="255" model="1360" doublesided="false" scale="1" dimension="0" posX="1863" posY="-1369.4" posZ="13.2" rotX="0" rotY="0" rotZ="0"></object>
    <object id="object (veg_palwee02) (1)" breakable="true" interior="0" collisions="true" alpha="255" model="624" doublesided="false" scale="1" dimension="0" posX="1878.9004" posY="-1353.7998" posZ="12.3" rotX="0" rotY="0" rotZ="0"></object>
    <object id="object (DYN_F_R_WOOD_1b) (8)" breakable="true" interior="0" collisions="true" alpha="255" model="1410" doublesided="false" scale="1" dimension="0" posX="1880.2998" posY="-1354.9004" posZ="13.4" rotX="0" rotY="0" rotZ="90"></object>
    <object id="object (DYN_F_R_WOOD_1b) (9)" breakable="true" interior="0" collisions="true" alpha="255" model="1410" doublesided="false" scale="1" dimension="0" posX="1873.3" posY="-1352.6" posZ="13.4" rotX="0" rotY="0" rotZ="179.995"></object>
    <object id="object (veg_palm02) (1)" breakable="true" interior="0" collisions="true" alpha="255" model="621" doublesided="false" scale="1" dimension="0" posX="1878.4004" posY="-1367.5" posZ="12.6" rotX="0" rotY="0" rotZ="179.995"></object>
    <object id="object (Streetlamp2) (1)" breakable="true" interior="0" collisions="true" alpha="255" model="1231" doublesided="false" scale="1" dimension="0" posX="1862" posY="-1390.5" posZ="15.3" rotX="0" rotY="0" rotZ="0"></object>
    <object id="object (Streetlamp2) (2)" breakable="true" interior="0" collisions="true" alpha="255" model="1231" doublesided="false" scale="1" dimension="0" posX="1861.9004" posY="-1371.2998" posZ="15.3" rotX="0" rotY="0" rotZ="0"></object>
    <object id="object (bskball_lax) (1)" breakable="true" interior="0" collisions="true" alpha="255" model="946" doublesided="false" scale="1" dimension="0" posX="1948.5" posY="-1362.5" posZ="19.8" rotX="0" rotY="0" rotZ="179.995"></object>
    <object id="object (bskball_lax) (2)" breakable="true" interior="0" collisions="true" alpha="255" model="946" doublesided="false" scale="1" dimension="0" posX="1948.2" posY="-1383.7" posZ="19.8" rotX="0" rotY="0" rotZ="0"></object>
    <object id="object (gym_mat1) (1)" breakable="true" interior="0" collisions="true" alpha="255" model="2631" doublesided="false" scale="1" dimension="0" posX="1963.6" posY="-1364.4" posZ="17.6" rotX="0" rotY="0" rotZ="0"></object>
    <object id="object (gym_bike) (1)" breakable="true" interior="0" collisions="true" alpha="255" model="2630" doublesided="false" scale="1" dimension="0" posX="1958.1" posY="-1365.4" posZ="17.6" rotX="0" rotY="0" rotZ="0"></object>
    <object id="object (gym_bike) (2)" breakable="true" interior="0" collisions="true" alpha="255" model="2630" doublesided="false" scale="1" dimension="0" posX="1956.6" posY="-1365.4" posZ="17.6" rotX="0" rotY="0" rotZ="0"></object>
    <object id="object (gym_bench1) (1)" breakable="true" interior="0" collisions="true" alpha="255" model="2629" doublesided="false" scale="1" dimension="0" posX="1961.3" posY="-1382.2" posZ="17.6" rotX="0" rotY="0" rotZ="0"></object>
    <object id="object (gym_bench1) (2)" breakable="true" interior="0" collisions="true" alpha="255" model="2629" doublesided="false" scale="1" dimension="0" posX="1963.5" posY="-1382.2002" posZ="17.6" rotX="0" rotY="0" rotZ="0"></object>
    <object id="object (gym_bench1) (3)" breakable="true" interior="0" collisions="true" alpha="255" model="2629" doublesided="false" scale="1" dimension="0" posX="1959.1" posY="-1382.2" posZ="17.6" rotX="0" rotY="0" rotZ="0"></object>
    <object id="object (gym_mat1) (2)" breakable="true" interior="0" collisions="true" alpha="255" model="2631" doublesided="false" scale="1" dimension="0" posX="1963.3" posY="-1370" posZ="17.6" rotX="0" rotY="0" rotZ="0"></object>
    <object id="object (gym_mat02) (1)" breakable="true" interior="0" collisions="true" alpha="255" model="2632" doublesided="false" scale="1" dimension="0" posX="1963.1" posY="-1378.4" posZ="17.6" rotX="0" rotY="0" rotZ="0"></object>
    <object id="object (gym_mat02) (2)" breakable="true" interior="0" collisions="true" alpha="255" model="2632" doublesided="false" scale="1" dimension="0" posX="1963.2002" posY="-1374.5996" posZ="17.6" rotX="0" rotY="0" rotZ="0"></object>
    <object id="object (gym_bench2) (1)" breakable="true" interior="0" collisions="true" alpha="255" model="2628" doublesided="false" scale="1" dimension="0" posX="1955.8" posY="-1379.3" posZ="17.6" rotX="0" rotY="0" rotZ="0"></object>
    <object id="object (gym_bench2) (2)" breakable="true" interior="0" collisions="true" alpha="255" model="2628" doublesided="false" scale="1" dimension="0" posX="1956" posY="-1382.2002" posZ="17.6" rotX="0" rotY="0" rotZ="0"></object>
    <object id="object (gym_treadmill) (1)" breakable="true" interior="0" collisions="true" alpha="255" model="2627" doublesided="false" scale="1" dimension="0" posX="1958.6" posY="-1372.3" posZ="17.6" rotX="0" rotY="0" rotZ="0"></object>
    <object id="object (gym_treadmill) (2)" breakable="true" interior="0" collisions="true" alpha="255" model="2627" doublesided="false" scale="1" dimension="0" posX="1955.8" posY="-1372.2" posZ="17.6" rotX="0" rotY="0" rotZ="0"></object>
    <object id="object (DYN_MESH_2) (1)" breakable="true" interior="0" collisions="true" alpha="255" model="1412" doublesided="false" scale="1" dimension="0" posX="1956" posY="-1384.5" posZ="18.9" rotX="0" rotY="0" rotZ="0"></object>
    <object id="object (DYN_MESH_2) (2)" breakable="true" interior="0" collisions="true" alpha="255" model="1412" doublesided="false" scale="1" dimension="0" posX="1961.1" posY="-1360.2" posZ="18.9" rotX="0" rotY="0" rotZ="0"></object>
    <object id="object (DYN_MESH_2) (3)" breakable="true" interior="0" collisions="true" alpha="255" model="1412" doublesided="false" scale="1" dimension="0" posX="1955.8" posY="-1360.2" posZ="18.9" rotX="0" rotY="0" rotZ="0"></object>
    <object id="object (DYN_MESH_2) (4)" breakable="true" interior="0" collisions="true" alpha="255" model="1412" doublesided="false" scale="1" dimension="0" posX="1961.2" posY="-1384.5" posZ="18.9" rotX="0" rotY="0" rotZ="0"></object>
    <object id="object (DYN_MESH_2) (5)" breakable="true" interior="0" collisions="true" alpha="255" model="1412" doublesided="false" scale="1" dimension="0" posX="1964.3" posY="-1384.5" posZ="18.9" rotX="0" rotY="0" rotZ="0"></object>
    <object id="object (DYN_MESH_2) (6)" breakable="true" interior="0" collisions="true" alpha="255" model="1412" doublesided="false" scale="1" dimension="0" posX="1953.3" posY="-1381.9" posZ="18.9" rotX="0" rotY="0" rotZ="270"></object>
    <object id="object (DYN_MESH_2) (7)" breakable="true" interior="0" collisions="true" alpha="255" model="1412" doublesided="false" scale="1" dimension="0" posX="1953.3" posY="-1376.7" posZ="18.9" rotX="0" rotY="0" rotZ="270"></object>
    <object id="object (DYN_MESH_2) (8)" breakable="true" interior="0" collisions="true" alpha="255" model="1412" doublesided="false" scale="1" dimension="0" posX="1953.2" posY="-1362.9" posZ="18.9" rotX="0" rotY="0" rotZ="270"></object>
    <object id="object (DYN_MESH_2) (9)" breakable="true" interior="0" collisions="true" alpha="255" model="1412" doublesided="false" scale="1" dimension="0" posX="1953.2002" posY="-1370.2998" posZ="18.9" rotX="0" rotY="0" rotZ="270"></object>
    <object id="object (DYN_MESH_2) (10)" breakable="true" interior="0" collisions="true" alpha="255" model="1412" doublesided="false" scale="1" dimension="0" posX="1953.2002" posY="-1365.0996" posZ="18.9" rotX="0" rotY="0" rotZ="270"></object>
    <object id="object (DYN_MESH_2) (11)" breakable="true" interior="0" collisions="true" alpha="255" model="1412" doublesided="false" scale="1" dimension="0" posX="1942.9" posY="-1380.4" posZ="18.9" rotX="0" rotY="0" rotZ="270"></object>
    <object id="object (DYN_MESH_2) (12)" breakable="true" interior="0" collisions="true" alpha="255" model="1412" doublesided="false" scale="1" dimension="0" posX="1942.9004" posY="-1362.2002" posZ="18.9" rotX="0" rotY="0" rotZ="270"></object>
    <object id="object (DYN_MESH_2) (13)" breakable="true" interior="0" collisions="true" alpha="255" model="1412" doublesided="false" scale="1" dimension="0" posX="1942.9004" posY="-1367.5" posZ="18.9" rotX="0" rotY="0" rotZ="270"></object>
    <object id="object (DYN_MESH_2) (14)" breakable="true" interior="0" collisions="true" alpha="255" model="1412" doublesided="false" scale="1" dimension="0" posX="1942.9004" posY="-1372.7002" posZ="18.9" rotX="0" rotY="0" rotZ="270"></object>
    <object id="object (DYN_MESH_2) (15)" breakable="true" interior="0" collisions="true" alpha="255" model="1412" doublesided="false" scale="1" dimension="0" posX="1942.9004" posY="-1377.9004" posZ="18.9" rotX="0" rotY="0" rotZ="270"></object>
    <object id="object (genVEG_tallgrass11) (2)" breakable="true" interior="0" collisions="true" alpha="255" model="827" doublesided="false" scale="1" dimension="0" posX="1881.5" posY="-1402.2" posZ="16.2" rotX="0" rotY="0" rotZ="0"></object>
    <object id="object (genVEG_tallgrass06) (1)" breakable="true" interior="0" collisions="true" alpha="255" model="822" doublesided="false" scale="1" dimension="0" posX="1882.2" posY="-1399.7" posZ="14.8" rotX="0" rotY="0" rotZ="0"></object>
    <object id="object (genVEG_tallgrass10) (1)" breakable="true" interior="0" collisions="true" alpha="255" model="826" doublesided="false" scale="1" dimension="0" posX="1876.1" posY="-1401.2" posZ="14.6" rotX="0" rotY="0" rotZ="0"></object>
    <object id="object (genVEG_tallgrass10) (2)" breakable="true" interior="0" collisions="true" alpha="255" model="826" doublesided="false" scale="1" dimension="0" posX="1876.5996" posY="-1397.9004" posZ="13" rotX="0" rotY="0" rotZ="0"></object>
    <object id="object (veg_Pflowers2wee) (6)" breakable="true" interior="0" collisions="true" alpha="255" model="870" doublesided="false" scale="1" dimension="0" posX="1878.2002" posY="-1356.5996" posZ="12.8" rotX="0" rotY="0" rotZ="0"></object>
    <object id="object (veg_procfpatchwee) (1)" breakable="true" interior="0" collisions="true" alpha="255" model="871" doublesided="false" scale="1" dimension="0" posX="1880" posY="-1404.4" posZ="12.9" rotX="0" rotY="0" rotZ="0"></object>
    <object id="object (veg_Pflowers2wee) (7)" breakable="true" interior="0" collisions="true" alpha="255" model="870" doublesided="false" scale="1" dimension="0" posX="1882.1" posY="-1403.9" posZ="12.8" rotX="0" rotY="0" rotZ="0"></object>
    <object id="object (veg_Pflowers2wee) (8)" breakable="true" interior="0" collisions="true" alpha="255" model="870" doublesided="false" scale="1" dimension="0" posX="1877.5" posY="-1404" posZ="12.8" rotX="0" rotY="0" rotZ="0"></object>
    <object id="object (veg_Pflowers2wee) (9)" breakable="true" interior="0" collisions="true" alpha="255" model="870" doublesided="false" scale="1" dimension="0" posX="1906.7" posY="-1364.8" posZ="12.9" rotX="0" rotY="0" rotZ="0"></object>
    <object id="object (veg_Pflowers2wee) (10)" breakable="true" interior="0" collisions="true" alpha="255" model="870" doublesided="false" scale="1" dimension="0" posX="1911.8" posY="-1365.1" posZ="12.9" rotX="0" rotY="0" rotZ="0"></object>
    <object id="object (veg_Pflowers2wee) (11)" breakable="true" interior="0" collisions="true" alpha="255" model="870" doublesided="false" scale="1" dimension="0" posX="1906.7" posY="-1370.5" posZ="12.9" rotX="0" rotY="0" rotZ="0"></object>
    <object id="object (veg_Pflowers2wee) (12)" breakable="true" interior="0" collisions="true" alpha="255" model="870" doublesided="false" scale="1" dimension="0" posX="1909.3" posY="-1365" posZ="12.9" rotX="0" rotY="0" rotZ="0"></object>
    <object id="object (veg_Pflowers2wee) (13)" breakable="true" interior="0" collisions="true" alpha="255" model="870" doublesided="false" scale="1" dimension="0" posX="1912.6" posY="-1370.7" posZ="12.9" rotX="0" rotY="0" rotZ="0"></object>
    <object id="object (genVEG_bushy) (1)" breakable="true" interior="0" collisions="true" alpha="255" model="825" doublesided="false" scale="1" dimension="0" posX="1910.6" posY="-1369.8" posZ="13" rotX="0" rotY="0" rotZ="0"></object>
    <object id="object (genVEG_tallgrass11) (3)" breakable="true" interior="0" collisions="true" alpha="255" model="827" doublesided="false" scale="1" dimension="0" posX="1908.6" posY="-1369.2" posZ="16.4" rotX="0" rotY="0" rotZ="0"></object>
    <object id="object (genVEG_tallgrass11) (4)" breakable="true" interior="0" collisions="true" alpha="255" model="827" doublesided="false" scale="1" dimension="0" posX="1911.8" posY="-1365.9" posZ="16.4" rotX="0" rotY="0" rotZ="0"></object>
    <object id="object (genVEG_tallgrass11) (5)" breakable="true" interior="0" collisions="true" alpha="255" model="827" doublesided="false" scale="1" dimension="0" posX="1908.7" posY="-1366" posZ="16.4" rotX="0" rotY="0" rotZ="0"></object>
    <object id="object (genVEG_tallgrass07) (1)" breakable="true" interior="0" collisions="true" alpha="255" model="823" doublesided="false" scale="1" dimension="0" posX="1912.2" posY="-1366.9" posZ="13" rotX="0" rotY="0" rotZ="0"></object>
    <object id="object (genVEG_tallgrass06) (2)" breakable="true" interior="0" collisions="true" alpha="255" model="822" doublesided="false" scale="1" dimension="0" posX="1907.1" posY="-1369.8" posZ="13" rotX="0" rotY="0" rotZ="0"></object>
    <object id="object (genVEG_tallgrass06) (3)" breakable="true" interior="0" collisions="true" alpha="255" model="822" doublesided="false" scale="1" dimension="0" posX="1906.8" posY="-1367.1" posZ="13" rotX="0" rotY="0" rotZ="0"></object>
    <object id="object (sm_scrub_rock3) (1)" breakable="true" interior="0" collisions="true" alpha="255" model="747" doublesided="false" scale="1" dimension="0" posX="1899.7" posY="-1352.8" posZ="12.2" rotX="0" rotY="0" rotZ="0"></object>
    <object id="object (sm_scrub_rock2) (1)" breakable="true" interior="0" collisions="true" alpha="255" model="746" doublesided="false" scale="1" dimension="0" posX="1901.7002" posY="-1353.7998" posZ="12" rotX="0" rotY="0" rotZ="0"></object>
    <object id="object (sm_scrub_rock2) (2)" breakable="true" interior="0" collisions="true" alpha="255" model="746" doublesided="false" scale="1" dimension="0" posX="1905.7998" posY="-1353" posZ="12" rotX="0" rotY="0" rotZ="0"></object>
    <object id="object (sm_scrub_rock2) (3)" breakable="true" interior="0" collisions="true" alpha="255" model="746" doublesided="false" scale="1" dimension="0" posX="1908.4004" posY="-1352.7002" posZ="12" rotX="0" rotY="0" rotZ="0"></object>
    <object id="object (sm_scrub_rock2) (4)" breakable="true" interior="0" collisions="true" alpha="255" model="746" doublesided="false" scale="1" dimension="0" posX="1873.2" posY="-1367.9" posZ="12" rotX="0" rotY="0" rotZ="0"></object>
    <object id="object (sm_scrub_rock2) (5)" breakable="true" interior="0" collisions="true" alpha="255" model="746" doublesided="false" scale="1" dimension="0" posX="1870.4004" posY="-1393.9004" posZ="12" rotX="0" rotY="0" rotZ="0"></object>
    <object id="object (sm_scrb_column1) (1)" breakable="true" interior="0" collisions="true" alpha="255" model="751" doublesided="false" scale="1" dimension="0" posX="1882.5996" posY="-1398.2002" posZ="12.6" rotX="0" rotY="0" rotZ="0"></object>
    <object id="object (sm_scrb_column1) (2)" breakable="true" interior="0" collisions="true" alpha="255" model="751" doublesided="false" scale="1" dimension="0" posX="1871.9" posY="-1393.3" posZ="12.5" rotX="0" rotY="0" rotZ="0"></object>
    <object id="object (sm_scrub_rock6) (1)" breakable="true" interior="0" collisions="true" alpha="255" model="758" doublesided="false" scale="1" dimension="0" posX="1883.5" posY="-1369.7" posZ="12.3" rotX="0" rotY="0" rotZ="0"></object>
    <object id="object (sm_scrub_rock2) (6)" breakable="true" interior="0" collisions="true" alpha="255" model="746" doublesided="false" scale="1" dimension="0" posX="1885.7" posY="-1368.5" posZ="12" rotX="0" rotY="0" rotZ="0"></object>
    <object id="object (sm_scrub_rock6) (2)" breakable="true" interior="0" collisions="true" alpha="255" model="758" doublesided="false" scale="1" dimension="0" posX="1906.2" posY="-1370.5" posZ="12.3" rotX="0" rotY="0" rotZ="0"></object>
    <object id="object (sm_scrub_rock6) (3)" breakable="true" interior="0" collisions="true" alpha="255" model="758" doublesided="false" scale="1" dimension="0" posX="1907.5" posY="-1365.8" posZ="12.3" rotX="0" rotY="0" rotZ="0"></object>
    <object id="object (sm_scrub_rock2) (7)" breakable="true" interior="0" collisions="true" alpha="255" model="746" doublesided="false" scale="1" dimension="0" posX="1876.4" posY="-1356.1" posZ="13.3" rotX="0" rotY="0" rotZ="0"></object>
    <object id="object (sm_scrb_column1) (3)" breakable="true" interior="0" collisions="true" alpha="255" model="751" doublesided="false" scale="1" dimension="0" posX="1925.7" posY="-1382.3" posZ="12.5" rotX="0" rotY="0" rotZ="0"></object>
    <object id="object (sm_scrb_column1) (4)" breakable="true" interior="0" collisions="true" alpha="255" model="751" doublesided="false" scale="1" dimension="0" posX="1927.5" posY="-1392.3" posZ="12.5" rotX="0" rotY="0" rotZ="0"></object>
    <object id="object (sm_scrub_rock6) (4)" breakable="true" interior="0" collisions="true" alpha="255" model="758" doublesided="false" scale="1" dimension="0" posX="1883.8" posY="-1366.6" posZ="12.3" rotX="0" rotY="0" rotZ="0"></object>
    <object id="object (sm_scrub_rock6) (5)" breakable="true" interior="0" collisions="true" alpha="255" model="758" doublesided="false" scale="1" dimension="0" posX="1882.9" posY="-1354.8" posZ="12.3" rotX="0" rotY="0" rotZ="0"></object>
    <object id="object (sm_scrub_rock6) (6)" breakable="true" interior="0" collisions="true" alpha="255" model="758" doublesided="false" scale="1" dimension="0" posX="1883.2" posY="-1358.5" posZ="12.3" rotX="0" rotY="0" rotZ="0"></object>
    <object id="object (sm_scrub_rock6) (7)" breakable="true" interior="0" collisions="true" alpha="255" model="758" doublesided="false" scale="1" dimension="0" posX="1926" posY="-1385" posZ="12.3" rotX="0" rotY="0" rotZ="0"></object>
    <object id="object (sm_scrub_rock6) (8)" breakable="true" interior="0" collisions="true" alpha="255" model="758" doublesided="false" scale="1" dimension="0" posX="1927.1" posY="-1389.3" posZ="12.3" rotX="0" rotY="0" rotZ="0"></object>
    <object id="object (sm_scrub_rock6) (9)" breakable="true" interior="0" collisions="true" alpha="255" model="758" doublesided="false" scale="1" dimension="0" posX="1926" posY="-1379.4" posZ="12.3" rotX="0" rotY="0" rotZ="0"></object>
    <object id="object (genVEG_bushy) (2)" breakable="true" interior="0" collisions="true" alpha="255" model="825" doublesided="false" scale="1" dimension="0" posX="1928.9" posY="-1370.9" posZ="13" rotX="0" rotY="0" rotZ="0"></object>
    <object id="object (genVEG_tallgrass11) (6)" breakable="true" interior="0" collisions="true" alpha="255" model="827" doublesided="false" scale="1" dimension="0" posX="1936" posY="-1378.8" posZ="16.4" rotX="0" rotY="0" rotZ="0"></object>
    <object id="object (genVEG_tallgrass11) (7)" breakable="true" interior="0" collisions="true" alpha="255" model="827" doublesided="false" scale="1" dimension="0" posX="1936.1" posY="-1382.3" posZ="16.4" rotX="0" rotY="0" rotZ="0"></object>
    <object id="object (genVEG_tallgrass11) (8)" breakable="true" interior="0" collisions="true" alpha="255" model="827" doublesided="false" scale="1" dimension="0" posX="1934.7" posY="-1356.1" posZ="16.4" rotX="0" rotY="0" rotZ="0"></object>
    <object id="object (genVEG_tallgrass11) (9)" breakable="true" interior="0" collisions="true" alpha="255" model="827" doublesided="false" scale="1" dimension="0" posX="1967.2" posY="-1387.3" posZ="16.2" rotX="0" rotY="0" rotZ="0"></object>
    <object id="object (genVEG_tallgrass10) (3)" breakable="true" interior="0" collisions="true" alpha="255" model="826" doublesided="false" scale="1" dimension="0" posX="1932.4" posY="-1386.8" posZ="14.6" rotX="0" rotY="0" rotZ="0"></object>
    <object id="object (sm_scrub_rock2) (9)" breakable="true" interior="0" collisions="true" alpha="255" model="746" doublesided="false" scale="1" dimension="0" posX="1954.0996" posY="-1401.7998" posZ="12" rotX="0" rotY="0" rotZ="0"></object>
    <object id="object (sm_scrub_rock2) (10)" breakable="true" interior="0" collisions="true" alpha="255" model="746" doublesided="false" scale="1" dimension="0" posX="1951.7998" posY="-1402" posZ="12" rotX="0" rotY="0" rotZ="0"></object>
    <object id="object (sm_scrub_rock2) (11)" breakable="true" interior="0" collisions="true" alpha="255" model="746" doublesided="false" scale="1" dimension="0" posX="1939.3" posY="-1399.3" posZ="12" rotX="0" rotY="0" rotZ="0"></object>
    <object id="object (sm_scrub_rock2) (12)" breakable="true" interior="0" collisions="true" alpha="255" model="746" doublesided="false" scale="1" dimension="0" posX="1943.7002" posY="-1400.7002" posZ="12" rotX="0" rotY="0" rotZ="0"></object>
    <object id="object (genVEG_tallgrass08) (2)" breakable="true" interior="0" collisions="true" alpha="255" model="824" doublesided="false" scale="1" dimension="0" posX="1972.8" posY="-1415.8" posZ="16.2" rotX="0" rotY="0" rotZ="0"></object>
    <object id="object (genVEG_tallgrass08) (3)" breakable="true" interior="0" collisions="true" alpha="255" model="824" doublesided="false" scale="1" dimension="0" posX="1967" posY="-1396.0996" posZ="17.4" rotX="0" rotY="0" rotZ="0"></object>
    <object id="object (genVEG_tallgrass08) (4)" breakable="true" interior="0" collisions="true" alpha="255" model="824" doublesided="false" scale="1" dimension="0" posX="1968.7002" posY="-1400.0996" posZ="17.8" rotX="0" rotY="0" rotZ="0"></object>
    <object id="object (genVEG_tallgrass08) (5)" breakable="true" interior="0" collisions="true" alpha="255" model="824" doublesided="false" scale="1" dimension="0" posX="1970.5" posY="-1404.7998" posZ="17.7" rotX="0" rotY="0" rotZ="0"></object>
    <object id="object (genVEG_tallgrass08) (6)" breakable="true" interior="0" collisions="true" alpha="255" model="824" doublesided="false" scale="1" dimension="0" posX="1962.4004" posY="-1394.9004" posZ="16.9" rotX="0" rotY="0" rotZ="0"></object>
    <object id="object (genVEG_tallgrass08) (7)" breakable="true" interior="0" collisions="true" alpha="255" model="824" doublesided="false" scale="1" dimension="0" posX="1955.2998" posY="-1393.2998" posZ="16.5" rotX="0" rotY="0" rotZ="0"></object>
    <object id="object (genVEG_tallgrass08) (8)" breakable="true" interior="0" collisions="true" alpha="255" model="824" doublesided="false" scale="1" dimension="0" posX="1925.5" posY="-1361.3" posZ="14" rotX="0" rotY="0" rotZ="0"></object>
    <object id="object (genVEG_tallgrass08) (9)" breakable="true" interior="0" collisions="true" alpha="255" model="824" doublesided="false" scale="1" dimension="0" posX="1971.9004" posY="-1410.2002" posZ="17.1" rotX="0" rotY="0" rotZ="0"></object>
    <object id="object (gen_tallgrsnew) (1)" breakable="true" interior="0" collisions="true" alpha="255" model="872" doublesided="false" scale="1" dimension="0" posX="1931" posY="-1394.3" posZ="12.8" rotX="0" rotY="0" rotZ="0"></object>
    <object id="object (gen_tallgrsnew) (2)" breakable="true" interior="0" collisions="true" alpha="255" model="872" doublesided="false" scale="1" dimension="0" posX="1934.2" posY="-1395.1" posZ="12.8" rotX="0" rotY="0" rotZ="0"></object>
    <object id="object (gen_tallgrsnew) (3)" breakable="true" interior="0" collisions="true" alpha="255" model="872" doublesided="false" scale="1" dimension="0" posX="1942.2" posY="-1394.8" posZ="12.8" rotX="0" rotY="0" rotZ="0"></object>
    <object id="object (CJ_BUSH_PROP2) (2)" breakable="true" interior="0" collisions="true" alpha="255" model="1361" doublesided="false" scale="1" dimension="0" posX="1902.3" posY="-1435.2" posZ="13.5" rotX="0" rotY="0" rotZ="0"></object>
    <object id="object (CJ_BUSH_PROP2) (3)" breakable="true" interior="0" collisions="true" alpha="255" model="1361" doublesided="false" scale="1" dimension="0" posX="1907.0996" posY="-1418.2002" posZ="13.6" rotX="0" rotY="0" rotZ="0"></object>
    <object id="object (CJ_BUSH_PROP2) (4)" breakable="true" interior="0" collisions="true" alpha="255" model="1361" doublesided="false" scale="1" dimension="0" posX="1905.2002" posY="-1417.4004" posZ="13.5" rotX="0" rotY="0" rotZ="0"></object>
    <object id="object (CJ_BUSH_PROP2) (5)" breakable="true" interior="0" collisions="true" alpha="255" model="1361" doublesided="false" scale="1" dimension="0" posX="1900" posY="-1435.8" posZ="13.5" rotX="0" rotY="0" rotZ="0"></object>
    <object id="object (CJ_BUSH_PROP2) (6)" breakable="true" interior="0" collisions="true" alpha="255" model="1361" doublesided="false" scale="1" dimension="0" posX="1931.1" posY="-1435" posZ="13.5" rotX="0" rotY="0" rotZ="0"></object>
    <object id="object (CJ_BUSH_PROP2) (7)" breakable="true" interior="0" collisions="true" alpha="255" model="1361" doublesided="false" scale="1" dimension="0" posX="1929.5" posY="-1434.7998" posZ="13.5" rotX="0" rotY="0" rotZ="0"></object>
    <object id="object (CJ_BUSH_PROP2) (8)" breakable="true" interior="0" collisions="true" alpha="255" model="1361" doublesided="false" scale="1" dimension="0" posX="1926.9" posY="-1415.6" posZ="13.3" rotX="0" rotY="0" rotZ="0"></object>
    <object id="object (searock04) (1)" breakable="true" interior="0" collisions="true" alpha="255" model="900" doublesided="false" scale="1" dimension="0" posX="1973.7" posY="-1399.5" posZ="12" rotX="0" rotY="0" rotZ="66"></object>
    <object id="object (searock04) (2)" breakable="true" interior="0" collisions="true" alpha="255" model="900" doublesided="false" scale="1" dimension="0" posX="1976.7" posY="-1412" posZ="12" rotX="0" rotY="0" rotZ="65.995"></object>
    <object id="object (searock01) (1)" breakable="true" interior="0" collisions="true" alpha="255" model="897" doublesided="false" scale="1" dimension="0" posX="1934.9" posY="-1368.2" posZ="16" rotX="0" rotY="0" rotZ="0"></object>
    <object id="object (searock01) (2)" breakable="true" interior="0" collisions="true" alpha="255" model="897" doublesided="false" scale="1" dimension="0" posX="1936.4" posY="-1356.8" posZ="16" rotX="0" rotY="0" rotZ="0"></object>
    <object id="object (searock01) (3)" breakable="true" interior="0" collisions="true" alpha="255" model="897" doublesided="false" scale="1" dimension="0" posX="1939.3" posY="-1388" posZ="16" rotX="0" rotY="0" rotZ="0"></object>
    <object id="object (searock04) (4)" breakable="true" interior="0" collisions="true" alpha="255" model="900" doublesided="false" scale="1" dimension="0" posX="1969.9" posY="-1390" posZ="12" rotX="0" rotY="0" rotZ="0"></object>
    <object id="object (sm_scrb_column1) (5)" breakable="true" interior="0" collisions="true" alpha="255" model="751" doublesided="false" scale="1" dimension="0" posX="1866.3" posY="-1446.7" posZ="12.5" rotX="0" rotY="0" rotZ="0"></object>
    <object id="object (sm_scrb_column1) (6)" breakable="true" interior="0" collisions="true" alpha="255" model="751" doublesided="false" scale="1" dimension="0" posX="1870" posY="-1447.7002" posZ="12.5" rotX="0" rotY="0" rotZ="0"></object>
    <object id="object (sm_scrub_rock2) (13)" breakable="true" interior="0" collisions="true" alpha="255" model="746" doublesided="false" scale="1" dimension="0" posX="1869.5" posY="-1443.2" posZ="12" rotX="0" rotY="0" rotZ="0"></object>
    <object id="object (od_pat_hutb) (1)" breakable="true" interior="0" collisions="true" alpha="255" model="1637" doublesided="false" scale="1" dimension="0" posX="1922.3" posY="-1397.2" posZ="13.6" rotX="0" rotY="0" rotZ="0"></object>
    <object id="object (od_pat_hutb) (2)" breakable="true" interior="0" collisions="true" alpha="255" model="1637" doublesided="false" scale="1" dimension="0" posX="1927.3" posY="-1405.8" posZ="13.6" rotX="0" rotY="0" rotZ="0"></object>
    <object id="object (od_pat_hutb) (3)" breakable="true" interior="0" collisions="true" alpha="255" model="1637" doublesided="false" scale="1" dimension="0" posX="1968.7" posY="-1439" posZ="13.6" rotX="0" rotY="0" rotZ="0"></object>
    <object id="object (od_pat_hutb) (4)" breakable="true" interior="0" collisions="true" alpha="255" model="1637" doublesided="false" scale="1" dimension="0" posX="1971.8" posY="-1446.1" posZ="13.6" rotX="0" rotY="0" rotZ="0"></object>
    <object id="object (od_pat_hutb) (5)" breakable="true" interior="0" collisions="true" alpha="255" model="1637" doublesided="false" scale="1" dimension="0" posX="1917.3" posY="-1447.3" posZ="13.6" rotX="0" rotY="0" rotZ="326"></object>
    <object id="object (kb_chr_tbl_test) (1)" breakable="true" interior="0" collisions="true" alpha="255" model="643" doublesided="false" scale="1" dimension="0" posX="1865.9" posY="-1370" posZ="13" rotX="0" rotY="0" rotZ="0"></object>
    <object id="object (kb_chr_tbl_test) (2)" breakable="true" interior="0" collisions="true" alpha="255" model="643" doublesided="false" scale="1" dimension="0" posX="1871.6" posY="-1371.7" posZ="13" rotX="0" rotY="0" rotZ="0"></object>
    <object id="object (kb_chr_tbl_test) (3)" breakable="true" interior="0" collisions="true" alpha="255" model="643" doublesided="false" scale="1" dimension="0" posX="1868.5996" posY="-1367.0996" posZ="13" rotX="0" rotY="0" rotZ="0"></object>
    <object id="object (kb_chr_tbl_test) (4)" breakable="true" interior="0" collisions="true" alpha="255" model="643" doublesided="false" scale="1" dimension="0" posX="1875.5" posY="-1371.7" posZ="13" rotX="0" rotY="0" rotZ="0"></object>
    <object id="object (kb_chr_tbl_test) (5)" breakable="true" interior="0" collisions="true" alpha="255" model="643" doublesided="false" scale="1" dimension="0" posX="1879.6" posY="-1372" posZ="13" rotX="0" rotY="0" rotZ="0"></object>
    <object id="object (kb_chr_tbl_test) (6)" breakable="true" interior="0" collisions="true" alpha="255" model="643" doublesided="false" scale="1" dimension="0" posX="1877.6" posY="-1375" posZ="13" rotX="0" rotY="0" rotZ="0"></object>
    <object id="object (od_pat_hutb) (6)" breakable="true" interior="0" collisions="true" alpha="255" model="1637" doublesided="false" scale="1" dimension="0" posX="1866" posY="-1409.7" posZ="13.7" rotX="0" rotY="0" rotZ="325.997"></object>
    <object id="object (veg_palm02) (2)" breakable="true" interior="0" collisions="true" alpha="255" model="621" doublesided="false" scale="1" dimension="0" posX="1931" posY="-1384.1" posZ="12" rotX="0" rotY="0" rotZ="179.995"></object>
    <object id="object (veg_palm02) (3)" breakable="true" interior="0" collisions="true" alpha="255" model="621" doublesided="false" scale="1" dimension="0" posX="1968.4" posY="-1392.7" posZ="12" rotX="0" rotY="0" rotZ="179.995"></object>
    <object id="object (veg_palm02) (4)" breakable="true" interior="0" collisions="true" alpha="255" model="621" doublesided="false" scale="1" dimension="0" posX="1973.6" posY="-1353.1" posZ="12" rotX="0" rotY="0" rotZ="179.995"></object>
    <object id="object (veg_palm02) (5)" breakable="true" interior="0" collisions="true" alpha="255" model="621" doublesided="false" scale="1" dimension="0" posX="1973.4" posY="-1407.9" posZ="12" rotX="0" rotY="0" rotZ="179.995"></object>
    <object id="object (des_nt_buntpoles01) (1)" breakable="true" interior="0" collisions="true" alpha="255" model="16448" doublesided="false" scale="1" dimension="0" posX="1952.1" posY="-1425.4" posZ="17.4" rotX="0" rotY="0" rotZ="90.997"></object>
    <object id="object (des_nt_buntpoles01) (3)" breakable="true" interior="0" collisions="true" alpha="255" model="16448" doublesided="false" scale="1" dimension="0" posX="1879.2" posY="-1376.5" posZ="17.4" rotX="0" rotY="0" rotZ="268.994"></object>
    <object id="object (des_nt_buntpoles01) (4)" breakable="true" interior="0" collisions="true" alpha="255" model="16448" doublesided="false" scale="1" dimension="0" posX="1879.9" posY="-1425.3" posZ="17.4" rotX="0" rotY="0" rotZ="268.989"></object>
    <object id="object (des_nt_buntpoles01) (5)" breakable="true" interior="0" collisions="true" alpha="255" model="16448" doublesided="false" scale="1" dimension="0" posX="1888.6" posY="-1367.9" posZ="17.4" rotX="0" rotY="0" rotZ="178.989"></object>
    <object id="object (Streetlamp2) (3)" breakable="true" interior="0" collisions="true" alpha="255" model="1231" doublesided="false" scale="1" dimension="0" posX="1870.2" posY="-1392.8" posZ="15.3" rotX="0" rotY="0" rotZ="0"></object>
    <object id="object (Streetlamp2) (4)" breakable="true" interior="0" collisions="true" alpha="255" model="1231" doublesided="false" scale="1" dimension="0" posX="1894.1" posY="-1391.6" posZ="15.3" rotX="0" rotY="0" rotZ="0"></object>
    <object id="object (Streetlamp2) (5)" breakable="true" interior="0" collisions="true" alpha="255" model="1231" doublesided="false" scale="1" dimension="0" posX="1934.3" posY="-1398.8" posZ="15.3" rotX="0" rotY="0" rotZ="0"></object>
    <object id="object (Streetlamp2) (6)" breakable="true" interior="0" collisions="true" alpha="255" model="1231" doublesided="false" scale="1" dimension="0" posX="1896.9004" posY="-1352.5" posZ="15.2" rotX="0" rotY="0" rotZ="0"></object>
    <object id="object (Streetlamp2) (7)" breakable="true" interior="0" collisions="true" alpha="255" model="1231" doublesided="false" scale="1" dimension="0" posX="1907.2998" posY="-1371.7998" posZ="15.4" rotX="0" rotY="0" rotZ="0"></object>
    <object id="object (lee_Plane07) (2)" breakable="true" interior="0" collisions="true" alpha="255" model="3962" doublesided="false" scale="1" dimension="0" posX="1882.2" posY="-1350.8" posZ="12" rotX="90" rotY="0" rotZ="90"></object>
    <object id="object (lounge_towel_up) (1)" breakable="true" interior="0" collisions="true" alpha="255" model="1646" doublesided="false" scale="1" dimension="0" posX="1864.7998" posY="-1429.4004" posZ="12.9" rotX="0" rotY="0" rotZ="90"></object>
    <object id="object (lounge_towel_up) (2)" breakable="true" interior="0" collisions="true" alpha="255" model="1646" doublesided="false" scale="1" dimension="0" posX="1865.4004" posY="-1425.2998" posZ="12.9" rotX="0" rotY="0" rotZ="100"></object>
    <object id="object (lounge_towel_up) (3)" breakable="true" interior="0" collisions="true" alpha="255" model="1646" doublesided="false" scale="1" dimension="0" posX="1864.4004" posY="-1422.0996" posZ="12.9" rotX="0" rotY="0" rotZ="90"></object>
    <object id="object (lounge_towel_up) (4)" breakable="true" interior="0" collisions="true" alpha="255" model="1646" doublesided="false" scale="1" dimension="0" posX="1866.4" posY="-1438" posZ="12.9" rotX="0" rotY="0" rotZ="110"></object>
    <object id="object (lounge_towel_up) (5)" breakable="true" interior="0" collisions="true" alpha="255" model="1646" doublesided="false" scale="1" dimension="0" posX="1867.5" posY="-1440.7" posZ="12.9" rotX="0" rotY="0" rotZ="130"></object>
    <object id="object (lounge_towel_up) (6)" breakable="true" interior="0" collisions="true" alpha="255" model="1646" doublesided="false" scale="1" dimension="0" posX="1961.3" posY="-1408.7" posZ="12.9" rotX="0" rotY="0" rotZ="0"></object>
    <object id="object (lounge_towel_up) (7)" breakable="true" interior="0" collisions="true" alpha="255" model="1646" doublesided="false" scale="1" dimension="0" posX="1955.2" posY="-1405.5" posZ="12.9" rotX="0" rotY="0" rotZ="0"></object>
    <object id="object (lounge_towel_up) (8)" breakable="true" interior="0" collisions="true" alpha="255" model="1646" doublesided="false" scale="1" dimension="0" posX="1951.3" posY="-1405.4" posZ="12.9" rotX="0" rotY="0" rotZ="0"></object>
    <object id="object (DYN_LIFE_P) (1)" breakable="true" interior="0" collisions="true" alpha="255" model="1461" doublesided="false" scale="1" dimension="0" posX="1957.7" posY="-1404.3" posZ="13.4" rotX="0" rotY="0" rotZ="0"></object>
    <object id="object (beachtowel04) (1)" breakable="true" interior="0" collisions="true" alpha="255" model="1640" doublesided="false" scale="1" dimension="0" posX="1937.3" posY="-1409.8" posZ="12.6" rotX="0" rotY="0" rotZ="0"></object>
    <object id="object (beachtowel03) (1)" breakable="true" interior="0" collisions="true" alpha="255" model="1641" doublesided="false" scale="1" dimension="0" posX="1934.3" posY="-1407.7" posZ="12.6" rotX="0" rotY="0" rotZ="0"></object>
    <object id="object (beachtowel02) (1)" breakable="true" interior="0" collisions="true" alpha="255" model="1642" doublesided="false" scale="1" dimension="0" posX="1937.6" posY="-1406.7" posZ="12.6" rotX="0" rotY="0" rotZ="0"></object>
    <object id="object (beachtowel02) (2)" breakable="true" interior="0" collisions="true" alpha="255" model="1642" doublesided="false" scale="1" dimension="0" posX="1940" posY="-1408" posZ="12.6" rotX="0" rotY="0" rotZ="0"></object>
    <object id="object (beachtowel01) (1)" breakable="true" interior="0" collisions="true" alpha="255" model="1643" doublesided="false" scale="1" dimension="0" posX="1936.1" posY="-1447" posZ="12.5" rotX="0" rotY="0" rotZ="0"></object>
    <object id="object (beachtowel02) (3)" breakable="true" interior="0" collisions="true" alpha="255" model="1642" doublesided="false" scale="1" dimension="0" posX="1930.8" posY="-1447" posZ="12.5" rotX="0" rotY="0" rotZ="0"></object>
    <object id="object (beachtowel01) (2)" breakable="true" interior="0" collisions="true" alpha="255" model="1643" doublesided="false" scale="1" dimension="0" posX="1905.4" posY="-1446.3" posZ="12.5" rotX="0" rotY="0" rotZ="0"></object>
    <object id="object (beachtowel01) (3)" breakable="true" interior="0" collisions="true" alpha="255" model="1643" doublesided="false" scale="1" dimension="0" posX="1903.9" posY="-1445.2" posZ="12.5" rotX="0" rotY="0" rotZ="0"></object>
    <object id="object (CJ_SURF_BOARD2) (1)" breakable="true" interior="0" collisions="true" alpha="255" model="2405" doublesided="false" scale="1" dimension="0" posX="1900.7" posY="-1355.4" posZ="13.7" rotX="0" rotY="0" rotZ="0"></object>
    <object id="object (CJ_SURF_BOARD3) (1)" breakable="true" interior="0" collisions="true" alpha="255" model="2406" doublesided="false" scale="1" dimension="0" posX="1901.3" posY="-1355.5" posZ="13.7" rotX="0" rotY="0" rotZ="0"></object>
    <object id="object (CJ_SURF_BOARD4) (1)" breakable="true" interior="0" collisions="true" alpha="255" model="2410" doublesided="false" scale="1" dimension="0" posX="1900.5" posY="-1355.8" posZ="12.6" rotX="0" rotY="0" rotZ="0"></object>
    <object id="object (des_cranecontrol) (1)" breakable="true" interior="0" collisions="true" alpha="255" model="16337" doublesided="false" scale="1" dimension="0" posX="1895.2" posY="-1352.3" posZ="12.5" rotX="0" rotY="0" rotZ="0"></object>
    <object id="object (lounge_towel_up) (9)" breakable="true" interior="0" collisions="true" alpha="255" model="1646" doublesided="false" scale="1" dimension="0" posX="1890.0996" posY="-1390.7002" posZ="12.9" rotX="0" rotY="0" rotZ="40"></object>
    <object id="object (lounge_towel_up) (10)" breakable="true" interior="0" collisions="true" alpha="255" model="1646" doublesided="false" scale="1" dimension="0" posX="1891.2" posY="-1388.9" posZ="12.9" rotX="0" rotY="0" rotZ="40"></object>
    <object id="object (lounge_towel_up) (11)" breakable="true" interior="0" collisions="true" alpha="255" model="1646" doublesided="false" scale="1" dimension="0" posX="1888.3" posY="-1392.3" posZ="12.9" rotX="0" rotY="0" rotZ="50"></object>
    <object id="object (vgsfountain) (1)" breakable="true" interior="0" collisions="true" alpha="255" model="3515" doublesided="false" scale="1" dimension="0" posX="1883.8" posY="-1362.5" posZ="11.9" rotX="0" rotY="0" rotZ="0"></object>
    <object id="object (kb_chr_tbl_test) (7)" breakable="true" interior="0" collisions="true" alpha="255" model="643" doublesided="false" scale="1" dimension="0" posX="1877.8" posY="-1393.5" posZ="13" rotX="0" rotY="0" rotZ="0"></object>
    <object id="object (kb_chr_tbl_test) (8)" breakable="true" interior="0" collisions="true" alpha="255" model="643" doublesided="false" scale="1" dimension="0" posX="1882.3" posY="-1393.8" posZ="13" rotX="0" rotY="0" rotZ="0"></object>
    <object id="object (Streetlamp2) (8)" breakable="true" interior="0" collisions="true" alpha="255" model="1231" doublesided="false" scale="1" dimension="0" posX="1898.6" posY="-1436" posZ="15.6" rotX="0" rotY="0" rotZ="0"></object>
    <object id="object (Streetlamp2) (9)" breakable="true" interior="0" collisions="true" alpha="255" model="1231" doublesided="false" scale="1" dimension="0" posX="1906.9004" posY="-1416.7998" posZ="15.3" rotX="0" rotY="0" rotZ="0"></object>
    <object id="object (CJ_MLIGHT12) (1)" breakable="true" interior="0" collisions="true" alpha="255" model="3891" doublesided="false" scale="1" dimension="0" posX="1948.9004" posY="-1439.5996" posZ="13.9" rotX="0" rotY="0" rotZ="0"></object>
    <object id="object (baskgamenet) (1)" breakable="true" interior="0" collisions="true" alpha="255" model="3892" doublesided="false" scale="1" dimension="0" posX="1948.9" posY="-1434.8" posZ="13.5" rotX="0" rotY="0" rotZ="0"></object>
    <object id="object (baskgamenet) (2)" breakable="true" interior="0" collisions="true" alpha="255" model="3892" doublesided="false" scale="1" dimension="0" posX="1948.9" posY="-1431.8" posZ="13.5" rotX="0" rotY="0" rotZ="0"></object>
    <object id="object (baskgamenet) (3)" breakable="true" interior="0" collisions="true" alpha="255" model="3892" doublesided="false" scale="1" dimension="0" posX="1948.9" posY="-1428.8" posZ="13.5" rotX="0" rotY="0" rotZ="0"></object>
    <object id="object (baskgamenet) (4)" breakable="true" interior="0" collisions="true" alpha="255" model="3892" doublesided="false" scale="1" dimension="0" posX="1948.9" posY="-1425.8" posZ="13.5" rotX="0" rotY="0" rotZ="0"></object>
    <object id="object (baskgamenet) (5)" breakable="true" interior="0" collisions="true" alpha="255" model="3892" doublesided="false" scale="1" dimension="0" posX="1948.9" posY="-1422.8" posZ="13.5" rotX="0" rotY="0" rotZ="0"></object>
    <object id="object (baskgamenet) (6)" breakable="true" interior="0" collisions="true" alpha="255" model="3892" doublesided="false" scale="1" dimension="0" posX="1948.9" posY="-1419.8" posZ="13.5" rotX="0" rotY="0" rotZ="0"></object>
    <object id="object (baskgamenet) (7)" breakable="true" interior="0" collisions="true" alpha="255" model="3892" doublesided="false" scale="1" dimension="0" posX="1948.9" posY="-1416.8" posZ="13.5" rotX="0" rotY="0" rotZ="0"></object>
    <object id="object (CJ_MLIGHT12) (2)" breakable="true" interior="0" collisions="true" alpha="255" model="3891" doublesided="false" scale="1" dimension="0" posX="1948.9" posY="-1412.1" posZ="13.9" rotX="0" rotY="0" rotZ="180"></object>
    <object id="object (DYN_PORCH_1) (1)" breakable="true" interior="0" alpha="255" model="1472" doublesided="false" scale="1" dimension="0" posX="1949.6" posY="-1409.3" posZ="13.14" rotX="0" rotY="0" rotZ="180"></object>
    <object id="object (DYN_PORCH_1) (2)" breakable="true" interior="0" alpha="255" model="1472" doublesided="false" scale="1" dimension="0" posX="1948.1" posY="-1409.3" posZ="13.14" rotX="0" rotY="0" rotZ="179.995"></object>
    <object id="object (DYN_PORCH_1) (3)" breakable="true" interior="0" alpha="255" model="1472" doublesided="false" scale="1" dimension="0" posX="1948.1" posY="-1442.2" posZ="13.1" rotX="0" rotY="0" rotZ="359.995"></object>
    <object id="object (DYN_PORCH_1) (4)" breakable="true" interior="0" alpha="255" model="1472" doublesided="false" scale="1" dimension="0" posX="1949.6" posY="-1442.2" posZ="13.1" rotX="0" rotY="0" rotZ="359.989"></object>
    <object id="object (DYN_PORCH_1) (5)" breakable="true" interior="0" alpha="255" model="1472" doublesided="false" scale="1" dimension="0" posX="1948.09998" posY="-1408.90002" posZ="12.7" rotX="0" rotY="0" rotZ="180"></object>
    <object id="object (DYN_PORCH_1) (6)" breakable="true" interior="0" alpha="255" model="1472" doublesided="false" scale="1" dimension="0" posX="1949.6" posY="-1408.9" posZ="12.7" rotX="0" rotY="0" rotZ="179.995"></object>
    <object id="object (Streetlamp2) (10)" breakable="true" interior="0" collisions="true" alpha="255" model="1231" doublesided="false" scale="1" dimension="0" posX="1946" posY="-1442.9" posZ="15.3" rotX="0" rotY="0" rotZ="0"></object>
    <object id="object (Streetlamp2) (11)" breakable="true" interior="0" collisions="true" alpha="255" model="1231" doublesided="false" scale="1" dimension="0" posX="1951.7998" posY="-1442.7998" posZ="15.3" rotX="0" rotY="0" rotZ="0"></object>
    <object id="object (Streetlamp2) (12)" breakable="true" interior="0" collisions="true" alpha="255" model="1231" doublesided="false" scale="1" dimension="0" posX="1946" posY="-1408.9" posZ="15.3" rotX="0" rotY="0" rotZ="0"></object>
    <object id="object (Streetlamp2) (13)" breakable="true" interior="0" collisions="true" alpha="255" model="1231" doublesided="false" scale="1" dimension="0" posX="1951.7998" posY="-1408.9004" posZ="15.4" rotX="0" rotY="0" rotZ="0"></object>
    <object id="object (CJ_BUSH_PROP2) (9)" breakable="true" interior="0" collisions="true" alpha="255" model="1361" doublesided="false" scale="1" dimension="0" posX="1929.0996" posY="-1417.2002" posZ="13.5" rotX="0" rotY="0" rotZ="0"></object>
</map>
